Time resolution is 1 ps

[TB] --- Start GALS Test 1: Fire through diagonal links ---
[SB-PRED] t=100000 src=0x0 -> Node11 (VC0) pkt_id=0 len=4
[SB-PRED] t=100000 src=0x3 -> Node00 (VC0) pkt_id=0 len=4
[155000 ns] Node 00 (VC0) rcv: 0x30
[163000 ns] Node 00 (VC0) rcv: 0x31
[175000 ns] Node 11 (VC0) rcv: 0x00
[175000 ns] Node 00 (VC0) rcv: 0x32
[SB-PASS] t=183000 Node00 (VC0) src=0x3 pkt_id=0 len=4 matches prediction
[183000 ns] Node 00 (VC0) rcv: 0x33
[185000 ns] Node 11 (VC0) rcv: 0x01
[195000 ns] Node 11 (VC0) rcv: 0x02
[SB-PASS] t=205000 Node11 (VC0) src=0x0 pkt_id=0 len=4 matches prediction
[205000 ns] Node 11 (VC0) rcv: 0x03
[TB] --- Test 1 Finished ---

[TB] --- Start GALS Test 2: VC Preemption Test (Ambulance vs Truck) ---
[SB-PRED] t=655000 src=0x0 -> Node10 (VC0) pkt_id=1 len=30
[SB-PRED] t=655000 src=0x2 -> Node10 (VC1) pkt_id=0 len=5
[716000 ns] Node 10 (VC0) rcv: 0x00
[724000 ns] Node 10 (VC0) rcv: 0x01
[732000 ns] Node 10 (VC0) rcv: 0x02
[740000 ns] Node 10 (VC0) rcv: 0x03
[748000 ns] Node 10 (VC0) rcv: 0x04
[756000 ns] Node 10 (VC0) rcv: 0x05
[764000 ns] Node 10 (VC0) rcv: 0x06
[772000 ns] Node 10 (VC1) rcv: 0x20
[780000 ns] Node 10 (VC1) rcv: 0x21
[788000 ns] Node 10 (VC1) rcv: 0x22
[796000 ns] Node 10 (VC1) rcv: 0x23
[SB-PASS] t=804000 Node10 (VC1) src=0x2 pkt_id=0 len=5 matches prediction
[804000 ns] Node 10 (VC1) rcv: 0x24
[812000 ns] Node 10 (VC0) rcv: 0x07
[820000 ns] Node 10 (VC0) rcv: 0x08
[828000 ns] Node 10 (VC0) rcv: 0x09
[836000 ns] Node 10 (VC0) rcv: 0x0a
[844000 ns] Node 10 (VC0) rcv: 0x0b
[852000 ns] Node 10 (VC0) rcv: 0x0c
[860000 ns] Node 10 (VC0) rcv: 0x0d
[868000 ns] Node 10 (VC0) rcv: 0x0e
[876000 ns] Node 10 (VC0) rcv: 0x0f
[884000 ns] Node 10 (VC0) rcv: 0x10
[892000 ns] Node 10 (VC0) rcv: 0x11
[900000 ns] Node 10 (VC0) rcv: 0x12
[908000 ns] Node 10 (VC0) rcv: 0x13
[916000 ns] Node 10 (VC0) rcv: 0x14
[924000 ns] Node 10 (VC0) rcv: 0x15
[932000 ns] Node 10 (VC0) rcv: 0x16
[940000 ns] Node 10 (VC0) rcv: 0x17
[948000 ns] Node 10 (VC0) rcv: 0x18
[956000 ns] Node 10 (VC0) rcv: 0x19
[964000 ns] Node 10 (VC0) rcv: 0x1a
[972000 ns] Node 10 (VC0) rcv: 0x1b
[980000 ns] Node 10 (VC0) rcv: 0x1c
[SB-PASS] t=988000 Node10 (VC0) src=0x0 pkt_id=1 len=30 matches prediction
[988000 ns] Node 10 (VC0) rcv: 0x1d

[TB] --- Start GALS Test 1: Fire through diagonal links ---
[SB-PRED] t=100000 src=0x0 -> Node11 (VC0) pkt_id=0 len=4
[SB-PRED] t=100000 src=0x3 -> Node00 (VC0) pkt_id=0 len=4
[155000 ns] Node 00 (VC0) rcv: 0x30
[163000 ns] Node 00 (VC0) rcv: 0x31
[175000 ns] Node 11 (VC0) rcv: 0x00
[175000 ns] Node 00 (VC0) rcv: 0x32
[SB-PASS] t=183000 Node00 (VC0) src=0x3 pkt_id=0 len=4 matches prediction
[183000 ns] Node 00 (VC0) rcv: 0x33
[185000 ns] Node 11 (VC0) rcv: 0x01
[195000 ns] Node 11 (VC0) rcv: 0x02
[SB-PASS] t=205000 Node11 (VC0) src=0x0 pkt_id=0 len=4 matches prediction
[205000 ns] Node 11 (VC0) rcv: 0x03
[TB] --- Test 1 Finished ---

[TB] --- Start GALS Test 2: VC Preemption Test (Ambulance vs Truck) ---
[SB-PRED] t=655000 src=0x0 -> Node10 (VC0) pkt_id=1 len=30
[SB-PRED] t=655000 src=0x2 -> Node10 (VC1) pkt_id=0 len=5
[716000 ns] Node 10 (VC0) rcv: 0x00
[724000 ns] Node 10 (VC0) rcv: 0x01
[732000 ns] Node 10 (VC0) rcv: 0x02
[740000 ns] Node 10 (VC0) rcv: 0x03
[748000 ns] Node 10 (VC0) rcv: 0x04
[756000 ns] Node 10 (VC0) rcv: 0x05
[764000 ns] Node 10 (VC0) rcv: 0x06
[772000 ns] Node 10 (VC1) rcv: 0x20
[780000 ns] Node 10 (VC1) rcv: 0x21
[788000 ns] Node 10 (VC1) rcv: 0x22
[796000 ns] Node 10 (VC1) rcv: 0x23
[SB-PASS] t=804000 Node10 (VC1) src=0x2 pkt_id=0 len=5 matches prediction
[804000 ns] Node 10 (VC1) rcv: 0x24
[812000 ns] Node 10 (VC0) rcv: 0x07
[820000 ns] Node 10 (VC0) rcv: 0x08
[828000 ns] Node 10 (VC0) rcv: 0x09
[836000 ns] Node 10 (VC0) rcv: 0x0a
[844000 ns] Node 10 (VC0) rcv: 0x0b
[852000 ns] Node 10 (VC0) rcv: 0x0c
[860000 ns] Node 10 (VC0) rcv: 0x0d
[868000 ns] Node 10 (VC0) rcv: 0x0e
[876000 ns] Node 10 (VC0) rcv: 0x0f
[884000 ns] Node 10 (VC0) rcv: 0x10
[892000 ns] Node 10 (VC0) rcv: 0x11
[900000 ns] Node 10 (VC0) rcv: 0x12
[908000 ns] Node 10 (VC0) rcv: 0x13
[916000 ns] Node 10 (VC0) rcv: 0x14
[924000 ns] Node 10 (VC0) rcv: 0x15
[932000 ns] Node 10 (VC0) rcv: 0x16
[940000 ns] Node 10 (VC0) rcv: 0x17
[948000 ns] Node 10 (VC0) rcv: 0x18
[956000 ns] Node 10 (VC0) rcv: 0x19
[964000 ns] Node 10 (VC0) rcv: 0x1a
[972000 ns] Node 10 (VC0) rcv: 0x1b
[980000 ns] Node 10 (VC0) rcv: 0x1c
[SB-PASS] t=988000 Node10 (VC0) src=0x0 pkt_id=1 len=30 matches prediction
[988000 ns] Node 10 (VC0) rcv: 0x1d
[TB] --- Test 2 Finished ---


=================================================
 PERFORMANCE REPORT: VC Preemption Test
=================================================
 [Node00 TX] Flits: 30 | Stalls: 4 (1.7%)
 [Node00 RX] Flits: 0 | Stalls: 0 (0.0%)
 [Node10 TX] Flits: 0 | Stalls: 0 (0.0%)
 [Node10 RX] Flits: 35 | Stalls: 0 (0.0%)
 [Node01 TX] Flits: 5 | Stalls: 0 (0.0%)
 [Node01 RX] Flits: 0 | Stalls: 0 (0.0%)
 [Node11 TX] Flits: 0 | Stalls: 0 (0.0%)
 [Node11 RX] Flits: 0 | Stalls: 0 (0.0%)
=================================================


=================================================
 SCOREBOARD REPORT (All Nodes, transaction-level)
=================================================
 [Node00] Matched: 1 | Mismatched: 0 | Pending: 0
 [Node10] Matched: 2 | Mismatched: 0 | Pending: 0
 [Node01] Matched: 0 | Mismatched: 0 | Pending: 0
 [Node11] Matched: 1 | Mismatched: 0 | Pending: 0
-------------------------------------------------
 TOTAL: Matched=4 Mismatched=0 Pending=0
=================================================


[TB] --- Start GALS Test 3: Random All-to-All Traffic with VCs ---
[SB-PRED] t=1138000 src=0x2 -> Node11 (VC0) pkt_id=1 len=14
[SB-PRED] t=1142000 src=0x3 -> Node10 (VC1) pkt_id=1 len=9
[SB-PRED] t=1159000 src=0x1 -> Node00 (VC1) pkt_id=0 len=13
[SB-PRED] t=1167000 src=0x0 -> Node10 (VC1) pkt_id=2 len=19
[1207000 ns] Node 00 (VC1) rcv: 0x10
[SB-PRED] t=1214000 src=0x0 -> Node01 (VC0) pkt_id=3 len=18
[1215000 ns] Node 11 (VC0) rcv: 0x20
[1215000 ns] Node 00 (VC1) rcv: 0x11
[SB-PRED] t=1219000 src=0x2 -> Node00 (VC1) pkt_id=2 len=18
[1220000 ns] Node 10 (VC1) rcv: 0x30
[1223000 ns] Node 00 (VC1) rcv: 0x12
[1225000 ns] Node 11 (VC0) rcv: 0x21
[1228000 ns] Node 10 (VC1) rcv: 0x31
[1231000 ns] Node 00 (VC1) rcv: 0x13
[1235000 ns] Node 11 (VC0) rcv: 0x22
[1236000 ns] Node 10 (VC1) rcv: 0x32
[1239000 ns] Node 00 (VC1) rcv: 0x14
[1244000 ns] Node 10 (VC1) rcv: 0x33
[1245000 ns] Node 11 (VC0) rcv: 0x23
[1247000 ns] Node 00 (VC1) rcv: 0x15
[1255000 ns] Node 11 (VC0) rcv: 0x24
[1255000 ns] Node 00 (VC1) rcv: 0x16
[1260000 ns] Node 10 (VC1) rcv: 0x34
[1263000 ns] Node 00 (VC1) rcv: 0x17
[1265000 ns] Node 11 (VC0) rcv: 0x25
[1268000 ns] Node 10 (VC1) rcv: 0x35
[SB-PRED] t=1271000 src=0x3 -> Node00 (VC0) pkt_id=2 len=19
[SB-PRED] t=1271000 src=0x0 -> Node10 (VC0) pkt_id=4 len=18
[1271000 ns] Node 00 (VC1) rcv: 0x18
[1275000 ns] Node 11 (VC0) rcv: 0x26
[SB-PRED] t=1276000 src=0x1 -> Node00 (VC0) pkt_id=1 len=20
[1276000 ns] Node 10 (VC1) rcv: 0x36
[1279000 ns] Node 00 (VC1) rcv: 0x19
[1283000 ns] Node 01 (VC0) rcv: 0x00
[SB-PRED] t=1284000 src=0x2 -> Node11 (VC1) pkt_id=3 len=20
[1284000 ns] Node 10 (VC1) rcv: 0x37
[1285000 ns] Node 11 (VC0) rcv: 0x27
[1287000 ns] Node 00 (VC1) rcv: 0x1a
[1289000 ns] Node 01 (VC0) rcv: 0x01
[1292000 ns] Node 01 (VC0) rcv: 0x02
[1295000 ns] Node 01 (VC0) rcv: 0x03
[1295000 ns] Node 11 (VC0) rcv: 0x28
[1295000 ns] Node 00 (VC1) rcv: 0x1b
[SB-PASS] t=1300000 Node10 (VC1) src=0x3 pkt_id=1 len=9 matches prediction
[1300000 ns] Node 10 (VC1) rcv: 0x38
[1301000 ns] Node 01 (VC0) rcv: 0x04
[SB-PASS] t=1303000 Node00 (VC1) src=0x1 pkt_id=0 len=13 matches prediction
[1303000 ns] Node 00 (VC1) rcv: 0x1c
[1304000 ns] Node 01 (VC0) rcv: 0x05
[1305000 ns] Node 11 (VC0) rcv: 0x29
[1307000 ns] Node 01 (VC0) rcv: 0x06
[1307000 ns] Node 00 (VC1) rcv: 0x20
[1308000 ns] Node 10 (VC1) rcv: 0x00
[1311000 ns] Node 00 (VC1) rcv: 0x21
[1313000 ns] Node 01 (VC0) rcv: 0x07
[1315000 ns] Node 11 (VC0) rcv: 0x2a
[1315000 ns] Node 00 (VC1) rcv: 0x22
[1316000 ns] Node 01 (VC0) rcv: 0x08
[1316000 ns] Node 10 (VC1) rcv: 0x01
[1319000 ns] Node 01 (VC0) rcv: 0x09
[1319000 ns] Node 00 (VC1) rcv: 0x23
[1323000 ns] Node 00 (VC1) rcv: 0x24
[1324000 ns] Node 10 (VC1) rcv: 0x02
[1325000 ns] Node 01 (VC0) rcv: 0x0a
[1325000 ns] Node 11 (VC0) rcv: 0x2b
[1327000 ns] Node 00 (VC1) rcv: 0x25
[1328000 ns] Node 01 (VC0) rcv: 0x0b
[1331000 ns] Node 01 (VC0) rcv: 0x0c
[1331000 ns] Node 00 (VC1) rcv: 0x26
[1332000 ns] Node 10 (VC1) rcv: 0x03
[1335000 ns] Node 11 (VC0) rcv: 0x2c
[1335000 ns] Node 00 (VC1) rcv: 0x27
[1337000 ns] Node 01 (VC0) rcv: 0x0d
[1339000 ns] Node 00 (VC1) rcv: 0x28
[1340000 ns] Node 01 (VC0) rcv: 0x0e
[1340000 ns] Node 10 (VC1) rcv: 0x04
[1343000 ns] Node 01 (VC0) rcv: 0x0f
[1343000 ns] Node 00 (VC1) rcv: 0x29
[SB-PASS] t=1345000 Node11 (VC0) src=0x2 pkt_id=1 len=14 matches prediction
[1345000 ns] Node 11 (VC0) rcv: 0x2d
[1347000 ns] Node 00 (VC1) rcv: 0x2a
[1348000 ns] Node 10 (VC1) rcv: 0x05
[1349000 ns] Node 01 (VC0) rcv: 0x10
[1351000 ns] Node 00 (VC1) rcv: 0x2b
[SB-PASS] t=1352000 Node01 (VC0) src=0x0 pkt_id=3 len=18 matches prediction
[1352000 ns] Node 01 (VC0) rcv: 0x11
[1355000 ns] Node 00 (VC1) rcv: 0x2c
[1356000 ns] Node 10 (VC1) rcv: 0x06
[1359000 ns] Node 00 (VC1) rcv: 0x2d
[1363000 ns] Node 00 (VC1) rcv: 0x2e
[1364000 ns] Node 10 (VC1) rcv: 0x07
[1365000 ns] Node 11 (VC1) rcv: 0x20
[1367000 ns] Node 00 (VC1) rcv: 0x2f
[1371000 ns] Node 00 (VC1) rcv: 0x30
[SB-PRED] t=1372000 src=0x0 -> Node01 (VC0) pkt_id=5 len=4
[1372000 ns] Node 10 (VC1) rcv: 0x08
[1375000 ns] Node 11 (VC1) rcv: 0x21
[SB-PASS] t=1375000 Node00 (VC1) src=0x2 pkt_id=2 len=18 matches prediction
[1375000 ns] Node 00 (VC1) rcv: 0x31
[SB-PRED] t=1379000 src=0x2 -> Node10 (VC0) pkt_id=4 len=18
[1379000 ns] Node 00 (VC0) rcv: 0x10
[1380000 ns] Node 10 (VC1) rcv: 0x09
[1383000 ns] Node 00 (VC0) rcv: 0x11
[1385000 ns] Node 11 (VC1) rcv: 0x22
[1387000 ns] Node 00 (VC0) rcv: 0x12
[1388000 ns] Node 10 (VC1) rcv: 0x0a
[1391000 ns] Node 00 (VC0) rcv: 0x13
[1395000 ns] Node 11 (VC1) rcv: 0x23
[1395000 ns] Node 00 (VC0) rcv: 0x14
[1396000 ns] Node 10 (VC1) rcv: 0x0b
[1399000 ns] Node 00 (VC0) rcv: 0x15
[1403000 ns] Node 00 (VC0) rcv: 0x16
[1404000 ns] Node 10 (VC1) rcv: 0x0c
[1405000 ns] Node 11 (VC1) rcv: 0x24
[1407000 ns] Node 00 (VC0) rcv: 0x17
[1411000 ns] Node 00 (VC0) rcv: 0x18
[1412000 ns] Node 10 (VC1) rcv: 0x0d
[1415000 ns] Node 11 (VC1) rcv: 0x25
[1415000 ns] Node 00 (VC0) rcv: 0x19
[1419000 ns] Node 00 (VC0) rcv: 0x1a
[1420000 ns] Node 10 (VC1) rcv: 0x0e
[1423000 ns] Node 00 (VC0) rcv: 0x1b
[1425000 ns] Node 11 (VC1) rcv: 0x26
[1427000 ns] Node 01 (VC0) rcv: 0x00
[1427000 ns] Node 00 (VC0) rcv: 0x1c
[1428000 ns] Node 10 (VC1) rcv: 0x0f
[1431000 ns] Node 00 (VC0) rcv: 0x1d
[1433000 ns] Node 01 (VC0) rcv: 0x01
[1435000 ns] Node 11 (VC1) rcv: 0x27
[1435000 ns] Node 00 (VC0) rcv: 0x1e
[1436000 ns] Node 01 (VC0) rcv: 0x02
[1436000 ns] Node 10 (VC1) rcv: 0x10
[SB-PASS] t=1439000 Node01 (VC0) src=0x0 pkt_id=5 len=4 matches prediction
[1439000 ns] Node 01 (VC0) rcv: 0x03
[1439000 ns] Node 00 (VC0) rcv: 0x1f
[1444000 ns] Node 10 (VC1) rcv: 0x11
[1445000 ns] Node 11 (VC1) rcv: 0x28
[1447000 ns] Node 00 (VC0) rcv: 0x20
[SB-PRED] t=1448000 src=0x1 -> Node11 (VC1) pkt_id=2 len=5
[SB-PASS] t=1452000 Node10 (VC1) src=0x0 pkt_id=2 len=19 matches prediction
[1452000 ns] Node 10 (VC1) rcv: 0x12
[1455000 ns] Node 11 (VC1) rcv: 0x29
[1455000 ns] Node 00 (VC0) rcv: 0x21
[1460000 ns] Node 10 (VC0) rcv: 0x00
[1463000 ns] Node 00 (VC0) rcv: 0x22
[1465000 ns] Node 11 (VC1) rcv: 0x2a
[1468000 ns] Node 10 (VC0) rcv: 0x01
[SB-PASS] t=1471000 Node00 (VC0) src=0x1 pkt_id=1 len=20 matches prediction
[1471000 ns] Node 00 (VC0) rcv: 0x23
[1475000 ns] Node 11 (VC1) rcv: 0x2b
[1475000 ns] Node 00 (VC0) rcv: 0x30
[1476000 ns] Node 10 (VC0) rcv: 0x02
[1479000 ns] Node 00 (VC0) rcv: 0x31
[1483000 ns] Node 00 (VC0) rcv: 0x32
[1484000 ns] Node 10 (VC0) rcv: 0x03
[1485000 ns] Node 11 (VC1) rcv: 0x2c
[1487000 ns] Node 00 (VC0) rcv: 0x33
[1491000 ns] Node 00 (VC0) rcv: 0x34
[1492000 ns] Node 10 (VC0) rcv: 0x04
[1495000 ns] Node 11 (VC1) rcv: 0x2d
[1495000 ns] Node 00 (VC0) rcv: 0x35
[SB-PRED] t=1497000 src=0x3 -> Node00 (VC1) pkt_id=3 len=16
[1499000 ns] Node 00 (VC0) rcv: 0x36
[SB-PRED] t=1500000 src=0x1 -> Node00 (VC1) pkt_id=3 len=9
[1500000 ns] Node 10 (VC0) rcv: 0x05
[1503000 ns] Node 00 (VC0) rcv: 0x37
[1505000 ns] Node 11 (VC1) rcv: 0x2e
[1507000 ns] Node 00 (VC0) rcv: 0x38
[1508000 ns] Node 10 (VC0) rcv: 0x06
[1511000 ns] Node 00 (VC0) rcv: 0x39
[1515000 ns] Node 11 (VC1) rcv: 0x2f
[1515000 ns] Node 00 (VC0) rcv: 0x3a
[1516000 ns] Node 10 (VC0) rcv: 0x07
[1519000 ns] Node 00 (VC0) rcv: 0x3b
[1523000 ns] Node 00 (VC0) rcv: 0x3c
[1524000 ns] Node 10 (VC0) rcv: 0x08
[1525000 ns] Node 11 (VC1) rcv: 0x30
[1527000 ns] Node 00 (VC0) rcv: 0x3d
[1531000 ns] Node 00 (VC0) rcv: 0x3e
[1532000 ns] Node 10 (VC0) rcv: 0x09
[1535000 ns] Node 11 (VC1) rcv: 0x31
[1535000 ns] Node 00 (VC0) rcv: 0x3f
[1539000 ns] Node 00 (VC0) rcv: 0x40
[1540000 ns] Node 10 (VC0) rcv: 0x0a
[1543000 ns] Node 00 (VC1) rcv: 0x10
[1545000 ns] Node 11 (VC1) rcv: 0x32
[1548000 ns] Node 10 (VC0) rcv: 0x0b
[1551000 ns] Node 00 (VC1) rcv: 0x11
[SB-PASS] t=1555000 Node11 (VC1) src=0x2 pkt_id=3 len=20 matches prediction
[1555000 ns] Node 11 (VC1) rcv: 0x33
[1556000 ns] Node 10 (VC0) rcv: 0x0c
[1559000 ns] Node 00 (VC1) rcv: 0x12
[1564000 ns] Node 10 (VC0) rcv: 0x0d
[1565000 ns] Node 11 (VC1) rcv: 0x10
[1567000 ns] Node 00 (VC1) rcv: 0x13
[1572000 ns] Node 10 (VC0) rcv: 0x0e
[1575000 ns] Node 11 (VC1) rcv: 0x11
[1575000 ns] Node 00 (VC1) rcv: 0x14
[1580000 ns] Node 10 (VC0) rcv: 0x0f
[1583000 ns] Node 00 (VC1) rcv: 0x15
[1585000 ns] Node 11 (VC1) rcv: 0x12
[1588000 ns] Node 10 (VC0) rcv: 0x10
[1591000 ns] Node 00 (VC1) rcv: 0x16
[1595000 ns] Node 11 (VC1) rcv: 0x13
[SB-PASS] t=1596000 Node10 (VC0) src=0x0 pkt_id=4 len=18 matches prediction
[1596000 ns] Node 10 (VC0) rcv: 0x11
[1599000 ns] Node 00 (VC1) rcv: 0x17
[1604000 ns] Node 10 (VC0) rcv: 0x20
[SB-PASS] t=1605000 Node11 (VC1) src=0x1 pkt_id=2 len=5 matches prediction
[1605000 ns] Node 11 (VC1) rcv: 0x14
[SB-PASS] t=1607000 Node00 (VC1) src=0x1 pkt_id=3 len=9 matches prediction
[1607000 ns] Node 00 (VC1) rcv: 0x18
[1611000 ns] Node 00 (VC1) rcv: 0x30
[1612000 ns] Node 10 (VC0) rcv: 0x21
[1615000 ns] Node 00 (VC1) rcv: 0x31
[1619000 ns] Node 00 (VC1) rcv: 0x32
[1620000 ns] Node 10 (VC0) rcv: 0x22
[1623000 ns] Node 00 (VC1) rcv: 0x33
[1627000 ns] Node 00 (VC1) rcv: 0x34
[1628000 ns] Node 10 (VC0) rcv: 0x23
[1631000 ns] Node 00 (VC1) rcv: 0x35
[1635000 ns] Node 00 (VC1) rcv: 0x36
[1636000 ns] Node 10 (VC0) rcv: 0x24
[1639000 ns] Node 00 (VC1) rcv: 0x37
[1643000 ns] Node 00 (VC1) rcv: 0x38
[1644000 ns] Node 10 (VC0) rcv: 0x25
[1647000 ns] Node 00 (VC1) rcv: 0x39
[1652000 ns] Node 10 (VC0) rcv: 0x26
[1655000 ns] Node 00 (VC1) rcv: 0x3a
[1660000 ns] Node 10 (VC0) rcv: 0x27
[1663000 ns] Node 00 (VC1) rcv: 0x3b
[1668000 ns] Node 10 (VC0) rcv: 0x28
[1675000 ns] Node 00 (VC1) rcv: 0x3c
[1676000 ns] Node 10 (VC0) rcv: 0x29
[1683000 ns] Node 00 (VC1) rcv: 0x3d
[1684000 ns] Node 10 (VC0) rcv: 0x2a
[1692000 ns] Node 10 (VC0) rcv: 0x2b
[1695000 ns] Node 00 (VC1) rcv: 0x3e
[SB-PRED] t=1696000 src=0x3 -> Node00 (VC1) pkt_id=4 len=15
[1700000 ns] Node 10 (VC0) rcv: 0x2c
[SB-PASS] t=1703000 Node00 (VC1) src=0x3 pkt_id=3 len=16 matches prediction
[1703000 ns] Node 00 (VC1) rcv: 0x3f
[1707000 ns] Node 00 (VC0) rcv: 0x41
[1708000 ns] Node 10 (VC0) rcv: 0x2d
[SB-PASS] t=1711000 Node00 (VC0) src=0x3 pkt_id=2 len=19 matches prediction
[1711000 ns] Node 00 (VC0) rcv: 0x42
[1716000 ns] Node 10 (VC0) rcv: 0x2e
[1724000 ns] Node 10 (VC0) rcv: 0x2f
[1732000 ns] Node 10 (VC0) rcv: 0x30
[SB-PASS] t=1740000 Node10 (VC0) src=0x2 pkt_id=4 len=18 matches prediction
[1740000 ns] Node 10 (VC0) rcv: 0x31
[1755000 ns] Node 00 (VC1) rcv: 0x30
[1763000 ns] Node 00 (VC1) rcv: 0x31
[1775000 ns] Node 00 (VC1) rcv: 0x32
[1783000 ns] Node 00 (VC1) rcv: 0x33
[1795000 ns] Node 00 (VC1) rcv: 0x34
[1803000 ns] Node 00 (VC1) rcv: 0x35
[1815000 ns] Node 00 (VC1) rcv: 0x36
[1823000 ns] Node 00 (VC1) rcv: 0x37
[1835000 ns] Node 00 (VC1) rcv: 0x38
[1843000 ns] Node 00 (VC1) rcv: 0x39
[1855000 ns] Node 00 (VC1) rcv: 0x3a
[1863000 ns] Node 00 (VC1) rcv: 0x3b
[1875000 ns] Node 00 (VC1) rcv: 0x3c
[1883000 ns] Node 00 (VC1) rcv: 0x3d
[SB-PASS] t=1895000 Node00 (VC1) src=0x3 pkt_id=4 len=15 matches prediction
[1895000 ns] Node 00 (VC1) rcv: 0x3e
[TB] --- Test 3 Finished ---


=================================================
 PERFORMANCE REPORT: Random All-to-All Traffic
=================================================
 [Node00 TX] Flits: 59 | Stalls: 14 (2.1%)
 [Node00 RX] Flits: 110 | Stalls: 0 (0.0%)
 [Node10 TX] Flits: 47 | Stalls: 0 (0.0%)
 [Node10 RX] Flits: 64 | Stalls: 0 (0.0%)
 [Node01 TX] Flits: 70 | Stalls: 0 (0.0%)
 [Node01 RX] Flits: 22 | Stalls: 0 (0.0%)
 [Node11 TX] Flits: 59 | Stalls: 0 (0.0%)
 [Node11 RX] Flits: 39 | Stalls: 0 (0.0%)
=================================================


=================================================
 SCOREBOARD REPORT (All Nodes, transaction-level)
=================================================
 [Node00] Matched: 8 | Mismatched: 0 | Pending: 0
 [Node10] Matched: 6 | Mismatched: 0 | Pending: 0
 [Node01] Matched: 2 | Mismatched: 0 | Pending: 0
 [Node11] Matched: 4 | Mismatched: 0 | Pending: 0
-------------------------------------------------
 TOTAL: Matched=20 Mismatched=0 Pending=0
=================================================

[TB] --- Test 3 Finished ---


=================================================
 PERFORMANCE REPORT: Random All-to-All Traffic
=================================================
 [Node00 TX] Flits: 59 | Stalls: 14 (2.1%)
 [Node00 RX] Flits: 110 | Stalls: 0 (0.0%)
 [Node10 TX] Flits: 47 | Stalls: 0 (0.0%)
 [Node10 RX] Flits: 64 | Stalls: 0 (0.0%)
 [Node01 TX] Flits: 70 | Stalls: 0 (0.0%)
 [Node01 RX] Flits: 22 | Stalls: 0 (0.0%)
 [Node11 TX] Flits: 59 | Stalls: 0 (0.0%)
 [Node11 RX] Flits: 39 | Stalls: 0 (0.0%)
=================================================


=================================================
 SCOREBOARD REPORT (All Nodes, transaction-level)
=================================================
 [Node00] Matched: 8 | Mismatched: 0 | Pending: 0
 [Node10] Matched: 6 | Mismatched: 0 | Pending: 0
 [Node01] Matched: 2 | Mismatched: 0 | Pending: 0
 [Node11] Matched: 4 | Mismatched: 0 | Pending: 0
-------------------------------------------------
 TOTAL: Matched=20 Mismatched=0 Pending=0
=================================================


[TB] --- Start GALS Test 4: Multi-Port Contention (Fairness Test) ---
[SB-PRED] t=2465000 src=0x0 -> Node10 (VC0) pkt_id=6 len=20
[SB-PRED] t=2465000 src=0x2 -> Node10 (VC0) pkt_id=5 len=20
[SB-PRED] t=2465000 src=0x3 -> Node10 (VC0) pkt_id=5 len=20
[2532000 ns] Node 10 (VC0) rcv: 0x00
[2540000 ns] Node 10 (VC0) rcv: 0x01
[2548000 ns] Node 10 (VC0) rcv: 0x02
[2556000 ns] Node 10 (VC0) rcv: 0x03
[2564000 ns] Node 10 (VC0) rcv: 0x04
[2572000 ns] Node 10 (VC0) rcv: 0x05
[2580000 ns] Node 10 (VC0) rcv: 0x06
[2588000 ns] Node 10 (VC0) rcv: 0x07
[2596000 ns] Node 10 (VC0) rcv: 0x08
[2604000 ns] Node 10 (VC0) rcv: 0x09
[2612000 ns] Node 10 (VC0) rcv: 0x0a
[2620000 ns] Node 10 (VC0) rcv: 0x0b
[2628000 ns] Node 10 (VC0) rcv: 0x0c
[2636000 ns] Node 10 (VC0) rcv: 0x0d
[2644000 ns] Node 10 (VC0) rcv: 0x0e
[2652000 ns] Node 10 (VC0) rcv: 0x0f
[2660000 ns] Node 10 (VC0) rcv: 0x10
[2668000 ns] Node 10 (VC0) rcv: 0x11
[2676000 ns] Node 10 (VC0) rcv: 0x12
[SB-PASS] t=2684000 Node10 (VC0) src=0x0 pkt_id=6 len=20 matches prediction
[2684000 ns] Node 10 (VC0) rcv: 0x13
[2692000 ns] Node 10 (VC0) rcv: 0x30
[2700000 ns] Node 10 (VC0) rcv: 0x31
[2708000 ns] Node 10 (VC0) rcv: 0x32
[2716000 ns] Node 10 (VC0) rcv: 0x33
[2724000 ns] Node 10 (VC0) rcv: 0x34
[2732000 ns] Node 10 (VC0) rcv: 0x35
[2740000 ns] Node 10 (VC0) rcv: 0x36
[2748000 ns] Node 10 (VC0) rcv: 0x37
[2756000 ns] Node 10 (VC0) rcv: 0x38
[2764000 ns] Node 10 (VC0) rcv: 0x39
[2772000 ns] Node 10 (VC0) rcv: 0x3a
[2780000 ns] Node 10 (VC0) rcv: 0x3b
[2788000 ns] Node 10 (VC0) rcv: 0x3c
[2796000 ns] Node 10 (VC0) rcv: 0x3d
[2804000 ns] Node 10 (VC0) rcv: 0x3e
[2812000 ns] Node 10 (VC0) rcv: 0x3f
[2820000 ns] Node 10 (VC0) rcv: 0x40
[2828000 ns] Node 10 (VC0) rcv: 0x41
[2836000 ns] Node 10 (VC0) rcv: 0x42
[SB-PASS] t=2844000 Node10 (VC0) src=0x3 pkt_id=5 len=20 matches prediction
[2844000 ns] Node 10 (VC0) rcv: 0x43
[2852000 ns] Node 10 (VC0) rcv: 0x20
[2860000 ns] Node 10 (VC0) rcv: 0x21
[2868000 ns] Node 10 (VC0) rcv: 0x22
[2876000 ns] Node 10 (VC0) rcv: 0x23
[2884000 ns] Node 10 (VC0) rcv: 0x24
[2892000 ns] Node 10 (VC0) rcv: 0x25
[2900000 ns] Node 10 (VC0) rcv: 0x26
[2908000 ns] Node 10 (VC0) rcv: 0x27
[2916000 ns] Node 10 (VC0) rcv: 0x28
[2924000 ns] Node 10 (VC0) rcv: 0x29
[2932000 ns] Node 10 (VC0) rcv: 0x2a
[2940000 ns] Node 10 (VC0) rcv: 0x2b
[2948000 ns] Node 10 (VC0) rcv: 0x2c
[2956000 ns] Node 10 (VC0) rcv: 0x2d
[2964000 ns] Node 10 (VC0) rcv: 0x2e
[2972000 ns] Node 10 (VC0) rcv: 0x2f
[2980000 ns] Node 10 (VC0) rcv: 0x30
[2988000 ns] Node 10 (VC0) rcv: 0x31
[2996000 ns] Node 10 (VC0) rcv: 0x32
[SB-PASS] t=3004000 Node10 (VC0) src=0x2 pkt_id=5 len=20 matches prediction
[3004000 ns] Node 10 (VC0) rcv: 0x33
[TB] --- Test 4 Finished ---


=================================================
 PERFORMANCE REPORT: Multi-Port Contention (Fairness Test)
=================================================
 [Node00 TX] Flits: 20 | Stalls: 0 (0.0%)
 [Node00 RX] Flits: 0 | Stalls: 0 (0.0%)
 [Node10 TX] Flits: 0 | Stalls: 0 (0.0%)
 [Node10 RX] Flits: 60 | Stalls: 0 (0.0%)
 [Node01 TX] Flits: 20 | Stalls: 0 (0.0%)
 [Node01 RX] Flits: 0 | Stalls: 0 (0.0%)
 [Node11 TX] Flits: 20 | Stalls: 0 (0.0%)
 [Node11 RX] Flits: 0 | Stalls: 0 (0.0%)
=================================================


=================================================
 SCOREBOARD REPORT (All Nodes, transaction-level)
=================================================
 [Node00] Matched: 8 | Mismatched: 0 | Pending: 0
 [Node10] Matched: 9 | Mismatched: 0 | Pending: 0
 [Node01] Matched: 2 | Mismatched: 0 | Pending: 0
 [Node11] Matched: 4 | Mismatched: 0 | Pending: 0
-------------------------------------------------
 TOTAL: Matched=23 Mismatched=0 Pending=0
=================================================


[TB] --- Start GALS Test 5: Starvation Override Proof (VC1 Flood vs VC0) ---
[SB-PRED] t=3275000 src=0x0 -> Node10 (VC0) pkt_id=7 len=50
[SB-PRED] t=3295000 src=0x2 -> Node10 (VC1) pkt_id=6 len=15
[3340000 ns] Node 10 (VC0) rcv: 0x00
[SB-PRED] t=3341000 src=0x2 -> Node10 (VC1) pkt_id=7 len=15
[3348000 ns] Node 10 (VC0) rcv: 0x01
[3356000 ns] Node 10 (VC0) rcv: 0x02
[3364000 ns] Node 10 (VC1) rcv: 0x20
[3372000 ns] Node 10 (VC1) rcv: 0x21
[3380000 ns] Node 10 (VC1) rcv: 0x22
[3388000 ns] Node 10 (VC1) rcv: 0x23
[SB-PRED] t=3389000 src=0x2 -> Node10 (VC1) pkt_id=8 len=15
[3396000 ns] Node 10 (VC1) rcv: 0x24
[3404000 ns] Node 10 (VC1) rcv: 0x25
[3412000 ns] Node 10 (VC1) rcv: 0x26
[3420000 ns] Node 10 (VC1) rcv: 0x27
[3428000 ns] Node 10 (VC1) rcv: 0x28
[3436000 ns] Node 10 (VC1) rcv: 0x29
[SB-PRED] t=3437000 src=0x2 -> Node10 (VC1) pkt_id=9 len=15
[3444000 ns] Node 10 (VC1) rcv: 0x2a
[3452000 ns] Node 10 (VC1) rcv: 0x2b
[3460000 ns] Node 10 (VC1) rcv: 0x2c
[3468000 ns] Node 10 (VC1) rcv: 0x2d
[SB-PASS] t=3476000 Node10 (VC1) src=0x2 pkt_id=6 len=15 matches prediction
[3476000 ns] Node 10 (VC1) rcv: 0x2e
[3484000 ns] Node 10 (VC1) rcv: 0x20
[SB-PRED] t=3491000 src=0x2 -> Node10 (VC1) pkt_id=10 len=15
[3492000 ns] Node 10 (VC1) rcv: 0x21
[3500000 ns] Node 10 (VC1) rcv: 0x22
[3508000 ns] Node 10 (VC1) rcv: 0x23
[3516000 ns] Node 10 (VC1) rcv: 0x24
[3524000 ns] Node 10 (VC1) rcv: 0x25
[3532000 ns] Node 10 (VC1) rcv: 0x26
[3540000 ns] Node 10 (VC1) rcv: 0x27
[3548000 ns] Node 10 (VC1) rcv: 0x28
[SB-PRED] t=3551000 src=0x2 -> Node10 (VC1) pkt_id=11 len=15
[3556000 ns] Node 10 (VC1) rcv: 0x29
[3564000 ns] Node 10 (VC1) rcv: 0x2a
[3572000 ns] Node 10 (VC1) rcv: 0x2b
[3580000 ns] Node 10 (VC1) rcv: 0x2c
[3588000 ns] Node 10 (VC1) rcv: 0x2d
[SB-PASS] t=3596000 Node10 (VC1) src=0x2 pkt_id=7 len=15 matches prediction
[3596000 ns] Node 10 (VC1) rcv: 0x2e
[3604000 ns] Node 10 (VC1) rcv: 0x20
[SB-PRED] t=3611000 src=0x2 -> Node10 (VC1) pkt_id=12 len=15
[3612000 ns] Node 10 (VC1) rcv: 0x21
[3620000 ns] Node 10 (VC1) rcv: 0x22
[3628000 ns] Node 10 (VC1) rcv: 0x23
[3636000 ns] Node 10 (VC1) rcv: 0x24
[3644000 ns] Node 10 (VC1) rcv: 0x25
[3652000 ns] Node 10 (VC1) rcv: 0x26
[3660000 ns] Node 10 (VC1) rcv: 0x27
[3668000 ns] Node 10 (VC1) rcv: 0x28
[SB-PRED] t=3671000 src=0x2 -> Node10 (VC1) pkt_id=13 len=15
[3676000 ns] Node 10 (VC1) rcv: 0x29
[3684000 ns] Node 10 (VC1) rcv: 0x2a
[3692000 ns] Node 10 (VC1) rcv: 0x2b
[3700000 ns] Node 10 (VC1) rcv: 0x2c
[3708000 ns] Node 10 (VC1) rcv: 0x2d
[SB-PASS] t=3716000 Node10 (VC1) src=0x2 pkt_id=8 len=15 matches prediction
[3716000 ns] Node 10 (VC1) rcv: 0x2e
[3724000 ns] Node 10 (VC0) rcv: 0x03
[3732000 ns] Node 10 (VC0) rcv: 0x04
[3740000 ns] Node 10 (VC0) rcv: 0x05
[3748000 ns] Node 10 (VC0) rcv: 0x06
[3756000 ns] Node 10 (VC0) rcv: 0x07
[3764000 ns] Node 10 (VC0) rcv: 0x08
[3772000 ns] Node 10 (VC0) rcv: 0x09
[3780000 ns] Node 10 (VC0) rcv: 0x0a
[3788000 ns] Node 10 (VC0) rcv: 0x0b
[3796000 ns] Node 10 (VC0) rcv: 0x0c
[3804000 ns] Node 10 (VC0) rcv: 0x0d
[3812000 ns] Node 10 (VC0) rcv: 0x0e
[3820000 ns] Node 10 (VC0) rcv: 0x0f
[3828000 ns] Node 10 (VC0) rcv: 0x10
[3836000 ns] Node 10 (VC0) rcv: 0x11
[3844000 ns] Node 10 (VC0) rcv: 0x12
[3852000 ns] Node 10 (VC0) rcv: 0x13
[3860000 ns] Node 10 (VC0) rcv: 0x14
[3868000 ns] Node 10 (VC0) rcv: 0x15
[3876000 ns] Node 10 (VC0) rcv: 0x16
[3884000 ns] Node 10 (VC0) rcv: 0x17
[3892000 ns] Node 10 (VC0) rcv: 0x18
[3900000 ns] Node 10 (VC0) rcv: 0x19
[3908000 ns] Node 10 (VC0) rcv: 0x1a
[3916000 ns] Node 10 (VC0) rcv: 0x1b
[3924000 ns] Node 10 (VC0) rcv: 0x1c
[3932000 ns] Node 10 (VC0) rcv: 0x1d
[3940000 ns] Node 10 (VC0) rcv: 0x1e
[3948000 ns] Node 10 (VC0) rcv: 0x1f
[3956000 ns] Node 10 (VC0) rcv: 0x20
[3964000 ns] Node 10 (VC0) rcv: 0x21
[3972000 ns] Node 10 (VC0) rcv: 0x22
[3980000 ns] Node 10 (VC0) rcv: 0x23
[3988000 ns] Node 10 (VC0) rcv: 0x24
[3996000 ns] Node 10 (VC1) rcv: 0x20
[4004000 ns] Node 10 (VC1) rcv: 0x21
[4012000 ns] Node 10 (VC1) rcv: 0x22
[SB-PRED] t=4013000 src=0x2 -> Node10 (VC1) pkt_id=14 len=15
[4020000 ns] Node 10 (VC1) rcv: 0x23
[4028000 ns] Node 10 (VC1) rcv: 0x24
[4036000 ns] Node 10 (VC1) rcv: 0x25
[4044000 ns] Node 10 (VC1) rcv: 0x26
[4052000 ns] Node 10 (VC1) rcv: 0x27
[4060000 ns] Node 10 (VC1) rcv: 0x28
[4068000 ns] Node 10 (VC1) rcv: 0x29
[SB-PRED] t=4073000 src=0x2 -> Node10 (VC1) pkt_id=15 len=15
[4076000 ns] Node 10 (VC1) rcv: 0x2a
[4084000 ns] Node 10 (VC1) rcv: 0x2b
[4092000 ns] Node 10 (VC1) rcv: 0x2c
[4100000 ns] Node 10 (VC1) rcv: 0x2d
[SB-PASS] t=4108000 Node10 (VC1) src=0x2 pkt_id=9 len=15 matches prediction
[4108000 ns] Node 10 (VC1) rcv: 0x2e
[4116000 ns] Node 10 (VC1) rcv: 0x20
[4124000 ns] Node 10 (VC1) rcv: 0x21
[4132000 ns] Node 10 (VC1) rcv: 0x22
[4140000 ns] Node 10 (VC1) rcv: 0x23
[4148000 ns] Node 10 (VC1) rcv: 0x24
[4156000 ns] Node 10 (VC1) rcv: 0x25
[4164000 ns] Node 10 (VC1) rcv: 0x26
[4172000 ns] Node 10 (VC1) rcv: 0x27
[4180000 ns] Node 10 (VC1) rcv: 0x28
[4188000 ns] Node 10 (VC1) rcv: 0x29
[4196000 ns] Node 10 (VC1) rcv: 0x2a
[4204000 ns] Node 10 (VC1) rcv: 0x2b
[4212000 ns] Node 10 (VC1) rcv: 0x2c
[4220000 ns] Node 10 (VC1) rcv: 0x2d
[SB-PASS] t=4228000 Node10 (VC1) src=0x2 pkt_id=10 len=15 matches prediction
[4228000 ns] Node 10 (VC1) rcv: 0x2e
[4236000 ns] Node 10 (VC1) rcv: 0x20
[4244000 ns] Node 10 (VC1) rcv: 0x21
[4252000 ns] Node 10 (VC1) rcv: 0x22
[4260000 ns] Node 10 (VC1) rcv: 0x23
[4268000 ns] Node 10 (VC1) rcv: 0x24
[4276000 ns] Node 10 (VC1) rcv: 0x25
[4284000 ns] Node 10 (VC1) rcv: 0x26
[4292000 ns] Node 10 (VC1) rcv: 0x27
[4300000 ns] Node 10 (VC1) rcv: 0x28
[4308000 ns] Node 10 (VC1) rcv: 0x29
[4316000 ns] Node 10 (VC1) rcv: 0x2a
[4324000 ns] Node 10 (VC1) rcv: 0x2b
[4332000 ns] Node 10 (VC1) rcv: 0x2c
[4340000 ns] Node 10 (VC1) rcv: 0x2d
[SB-PASS] t=4348000 Node10 (VC1) src=0x2 pkt_id=11 len=15 matches prediction
[4348000 ns] Node 10 (VC1) rcv: 0x2e
[4356000 ns] Node 10 (VC1) rcv: 0x20
[4364000 ns] Node 10 (VC1) rcv: 0x21
[4372000 ns] Node 10 (VC1) rcv: 0x22
[4380000 ns] Node 10 (VC1) rcv: 0x23
[4388000 ns] Node 10 (VC1) rcv: 0x24
[4396000 ns] Node 10 (VC1) rcv: 0x25
[4404000 ns] Node 10 (VC1) rcv: 0x26
[4412000 ns] Node 10 (VC1) rcv: 0x27
[4420000 ns] Node 10 (VC1) rcv: 0x28
[4428000 ns] Node 10 (VC1) rcv: 0x29
[4436000 ns] Node 10 (VC1) rcv: 0x2a
[4444000 ns] Node 10 (VC1) rcv: 0x2b
[4452000 ns] Node 10 (VC1) rcv: 0x2c
[4460000 ns] Node 10 (VC1) rcv: 0x2d
[SB-PASS] t=4468000 Node10 (VC1) src=0x2 pkt_id=12 len=15 matches prediction
[4468000 ns] Node 10 (VC1) rcv: 0x2e
[4476000 ns] Node 10 (VC1) rcv: 0x20
[4484000 ns] Node 10 (VC1) rcv: 0x21
[4492000 ns] Node 10 (VC1) rcv: 0x22
[4500000 ns] Node 10 (VC1) rcv: 0x23
[4508000 ns] Node 10 (VC1) rcv: 0x24
[4516000 ns] Node 10 (VC1) rcv: 0x25
[4524000 ns] Node 10 (VC1) rcv: 0x26
[4532000 ns] Node 10 (VC1) rcv: 0x27
[4540000 ns] Node 10 (VC1) rcv: 0x28
[4548000 ns] Node 10 (VC1) rcv: 0x29
[4556000 ns] Node 10 (VC1) rcv: 0x2a
[4564000 ns] Node 10 (VC1) rcv: 0x2b
[4572000 ns] Node 10 (VC1) rcv: 0x2c
[4580000 ns] Node 10 (VC1) rcv: 0x2d
[SB-PASS] t=4588000 Node10 (VC1) src=0x2 pkt_id=13 len=15 matches prediction
[4588000 ns] Node 10 (VC1) rcv: 0x2e
[4596000 ns] Node 10 (VC1) rcv: 0x20
[4604000 ns] Node 10 (VC1) rcv: 0x21
[4612000 ns] Node 10 (VC1) rcv: 0x22
[4620000 ns] Node 10 (VC1) rcv: 0x23
[4628000 ns] Node 10 (VC1) rcv: 0x24
[4636000 ns] Node 10 (VC1) rcv: 0x25
[4644000 ns] Node 10 (VC1) rcv: 0x26
[4652000 ns] Node 10 (VC1) rcv: 0x27
[4660000 ns] Node 10 (VC1) rcv: 0x28
[4668000 ns] Node 10 (VC1) rcv: 0x29
[4676000 ns] Node 10 (VC1) rcv: 0x2a
[4684000 ns] Node 10 (VC1) rcv: 0x2b
[4692000 ns] Node 10 (VC1) rcv: 0x2c
[4700000 ns] Node 10 (VC1) rcv: 0x2d
[SB-PASS] t=4708000 Node10 (VC1) src=0x2 pkt_id=14 len=15 matches prediction
[4708000 ns] Node 10 (VC1) rcv: 0x2e
[4716000 ns] Node 10 (VC1) rcv: 0x20
[4724000 ns] Node 10 (VC1) rcv: 0x21
[4732000 ns] Node 10 (VC1) rcv: 0x22
[4740000 ns] Node 10 (VC1) rcv: 0x23
[4748000 ns] Node 10 (VC1) rcv: 0x24
[4756000 ns] Node 10 (VC1) rcv: 0x25
[4764000 ns] Node 10 (VC1) rcv: 0x26
[4772000 ns] Node 10 (VC1) rcv: 0x27
[4780000 ns] Node 10 (VC1) rcv: 0x28
[4788000 ns] Node 10 (VC1) rcv: 0x29
[4796000 ns] Node 10 (VC1) rcv: 0x2a
[4804000 ns] Node 10 (VC1) rcv: 0x2b
[4812000 ns] Node 10 (VC1) rcv: 0x2c
[4820000 ns] Node 10 (VC1) rcv: 0x2d
[SB-PASS] t=4828000 Node10 (VC1) src=0x2 pkt_id=15 len=15 matches prediction
[4828000 ns] Node 10 (VC1) rcv: 0x2e
[4836000 ns] Node 10 (VC0) rcv: 0x25
[4844000 ns] Node 10 (VC0) rcv: 0x26
[4852000 ns] Node 10 (VC0) rcv: 0x27
[4860000 ns] Node 10 (VC0) rcv: 0x28
[4868000 ns] Node 10 (VC0) rcv: 0x29
[4876000 ns] Node 10 (VC0) rcv: 0x2a
[4884000 ns] Node 10 (VC0) rcv: 0x2b
[4892000 ns] Node 10 (VC0) rcv: 0x2c
[4900000 ns] Node 10 (VC0) rcv: 0x2d
[4908000 ns] Node 10 (VC0) rcv: 0x2e
[4916000 ns] Node 10 (VC0) rcv: 0x2f
[4924000 ns] Node 10 (VC0) rcv: 0x30
[SB-PASS] t=4932000 Node10 (VC0) src=0x0 pkt_id=7 len=50 matches prediction
[4932000 ns] Node 10 (VC0) rcv: 0x31
[TB] --- Test 5 Finished ---


=================================================
 PERFORMANCE REPORT: Starvation Override Proof
=================================================
 [Node00 TX] Flits: 50 | Stalls: 24 (2.4%)
 [Node00 RX] Flits: 0 | Stalls: 0 (0.0%)
 [Node10 TX] Flits: 0 | Stalls: 0 (0.0%)
 [Node10 RX] Flits: 200 | Stalls: 0 (0.0%)
 [Node01 TX] Flits: 150 | Stalls: 138 (20.6%)
 [Node01 RX] Flits: 0 | Stalls: 0 (0.0%)
 [Node11 TX] Flits: 0 | Stalls: 0 (0.0%)
 [Node11 RX] Flits: 0 | Stalls: 0 (0.0%)
=================================================


=================================================
 SCOREBOARD REPORT (All Nodes, transaction-level)
=================================================
 [Node00] Matched: 8 | Mismatched: 0 | Pending: 0
 [Node10] Matched: 20 | Mismatched: 0 | Pending: 0
 [Node01] Matched: 2 | Mismatched: 0 | Pending: 0
 [Node11] Matched: 4 | Mismatched: 0 | Pending: 0
-------------------------------------------------
 TOTAL: Matched=34 Mismatched=0 Pending=0
=================================================

$finish called at time : 5286500 ps : File "D:/OpalFolder/MyOwnProject/FPGA/GALS_Packet-Based_Fabric/GALS_Packet-Based_Fabric.srcs/sources_1/new/tb_noc_mesh_2x2_gals.sv" Line 468
