INFO: [VRFC 10-2263] Analyzing SystemVerilog file "D:/OpalFolder/MyOwnProject/FPGA/GALS_Packet-Based_Fabric/GALS_Packet-Based_Fabric.srcs/sources_1/new/uart_transceiver.sv" into library xil_defaultlib
INFO: [VRFC 10-311] analyzing module uart_rx
INFO: [VRFC 10-311] analyzing module uart_tx
INFO: [VRFC 10-2263] Analyzing SystemVerilog file "D:/OpalFolder/MyOwnProject/FPGA/GALS_Packet-Based_Fabric/GALS_Packet-Based_Fabric.srcs/sources_1/new/traffic_gen.sv" into library xil_defaultlib
INFO: [VRFC 10-311] analyzing module traffic_gen
INFO: [VRFC 10-2263] Analyzing SystemVerilog file "D:/OpalFolder/MyOwnProject/FPGA/GALS_Packet-Based_Fabric/GALS_Packet-Based_Fabric.srcs/sources_1/new/axis_perf_mon.sv" into library xil_defaultlib
INFO: [VRFC 10-311] analyzing module axis_perf_mon
INFO: [VRFC 10-2263] Analyzing SystemVerilog file "D:/OpalFolder/MyOwnProject/FPGA/GALS_Packet-Based_Fabric/GALS_Packet-Based_Fabric.srcs/sources_1/new/uart_noc_host.sv" into library xil_defaultlib
INFO: [VRFC 10-311] analyzing module uart_noc_host
INFO: [VRFC 10-2263] Analyzing SystemVerilog file "D:/OpalFolder/MyOwnProject/FPGA/GALS_Packet-Based_Fabric/GALS_Packet-Based_Fabric.srcs/sources_1/new/async_fifo.sv" into library xil_defaultlib
INFO: [VRFC 10-311] analyzing module async_fifo
INFO: [VRFC 10-2263] Analyzing SystemVerilog file "D:/OpalFolder/MyOwnProject/FPGA/GALS_Packet-Based_Fabric/GALS_Packet-Based_Fabric.srcs/sources_1/new/async_fifo_fwft.sv" into library xil_defaultlib
INFO: [VRFC 10-311] analyzing module async_fifo_fwft
INFO: [VRFC 10-2263] Analyzing SystemVerilog file "D:/OpalFolder/MyOwnProject/FPGA/GALS_Packet-Based_Fabric/GALS_Packet-Based_Fabric.srcs/sources_1/new/dual_port_ram.sv" into library xil_defaultlib
INFO: [VRFC 10-311] analyzing module dual_port_ram
INFO: [VRFC 10-2263] Analyzing SystemVerilog file "D:/OpalFolder/MyOwnProject/FPGA/GALS_Packet-Based_Fabric/GALS_Packet-Based_Fabric.srcs/sources_1/new/dual_port_ram_ecc.sv" into library xil_defaultlib
INFO: [VRFC 10-311] analyzing module dual_port_ram_ecc
INFO: [VRFC 10-2263] Analyzing SystemVerilog file "D:/OpalFolder/MyOwnProject/FPGA/GALS_Packet-Based_Fabric/GALS_Packet-Based_Fabric.srcs/sources_1/new/ecc_secded_decode_8b.sv" into library xil_defaultlib
INFO: [VRFC 10-311] analyzing module ecc_secded_decode_8b
INFO: [VRFC 10-2263] Analyzing SystemVerilog file "D:/OpalFolder/MyOwnProject/FPGA/GALS_Packet-Based_Fabric/GALS_Packet-Based_Fabric.srcs/sources_1/new/ecc_secded_encode_8b.sv" into library xil_defaultlib
INFO: [VRFC 10-311] analyzing module ecc_secded_encode_8b
INFO: [VRFC 10-2263] Analyzing SystemVerilog file "D:/OpalFolder/MyOwnProject/FPGA/GALS_Packet-Based_Fabric/GALS_Packet-Based_Fabric.srcs/sources_1/new/fwft_wrapper.sv" into library xil_defaultlib
INFO: [VRFC 10-311] analyzing module fwft_wrapper
INFO: [VRFC 10-2263] Analyzing SystemVerilog file "D:/OpalFolder/MyOwnProject/FPGA/GALS_Packet-Based_Fabric/GALS_Packet-Based_Fabric.srcs/sources_1/new/gals_noc_top.sv" into library xil_defaultlib
INFO: [VRFC 10-311] analyzing module gals_noc_top
INFO: [VRFC 10-2263] Analyzing SystemVerilog file "D:/OpalFolder/MyOwnProject/FPGA/GALS_Packet-Based_Fabric/GALS_Packet-Based_Fabric.srcs/sources_1/new/gals_node_wrapper.sv" into library xil_defaultlib
INFO: [VRFC 10-311] analyzing module gals_node_wrapper
INFO: [VRFC 10-2263] Analyzing SystemVerilog file "D:/OpalFolder/MyOwnProject/FPGA/GALS_Packet-Based_Fabric/GALS_Packet-Based_Fabric.srcs/sources_1/new/gray_counter.sv" into library xil_defaultlib
INFO: [VRFC 10-311] analyzing module gray_counter
INFO: [VRFC 10-2263] Analyzing SystemVerilog file "D:/OpalFolder/MyOwnProject/FPGA/GALS_Packet-Based_Fabric/GALS_Packet-Based_Fabric.srcs/sources_1/new/noc_mesh_2x2_vc.sv" into library xil_defaultlib
INFO: [VRFC 10-311] analyzing module noc_mesh_2x2_vc
INFO: [VRFC 10-2263] Analyzing SystemVerilog file "D:/OpalFolder/MyOwnProject/FPGA/GALS_Packet-Based_Fabric/GALS_Packet-Based_Fabric.srcs/sources_1/new/noc_stress_tester.sv" into library xil_defaultlib
INFO: [VRFC 10-311] analyzing module noc_stress_tester
INFO: [VRFC 10-2263] Analyzing SystemVerilog file "D:/OpalFolder/MyOwnProject/FPGA/GALS_Packet-Based_Fabric/GALS_Packet-Based_Fabric.srcs/sources_1/new/packet_arbiter.sv" into library xil_defaultlib
INFO: [VRFC 10-311] analyzing module packet_arbiter
INFO: [VRFC 10-2263] Analyzing SystemVerilog file "D:/OpalFolder/MyOwnProject/FPGA/GALS_Packet-Based_Fabric/GALS_Packet-Based_Fabric.srcs/sources_1/new/router_5port_mesh_vc.sv" into library xil_defaultlib
INFO: [VRFC 10-311] analyzing module router_5port_mesh_vc
INFO: [VRFC 10-2263] Analyzing SystemVerilog file "D:/OpalFolder/MyOwnProject/FPGA/GALS_Packet-Based_Fabric/GALS_Packet-Based_Fabric.srcs/sources_1/new/sync_2stage.sv" into library xil_defaultlib
INFO: [VRFC 10-311] analyzing module sync_2stage
INFO: [VRFC 10-2263] Analyzing SystemVerilog file "D:/OpalFolder/MyOwnProject/FPGA/GALS_Packet-Based_Fabric/GALS_Packet-Based_Fabric.srcs/sources_1/new/sync_fifo.sv" into library xil_defaultlib
INFO: [VRFC 10-311] analyzing module sync_fifo
INFO: [VRFC 10-2263] Analyzing SystemVerilog file "D:/OpalFolder/MyOwnProject/FPGA/GALS_Packet-Based_Fabric/GALS_Packet-Based_Fabric.srcs/sources_1/new/vc_input_buffer.sv" into library xil_defaultlib
INFO: [VRFC 10-311] analyzing module vc_input_buffer
INFO: [VRFC 10-2263] Analyzing SystemVerilog file "D:/OpalFolder/MyOwnProject/FPGA/GALS_Packet-Based_Fabric/GALS_Packet-Based_Fabric.srcs/sources_1/new/vc_port_arbiter.sv" into library xil_defaultlib
INFO: [VRFC 10-311] analyzing module vc_port_arbiter
INFO: [VRFC 10-2263] Analyzing SystemVerilog file "D:/OpalFolder/MyOwnProject/FPGA/GALS_Packet-Based_Fabric/GALS_Packet-Based_Fabric.srcs/sources_1/new/arty_gals_noc_wrapper.sv" into library xil_defaultlib
INFO: [VRFC 10-311] analyzing module arty_gals_noc_wrapper
INFO: [VRFC 10-2263] Analyzing SystemVerilog file "D:/OpalFolder/MyOwnProject/FPGA/GALS_Packet-Based_Fabric/GALS_Packet-Based_Fabric.srcs/sources_1/new/loopback_node_agent.sv" into library xil_defaultlib
INFO: [VRFC 10-311] analyzing module loopback_node_agent
INFO: [VRFC 10-2263] Analyzing SystemVerilog file "D:/OpalFolder/MyOwnProject/FPGA/GALS_Packet-Based_Fabric/GALS_Packet-Based_Fabric.srcs/sources_1/new/traffic_node_agent.sv" into library xil_defaultlib
INFO: [VRFC 10-311] analyzing module traffic_node_agent
INFO: [VRFC 10-2263] Analyzing SystemVerilog file "D:/OpalFolder/MyOwnProject/FPGA/GALS_Packet-Based_Fabric/GALS_Packet-Based_Fabric.srcs/sources_1/new/arty_stress_top.sv" into library xil_defaultlib
INFO: [VRFC 10-311] analyzing module arty_stress_top
INFO: [VRFC 10-2263] Analyzing SystemVerilog file "D:/OpalFolder/MyOwnProject/FPGA/GALS_Packet-Based_Fabric/GALS_Packet-Based_Fabric.srcs/sources_1/new/tb_noc_mesh_2x2_gals.sv" into library xil_defaultlib
INFO: [VRFC 10-311] analyzing module tb_noc_mesh_2x2_gals
WARNING: [VRFC 10-3824] variable 'timeout' must explicitly be declared as automatic or static [D:/OpalFolder/MyOwnProject/FPGA/GALS_Packet-Based_Fabric/GALS_Packet-Based_Fabric.srcs/sources_1/new/tb_noc_mesh_2x2_gals.sv:416]
