Copyright 1986-2022 Xilinx, Inc. All Rights Reserved. Copyright 2022-2025 Advanced Micro Devices, Inc. All Rights Reserved.
-------------------------------------------------------------------------------------------------------------------------------------------------------------------
| Tool Version     : Vivado v.2025.2 (win64) Build 6299465 Fri Nov 14 19:35:11 GMT 2025
| Date             : Tue Aug 18 19:01:42 2026
| Host             : LAPTOP-QOCHRTAO running 64-bit major release  (build 9200)
| Command          : report_power -file arty_stress_top_power_routed.rpt -pb arty_stress_top_power_summary_routed.pb -rpx arty_stress_top_power_routed.rpx
| Design           : arty_stress_top
| Device           : xc7a100tcsg324-1
| Design State     : routed
| Grade            : commercial
| Process          : typical
| Characterization : Production
-------------------------------------------------------------------------------------------------------------------------------------------------------------------

Power Report

Table of Contents
-----------------
1. Summary
1.1 On-Chip Components
1.2 Power Supply Summary
1.3 Confidence Level
2. Settings
2.1 Environment
2.2 Clock Constraints
3. Detailed Reports
3.1 By Hierarchy

1. Summary
----------

+--------------------------+--------------+
| Total On-Chip Power (W)  | 0.326        |
| Design Power Budget (W)  | Unspecified* |
| Power Budget Margin (W)  | NA           |
| Dynamic (W)              | 0.227        |
| Device Static (W)        | 0.099        |
| Effective TJA (C/W)      | 4.6          |
| Max Ambient (C)          | 83.5         |
| Junction Temperature (C) | 26.5         |
| Confidence Level         | Medium       |
| Setting File             | ---          |
| Simulation Activity File | ---          |
| Design Nets Matched      | NA           |
+--------------------------+--------------+
* Specify Design Power Budget using, set_operating_conditions -design_power_budget <value in Watts>


1.1 On-Chip Components
----------------------

+--------------------------+-----------+----------+-----------+-----------------+
| On-Chip                  | Power (W) | Used     | Available | Utilization (%) |
+--------------------------+-----------+----------+-----------+-----------------+
| Clocks                   |     0.056 |       10 |       --- |             --- |
| Slice Logic              |     0.015 |    27243 |       --- |             --- |
|   LUT as Logic           |     0.012 |     7087 |     63400 |           11.18 |
|   Register               |     0.001 |    13277 |    126800 |           10.47 |
|   LUT as Shift Register  |     0.001 |     1224 |     19000 |            6.44 |
|   LUT as Distributed RAM |    <0.001 |      400 |     19000 |            2.11 |
|   CARRY4                 |    <0.001 |      440 |     15850 |            2.78 |
|   F7/F8 Muxes            |    <0.001 |      114 |     63400 |            0.18 |
|   Others                 |     0.000 |     1322 |       --- |             --- |
| Signals                  |     0.020 |    20143 |       --- |             --- |
| Block RAM                |     0.011 |       27 |       135 |           20.00 |
| MMCM                     |     0.123 |        1 |         6 |           16.67 |
| I/O                      |     0.002 |        7 |       210 |            3.33 |
| Static Power             |     0.099 |          |           |                 |
| Total                    |     0.326 |          |           |                 |
+--------------------------+-----------+----------+-----------+-----------------+


1.2 Power Supply Summary
------------------------

+-----------+-------------+-----------+-------------+------------+-------------+-------------+------------+
| Source    | Voltage (V) | Total (A) | Dynamic (A) | Static (A) | Powerup (A) | Budget (A)  | Margin (A) |
+-----------+-------------+-----------+-------------+------------+-------------+-------------+------------+
| Vccint    |       1.000 |     0.119 |       0.103 |      0.016 |       NA    | Unspecified | NA         |
| Vccaux    |       1.800 |     0.086 |       0.068 |      0.018 |       NA    | Unspecified | NA         |
| Vcco33    |       3.300 |     0.004 |       0.000 |      0.004 |       NA    | Unspecified | NA         |
| Vcco25    |       2.500 |     0.000 |       0.000 |      0.000 |       NA    | Unspecified | NA         |
| Vcco18    |       1.800 |     0.000 |       0.000 |      0.000 |       NA    | Unspecified | NA         |
| Vcco15    |       1.500 |     0.000 |       0.000 |      0.000 |       NA    | Unspecified | NA         |
| Vcco135   |       1.350 |     0.000 |       0.000 |      0.000 |       NA    | Unspecified | NA         |
| Vcco12    |       1.200 |     0.000 |       0.000 |      0.000 |       NA    | Unspecified | NA         |
| Vccaux_io |       1.800 |     0.000 |       0.000 |      0.000 |       NA    | Unspecified | NA         |
| Vccbram   |       1.000 |     0.002 |       0.001 |      0.001 |       NA    | Unspecified | NA         |
| MGTAVcc   |       1.000 |     0.000 |       0.000 |      0.000 |       NA    | Unspecified | NA         |
| MGTAVtt   |       1.200 |     0.000 |       0.000 |      0.000 |       NA    | Unspecified | NA         |
| Vccadc    |       1.800 |     0.020 |       0.000 |      0.020 |       NA    | Unspecified | NA         |
+-----------+-------------+-----------+-------------+------------+-------------+-------------+------------+


1.3 Confidence Level
--------------------

+-----------------------------+------------+-------------------------------------------------------+------------------------------------------------------------------------------------------------------------+
| User Input Data             | Confidence | Details                                               | Action                                                                                                     |
+-----------------------------+------------+-------------------------------------------------------+------------------------------------------------------------------------------------------------------------+
| Design implementation state | High       | Design is routed                                      |                                                                                                            |
| Clock nodes activity        | High       | User specified more than 95% of clocks                |                                                                                                            |
| I/O nodes activity          | Medium     | More than 5% of inputs are missing user specification | Provide missing input activity with simulation results or by editing the "By Resource Type -> I/Os" view   |
| Internal nodes activity     | Medium     | User specified less than 25% of internal nodes        | Provide missing internal nodes activity with simulation results or by editing the "By Resource Type" views |
| Device models               | High       | Device models are Production                          |                                                                                                            |
|                             |            |                                                       |                                                                                                            |
| Overall confidence level    | Medium     |                                                       |                                                                                                            |
+-----------------------------+------------+-------------------------------------------------------+------------------------------------------------------------------------------------------------------------+


2. Settings
-----------

2.1 Environment
---------------

+-----------------------+--------------------------+
| Ambient Temp (C)      | 25.0                     |
| ThetaJA (C/W)         | 4.6                      |
| Airflow (LFM)         | 250                      |
| Heat Sink             | medium (Medium Profile)  |
| ThetaSA (C/W)         | 4.6                      |
| Board Selection       | medium (10"x10")         |
| # of Board Layers     | 12to15 (12 to 15 Layers) |
| Board Temperature (C) | 25.0                     |
+-----------------------+--------------------------+


2.2 Clock Constraints
---------------------

+--------------------------------------------------------------------------------------------+-------------------------------------------------------------------+-----------------+
| Clock                                                                                      | Domain                                                            | Constraint (ns) |
+--------------------------------------------------------------------------------------------+-------------------------------------------------------------------+-----------------+
| clk_100mhz                                                                                 | clk_100mhz                                                        |            10.0 |
| clk_out1_clk_wiz_0                                                                         | clk_gen/inst/clk_out1_clk_wiz_0                                   |            12.5 |
| clk_out2_clk_wiz_0                                                                         | clk_gen/inst/clk_out2_clk_wiz_0                                   |            10.0 |
| clk_out3_clk_wiz_0                                                                         | clk_gen/inst/clk_out3_clk_wiz_0                                   |            14.0 |
| clk_out4_clk_wiz_0                                                                         | clk_gen/inst/clk_out4_clk_wiz_0                                   |            12.0 |
| clk_out5_clk_wiz_0                                                                         | clk_gen/inst/clk_out5_clk_wiz_0                                   |            14.0 |
| clkfbout_clk_wiz_0                                                                         | clk_gen/inst/clkfbout_clk_wiz_0                                   |            10.0 |
| dbg_hub/inst/BSCANID.u_xsdbm_id/SWITCH_N_EXT_BSCAN.bscan_inst/SERIES7_BSCAN.bscan_inst/TCK | dbg_hub/inst/BSCANID.u_xsdbm_id/SWITCH_N_EXT_BSCAN.bscan_inst/TCK |            33.0 |
+--------------------------------------------------------------------------------------------+-------------------------------------------------------------------+-----------------+


3. Detailed Reports
-------------------

3.1 By Hierarchy
----------------

+----------------------------+-----------+
| Name                       | Power (W) |
+----------------------------+-----------+
| arty_stress_top            |     0.227 |
|   clk_gen                  |     0.124 |
|     inst                   |     0.124 |
|   dbg_hub                  |     0.003 |
|     inst                   |     0.003 |
|       BSCANID.u_xsdbm_id   |     0.003 |
|   u_ila_0                  |     0.028 |
|     inst                   |     0.028 |
|       ila_core_inst        |     0.028 |
|   u_ila_1                  |     0.013 |
|     inst                   |     0.013 |
|       ila_core_inst        |     0.013 |
|   u_ila_2                  |     0.013 |
|     inst                   |     0.013 |
|       ila_core_inst        |     0.013 |
|   u_ila_3                  |     0.014 |
|     inst                   |     0.014 |
|       ila_core_inst        |     0.014 |
|   u_stress                 |     0.008 |
|     agent_00               |     0.002 |
|     agent_01               |     0.002 |
|     agent_10               |     0.002 |
|     agent_11               |     0.002 |
|   uut_noc_top              |     0.023 |
|     uut_noc                |     0.010 |
|       ROW[0].COL[0].router |     0.003 |
|       ROW[0].COL[1].router |     0.002 |
|       ROW[1].COL[0].router |     0.003 |
|       ROW[1].COL[1].router |     0.002 |
|     wrap_00                |     0.002 |
|     wrap_01                |     0.003 |
|       TX_VC[1].tx_fifo     |     0.001 |
|     wrap_10                |     0.003 |
|       TX_VC[1].tx_fifo     |     0.001 |
|     wrap_11                |     0.003 |
|       TX_VC[1].tx_fifo     |     0.001 |
+----------------------------+-----------+


