
*** Running vivado
    with args -log arty_stress_top.vdi -applog -m64 -product Vivado -messageDb vivado.pb -mode batch -source arty_stress_top.tcl -notrace



****** Vivado v2025.2 (64-bit)
  **** SW Build 6299465 on Fri Nov 14 19:35:11 GMT 2025
  **** IP Build 6300035 on Fri Nov 14 10:48:45 MST 2025
  **** SharedData Build 6298862 on Thu Nov 13 04:50:51 MST 2025
  **** Start of session at: Tue Aug 18 18:46:48 2026
    ** Copyright 1986-2022 Xilinx, Inc. All Rights Reserved.
    ** Copyright 2022-2025 Advanced Micro Devices, Inc. All Rights Reserved.

source arty_stress_top.tcl -notrace
Command: open_checkpoint D:/OpalFolder/MyOwnProject/FPGA/GALS_Packet-Based_Fabric/GALS_Packet-Based_Fabric.runs/impl_1/arty_stress_top.dcp
INFO: [Device 21-403] Loading part xc7a100tcsg324-1
Netlist sorting complete. Time (s): cpu = 00:00:01 ; elapsed = 00:00:00.190 . Memory (MB): peak = 786.016 ; gain = 0.000
INFO: [Netlist 29-17] Analyzing 375 Unisim elements for replacement
INFO: [Netlist 29-28] Unisim Transformation completed in 0 CPU seconds
INFO: [Project 1-479] Netlist was created with Vivado 2025.2
INFO: [Project 1-570] Preparing netlist for logic optimization
Read ShapeDB Complete: Time (s): cpu = 00:00:00 ; elapsed = 00:00:00.025 . Memory (MB): peak = 891.961 ; gain = 1.574
INFO: [Timing 38-478] Restoring timing data from binary archive.
INFO: [Timing 38-479] Binary timing data restore complete.
INFO: [Project 1-856] Restoring constraints from binary archive.
INFO: [Project 1-853] Binary constraint restore complete.
INFO: [Designutils 20-5722] Start Reading Physical Databases.
Reading placement.
Read Netlist Cache: Time (s): cpu = 00:00:00 ; elapsed = 00:00:00 . Memory (MB): peak = 1411.023 ; gain = 0.000
Reading placer database...
Read Device Cache: Time (s): cpu = 00:00:00 ; elapsed = 00:00:00.011 . Memory (MB): peak = 1411.023 ; gain = 0.000
Read PlaceDB: Time (s): cpu = 00:00:00 ; elapsed = 00:00:00 . Memory (MB): peak = 1411.023 ; gain = 0.000
Read placeStorage: Time (s): cpu = 00:00:00 ; elapsed = 00:00:00.001 . Memory (MB): peak = 1411.023 ; gain = 0.000
Read PulsedLatchDB: Time (s): cpu = 00:00:00 ; elapsed = 00:00:00 . Memory (MB): peak = 1411.023 ; gain = 0.000
Reading routing.
Read RouteStorage: Time (s): cpu = 00:00:00 ; elapsed = 00:00:00.008 . Memory (MB): peak = 1411.023 ; gain = 0.000
Read Physdb Files: Time (s): cpu = 00:00:00 ; elapsed = 00:00:00.046 . Memory (MB): peak = 1411.023 ; gain = 0.000
Restored from archive | CPU: 0.000000 secs | Memory: 0.000000 MB |
Finished XDEF File Restore: Time (s): cpu = 00:00:00 ; elapsed = 00:00:00.129 . Memory (MB): peak = 1411.023 ; gain = 0.000
Netlist sorting complete. Time (s): cpu = 00:00:00 ; elapsed = 00:00:00.007 . Memory (MB): peak = 1411.023 ; gain = 0.000
INFO: [Project 1-111] Unisim Transformation Summary:
  A total of 104 instances were transformed.
  RAM32M => RAM32M (RAMD32(x6), RAMS32(x2)): 84 instances
  RAM32X1D => RAM32X1D (RAMD32(x2)): 20 instances

INFO: [Project 1-604] Checkpoint was created with Vivado v2025.2 (64-bit) build 6299465
open_checkpoint: Time (s): cpu = 00:00:28 ; elapsed = 00:00:34 . Memory (MB): peak = 1411.023 ; gain = 1080.148
Command: opt_design
Attempting to get a license for feature 'Implementation' and/or device 'xc7a100t'
INFO: [Common 17-349] Got license for feature 'Implementation' and/or device 'xc7a100t'
Running DRC as a precondition to command opt_design

Starting DRC Task
INFO: [DRC 23-27] Running DRC with 2 threads
INFO: [Project 1-461] DRC finished with 0 Errors
INFO: [Project 1-462] Please refer to the DRC report (report_drc) for more information.

Time (s): cpu = 00:00:01 ; elapsed = 00:00:00.937 . Memory (MB): peak = 1425.293 ; gain = 14.270

Starting Cache Timing Information Task
INFO: [Timing 38-35] Done setting XDC timing constraints.
Ending Cache Timing Information Task | Checksum: 1464e08f6

Time (s): cpu = 00:00:01 ; elapsed = 00:00:00.519 . Memory (MB): peak = 1524.223 ; gain = 98.930

Starting Logic Optimization Task

Phase 1 Initialization

Phase 1.1 Core Generation And Design Setup

Phase 1.1.1 Generate And Synthesize Debug Cores
INFO: [Chipscope 16-329] Generating Script for core instance : dbg_hub 
INFO: [IP_Flow 19-234] Refreshing IP repositories
INFO: [IP_Flow 19-1704] No user IP repositories specified
INFO: [IP_Flow 19-2313] Loaded Vivado IP repository 'C:/AMDDesignTools/2025.2/Vivado/data/ip'.
INFO: [IP_Flow 19-3806] Processing IP xilinx.com:ip:xsdbm:3.0 for cell dbg_hub_CV.
INFO: [Chipscope 16-329] Generating Script for core instance : u_ila_0 
INFO: [IP_Flow 19-3806] Processing IP xilinx.com:ip:ila:6.2 for cell u_ila_0_CV.
INFO: [Chipscope 16-329] Generating Script for core instance : u_ila_1 
INFO: [IP_Flow 19-3806] Processing IP xilinx.com:ip:ila:6.2 for cell u_ila_1_CV.
INFO: [Chipscope 16-329] Generating Script for core instance : u_ila_2 
INFO: [IP_Flow 19-3806] Processing IP xilinx.com:ip:ila:6.2 for cell u_ila_2_CV.
INFO: [Chipscope 16-329] Generating Script for core instance : u_ila_3 
INFO: [IP_Flow 19-3806] Processing IP xilinx.com:ip:ila:6.2 for cell u_ila_3_CV.
INFO: [Chipscope 16-469] Using cached IP synthesis design for IP xilinx.com:ip:xsdbm:3.0, cache-ID = ebc907fbfaff61e8.
Done building netlist checker database: Time (s): cpu = 00:00:00 ; elapsed = 00:00:00.006 . Memory (MB): peak = 1996.645 ; gain = 0.000
Done building netlist checker database: Time (s): cpu = 00:00:00 ; elapsed = 00:00:00.014 . Memory (MB): peak = 1996.645 ; gain = 0.000
Done building netlist checker database: Time (s): cpu = 00:00:00 ; elapsed = 00:00:00.015 . Memory (MB): peak = 1996.645 ; gain = 0.000
Done building netlist checker database: Time (s): cpu = 00:00:00 ; elapsed = 00:00:00.016 . Memory (MB): peak = 1996.645 ; gain = 0.000
Done building netlist checker database: Time (s): cpu = 00:00:00 ; elapsed = 00:00:00.020 . Memory (MB): peak = 1996.645 ; gain = 0.000
Netlist sorting complete. Time (s): cpu = 00:00:00 ; elapsed = 00:00:00.534 . Memory (MB): peak = 2076.016 ; gain = 0.000
Phase 1.1.1 Generate And Synthesize Debug Cores | Checksum: 1662f50af

Time (s): cpu = 00:01:35 ; elapsed = 00:09:56 . Memory (MB): peak = 2076.016 ; gain = 98.125
Phase 1.1 Core Generation And Design Setup | Checksum: 1662f50af

Time (s): cpu = 00:01:35 ; elapsed = 00:09:56 . Memory (MB): peak = 2076.016 ; gain = 98.125

Phase 1.2 Setup Constraints And Sort Netlist
Phase 1.2 Setup Constraints And Sort Netlist | Checksum: 1662f50af

Time (s): cpu = 00:01:35 ; elapsed = 00:09:56 . Memory (MB): peak = 2076.016 ; gain = 98.125
Phase 1 Initialization | Checksum: 1662f50af

Time (s): cpu = 00:01:35 ; elapsed = 00:09:56 . Memory (MB): peak = 2076.016 ; gain = 98.125

Phase 2 Timer Update And Timing Data Collection

Phase 2.1 Detect if minReqCache needed
Phase 2.1 Detect if minReqCache needed | Checksum: 1662f50af

Time (s): cpu = 00:01:35 ; elapsed = 00:09:56 . Memory (MB): peak = 2076.016 ; gain = 98.125

Phase 2.2 Timer Update
Phase 2.2 Timer Update | Checksum: 1662f50af

Time (s): cpu = 00:01:36 ; elapsed = 00:09:57 . Memory (MB): peak = 2076.016 ; gain = 98.125

Phase 2.3 Timing Data Collection
Phase 2.3 Timing Data Collection | Checksum: 1662f50af

Time (s): cpu = 00:01:36 ; elapsed = 00:09:57 . Memory (MB): peak = 2076.016 ; gain = 98.125
Phase 2 Timer Update And Timing Data Collection | Checksum: 1662f50af

Time (s): cpu = 00:01:36 ; elapsed = 00:09:57 . Memory (MB): peak = 2076.016 ; gain = 98.125

Phase 3 Retarget
INFO: [Opt 31-1851] Number of loadless carry chains removed were: 0
INFO: [Opt 31-1834] Total Chains To Be Transformed Were: 0 AND Number of Transformed insts Created are: 0
INFO: [Opt 31-1566] Pulled 5 inverters resulting in an inversion of 34 pins
INFO: [Opt 31-138] Pushed 7 inverter(s) to 25 load pin(s).
INFO: [Opt 31-49] Retargeted 0 cell(s).
Phase 3 Retarget | Checksum: 20ce1931b

Time (s): cpu = 00:01:38 ; elapsed = 00:09:58 . Memory (MB): peak = 2076.016 ; gain = 98.125
Retarget | Checksum: 20ce1931b
INFO: [Opt 31-389] Phase Retarget created 302 cells and removed 584 cells
INFO: [Opt 31-1021] In phase Retarget, 763 netlist objects are constrained preventing optimization. Please run opt_design with -debug_log to get more detail. 

Phase 4 Constant propagation
INFO: [Opt 31-138] Pushed 0 inverter(s) to 0 load pin(s).
Phase 4 Constant propagation | Checksum: 2613c3318

Time (s): cpu = 00:01:38 ; elapsed = 00:09:59 . Memory (MB): peak = 2076.016 ; gain = 98.125
Constant propagation | Checksum: 2613c3318
INFO: [Opt 31-389] Phase Constant propagation created 0 cells and removed 210 cells
INFO: [Opt 31-1021] In phase Constant propagation, 690 netlist objects are constrained preventing optimization. Please run opt_design with -debug_log to get more detail. 

Phase 5 Sweep
INFO: [Constraints 18-11670] Building netlist checker database with flags, 0x8
Done building netlist checker database: Time (s): cpu = 00:00:00 ; elapsed = 00:00:00.020 . Memory (MB): peak = 2076.016 ; gain = 0.000
INFO: [Constraints 18-11670] Building netlist checker database with flags, 0x8
Done building netlist checker database: Time (s): cpu = 00:00:00 ; elapsed = 00:00:00.022 . Memory (MB): peak = 2076.016 ; gain = 0.000
INFO: [Opt 31-120] Instance uut_noc_top/wrap_00/TX_VC[1].tx_fifo/core_fifo/sync_r2w (sync_2stage_122) has been optimized to an empty box cell during sweep but it has constraints that prevent its removal. Empty box cells do not impact the implementation flow but they have no functional relevance.
Resolution: If this is not expected, please check for DONT_TOUCH properties or timing constraint set on the empty box cell or on nets connected to the cell. If found, remove the relevant DONT_TOUCH property or timing constraint and re-run opt_design.
INFO: [Opt 31-120] Instance uut_noc_top/wrap_00/TX_VC[0].tx_fifo/core_fifo/sync_r2w (sync_2stage_127) has been optimized to an empty box cell during sweep but it has constraints that prevent its removal. Empty box cells do not impact the implementation flow but they have no functional relevance.
Resolution: If this is not expected, please check for DONT_TOUCH properties or timing constraint set on the empty box cell or on nets connected to the cell. If found, remove the relevant DONT_TOUCH property or timing constraint and re-run opt_design.
Phase 5 Sweep | Checksum: 229eef2ce

Time (s): cpu = 00:01:39 ; elapsed = 00:10:00 . Memory (MB): peak = 2076.016 ; gain = 98.125
Sweep | Checksum: 229eef2ce
INFO: [Opt 31-389] Phase Sweep created 0 cells and removed 400 cells
INFO: [Opt 31-1021] In phase Sweep, 4518 netlist objects are constrained preventing optimization. Please run opt_design with -debug_log to get more detail. 

Phase 6 BUFG optimization
Phase 6 BUFG optimization | Checksum: 229eef2ce

Time (s): cpu = 00:01:40 ; elapsed = 00:10:00 . Memory (MB): peak = 2076.016 ; gain = 98.125
BUFG optimization | Checksum: 229eef2ce
INFO: [Opt 31-662] Phase BUFG optimization created 0 cells of which 0 are BUFGs and removed 0 cells.

Phase 7 Shift Register Optimization
INFO: [Opt 31-1064] SRL Remap converted 0 SRLs to 0 registers and converted 0 registers of register chains to 0 SRLs
Phase 7 Shift Register Optimization | Checksum: 229eef2ce

Time (s): cpu = 00:01:40 ; elapsed = 00:10:01 . Memory (MB): peak = 2076.016 ; gain = 98.125
Shift Register Optimization | Checksum: 229eef2ce
INFO: [Opt 31-389] Phase Shift Register Optimization created 0 cells and removed 0 cells

Phase 8 Post Processing Netlist
Phase 8 Post Processing Netlist | Checksum: 229eef2ce

Time (s): cpu = 00:01:40 ; elapsed = 00:10:01 . Memory (MB): peak = 2076.016 ; gain = 98.125
Post Processing Netlist | Checksum: 229eef2ce
INFO: [Opt 31-389] Phase Post Processing Netlist created 0 cells and removed 0 cells
INFO: [Opt 31-1021] In phase Post Processing Netlist, 718 netlist objects are constrained preventing optimization. Please run opt_design with -debug_log to get more detail. 

Phase 9 Finalization

Phase 9.1 Finalizing Design Cores and Updating Shapes
Phase 9.1 Finalizing Design Cores and Updating Shapes | Checksum: 1f060bb3f

Time (s): cpu = 00:01:41 ; elapsed = 00:10:01 . Memory (MB): peak = 2076.016 ; gain = 98.125

Phase 9.2 Verifying Netlist Connectivity

Starting Connectivity Check Task

Time (s): cpu = 00:00:00 ; elapsed = 00:00:00.089 . Memory (MB): peak = 2076.016 ; gain = 0.000
Phase 9.2 Verifying Netlist Connectivity | Checksum: 1f060bb3f

Time (s): cpu = 00:01:41 ; elapsed = 00:10:01 . Memory (MB): peak = 2076.016 ; gain = 98.125
Phase 9 Finalization | Checksum: 1f060bb3f

Time (s): cpu = 00:01:41 ; elapsed = 00:10:01 . Memory (MB): peak = 2076.016 ; gain = 98.125
Opt_design Change Summary
=========================


-------------------------------------------------------------------------------------------------------------------------
|  Phase                        |  #Cells created  |  #Cells Removed  |  #Constrained objects preventing optimizations  |
-------------------------------------------------------------------------------------------------------------------------
|  Retarget                     |             302  |             584  |                                            763  |
|  Constant propagation         |               0  |             210  |                                            690  |
|  Sweep                        |               0  |             400  |                                           4518  |
|  BUFG optimization            |               0  |               0  |                                              0  |
|  Shift Register Optimization  |               0  |               0  |                                              0  |
|  Post Processing Netlist      |               0  |               0  |                                            718  |
-------------------------------------------------------------------------------------------------------------------------


Ending Logic Optimization Task | Checksum: 1f060bb3f

Time (s): cpu = 00:01:41 ; elapsed = 00:10:01 . Memory (MB): peak = 2076.016 ; gain = 98.125

Starting Power Optimization Task
INFO: [Pwropt 34-132] Skipping clock gating for clocks with a period < 2.00 ns.
INFO: [Timing 38-35] Done setting XDC timing constraints.
INFO: [Pwropt 34-9] Applying IDT optimizations ...
INFO: [Pwropt 34-10] Applying ODC optimizations ...
Running Vector-less Activity Propagation...

Finished Running Vector-less Activity Propagation


Starting PowerOpt Patch Enables Task
INFO: [Pwropt 34-162] WRITE_MODE attribute of 15 BRAM(s) out of a total of 27 has been updated to save power. Run report_power_opt to get a complete listing of the BRAMs updated.
INFO: [Pwropt 34-201] Structural ODC has moved 0 WE to EN ports
Number of BRAM Ports augmented: 27 newly gated: 0 Total Ports: 54
Ending PowerOpt Patch Enables Task | Checksum: 1d470d6cd

Time (s): cpu = 00:00:00 ; elapsed = 00:00:00.348 . Memory (MB): peak = 2076.016 ; gain = 0.000
Ending Power Optimization Task | Checksum: 1d470d6cd

Time (s): cpu = 00:00:13 ; elapsed = 00:00:08 . Memory (MB): peak = 2076.016 ; gain = 0.000

Starting Final Cleanup Task
Ending Final Cleanup Task | Checksum: 1d470d6cd

Time (s): cpu = 00:00:00 ; elapsed = 00:00:00.006 . Memory (MB): peak = 2076.016 ; gain = 0.000
Netlist sorting complete. Time (s): cpu = 00:00:00 ; elapsed = 00:00:00.043 . Memory (MB): peak = 2076.016 ; gain = 0.000
INFO: [Common 17-83] Releasing license: Implementation
80 Infos, 80 Warnings, 0 Critical Warnings and 0 Errors encountered.
opt_design completed successfully
opt_design: Time (s): cpu = 00:02:01 ; elapsed = 00:10:17 . Memory (MB): peak = 2076.016 ; gain = 664.992
INFO: [Vivado 12-24828] Executing command : report_drc -file arty_stress_top_drc_opted.rpt -pb arty_stress_top_drc_opted.pb -rpx arty_stress_top_drc_opted.rpx
Command: report_drc -file arty_stress_top_drc_opted.rpt -pb arty_stress_top_drc_opted.pb -rpx arty_stress_top_drc_opted.rpx
INFO: [IP_Flow 19-1839] IP Catalog is up to date.
INFO: [DRC 23-27] Running DRC with 2 threads
INFO: [Vivado_Tcl 2-168] The results of DRC are in file D:/OpalFolder/MyOwnProject/FPGA/GALS_Packet-Based_Fabric/GALS_Packet-Based_Fabric.runs/impl_1/arty_stress_top_drc_opted.rpt.
report_drc completed successfully
INFO: [Timing 38-480] Writing timing data to binary archive.
Wrote PlaceDB: Time (s): cpu = 00:00:00 ; elapsed = 00:00:00 . Memory (MB): peak = 2076.016 ; gain = 0.000
Wrote PulsedLatchDB: Time (s): cpu = 00:00:00 ; elapsed = 00:00:00 . Memory (MB): peak = 2076.016 ; gain = 0.000
Writing XDEF routing.
Writing XDEF routing logical nets.
Writing XDEF routing special nets.
Wrote RouteStorage: Time (s): cpu = 00:00:00 ; elapsed = 00:00:00.066 . Memory (MB): peak = 2076.016 ; gain = 0.000
Wrote PlaceStorage: Time (s): cpu = 00:00:00 ; elapsed = 00:00:00.001 . Memory (MB): peak = 2076.016 ; gain = 0.000
Wrote Netlist Cache: Time (s): cpu = 00:00:00 ; elapsed = 00:00:00 . Memory (MB): peak = 2076.016 ; gain = 0.000
Wrote Device Cache: Time (s): cpu = 00:00:00 ; elapsed = 00:00:00.011 . Memory (MB): peak = 2076.016 ; gain = 0.000
Write ShapeDB Complete: Time (s): cpu = 00:00:00 ; elapsed = 00:00:00.091 . Memory (MB): peak = 2076.016 ; gain = 0.000
Write Physdb Complete: Time (s): cpu = 00:00:00 ; elapsed = 00:00:00.091 . Memory (MB): peak = 2076.016 ; gain = 0.000
INFO: [Common 17-1381] The checkpoint 'D:/OpalFolder/MyOwnProject/FPGA/GALS_Packet-Based_Fabric/GALS_Packet-Based_Fabric.runs/impl_1/arty_stress_top_opt.dcp' has been generated.
INFO: [Chipscope 16-240] Debug cores have already been implemented
Command: place_design
Attempting to get a license for feature 'Implementation' and/or device 'xc7a100t'
INFO: [Common 17-349] Got license for feature 'Implementation' and/or device 'xc7a100t'
INFO: [Common 17-83] Releasing license: Implementation
INFO: [DRC 23-27] Running DRC with 2 threads
INFO: [Vivado_Tcl 4-198] DRC finished with 0 Errors
INFO: [Vivado_Tcl 4-199] Please refer to the DRC report (report_drc) for more information.
INFO: [Timing 38-35] Done setting XDC timing constraints.
Running DRC as a precondition to command place_design
INFO: [DRC 23-27] Running DRC with 2 threads
INFO: [Vivado_Tcl 4-198] DRC finished with 0 Errors
INFO: [Vivado_Tcl 4-199] Please refer to the DRC report (report_drc) for more information.
INFO: [Place 30-611] Multithreading enabled for place_design using a maximum of 2 CPUs

Starting Placer Task

Phase 1 Placer Initialization

Phase 1.1 Placer Initialization Netlist Sorting
Netlist sorting complete. Time (s): cpu = 00:00:00 ; elapsed = 00:00:00.030 . Memory (MB): peak = 2076.016 ; gain = 0.000
Phase 1.1 Placer Initialization Netlist Sorting | Checksum: f453f6a4

Time (s): cpu = 00:00:00 ; elapsed = 00:00:00.046 . Memory (MB): peak = 2076.016 ; gain = 0.000
Netlist sorting complete. Time (s): cpu = 00:00:00 ; elapsed = 00:00:00.022 . Memory (MB): peak = 2076.016 ; gain = 0.000

Phase 1.2 IO Placement/ Clock Placement/ Build Placer Device
Phase 1.2 IO Placement/ Clock Placement/ Build Placer Device | Checksum: 1fc25f8fe

Time (s): cpu = 00:00:04 ; elapsed = 00:00:03 . Memory (MB): peak = 2076.016 ; gain = 0.000

Phase 1.3 Build Placer Netlist Model
Phase 1.3 Build Placer Netlist Model | Checksum: 23e8cb37d

Time (s): cpu = 00:00:14 ; elapsed = 00:00:10 . Memory (MB): peak = 2076.016 ; gain = 0.000

Phase 1.4 Constrain Clocks/Macros
Phase 1.4 Constrain Clocks/Macros | Checksum: 23e8cb37d

Time (s): cpu = 00:00:14 ; elapsed = 00:00:10 . Memory (MB): peak = 2076.016 ; gain = 0.000
Phase 1 Placer Initialization | Checksum: 23e8cb37d

Time (s): cpu = 00:00:14 ; elapsed = 00:00:11 . Memory (MB): peak = 2076.016 ; gain = 0.000

Phase 2 Global Placement

Phase 2.1 Floorplanning
Phase 2.1 Floorplanning | Checksum: 29220b4ce

Time (s): cpu = 00:00:20 ; elapsed = 00:00:14 . Memory (MB): peak = 2076.016 ; gain = 0.000

Phase 2.2 Update Timing before SLR Path Opt
Phase 2.2 Update Timing before SLR Path Opt | Checksum: 21c89f65b

Time (s): cpu = 00:00:26 ; elapsed = 00:00:17 . Memory (MB): peak = 2076.016 ; gain = 0.000

Phase 2.3 Post-Processing in Floorplanning
Phase 2.3 Post-Processing in Floorplanning | Checksum: 21c89f65b

Time (s): cpu = 00:00:26 ; elapsed = 00:00:17 . Memory (MB): peak = 2076.016 ; gain = 0.000

Phase 2.4 Global Place Phase1
Phase 2.4 Global Place Phase1 | Checksum: 298538c90

Time (s): cpu = 00:00:57 ; elapsed = 00:00:36 . Memory (MB): peak = 2076.016 ; gain = 0.000

Phase 2.5 Global Place Phase2

Phase 2.5.1 UpdateTiming Before Physical Synthesis
Phase 2.5.1 UpdateTiming Before Physical Synthesis | Checksum: 319b580ce

Time (s): cpu = 00:01:02 ; elapsed = 00:00:39 . Memory (MB): peak = 2076.016 ; gain = 0.000

Phase 2.5.2 Physical Synthesis In Placer
INFO: [Physopt 32-1035] Found 0 LUTNM shape to break, 547 LUT instances to create LUTNM shape
INFO: [Physopt 32-1044] Break lutnm for timing: one critical 0, two critical 0, total 0, new lutff created 0
INFO: [Physopt 32-1138] End 1 Pass. Optimized 222 nets or LUTs. Breaked 0 LUT, combined 222 existing LUTs and moved 0 existing LUT
INFO: [Physopt 32-65] No nets found for high-fanout optimization.
INFO: [Physopt 32-232] Optimized 0 net. Created 0 new instance.
INFO: [Physopt 32-775] End 1 Pass. Optimized 0 net or cell. Created 0 new cell, deleted 0 existing cell and moved 0 existing cell
INFO: [Physopt 32-670] No setup violation found.  DSP Register Optimization was not performed.
INFO: [Physopt 32-670] No setup violation found.  Shift Register to Pipeline Optimization was not performed.
INFO: [Physopt 32-670] No setup violation found.  Shift Register Optimization was not performed.
INFO: [Physopt 32-670] No setup violation found.  BRAM Register Optimization was not performed.
INFO: [Physopt 32-670] No setup violation found.  URAM Register Optimization was not performed.
INFO: [Physopt 32-949] No candidate nets found for dynamic/static region interface net replication
INFO: [Physopt 32-775] End 1 Pass. Optimized 0 net or cell. Created 0 new cell, deleted 0 existing cell and moved 0 existing cell
Netlist sorting complete. Time (s): cpu = 00:00:00 ; elapsed = 00:00:00.027 . Memory (MB): peak = 2076.016 ; gain = 0.000

Summary of Physical Synthesis Optimizations
============================================


-----------------------------------------------------------------------------------------------------------------------------------------------------------
|  Optimization                                     |  Added Cells  |  Removed Cells  |  Optimized Cells/Nets  |  Dont Touch  |  Iterations  |  Elapsed   |
-----------------------------------------------------------------------------------------------------------------------------------------------------------
|  LUT Combining                                    |            0  |            222  |                   222  |           0  |           1  |  00:00:01  |
|  Retime                                           |            0  |              0  |                     0  |           0  |           1  |  00:00:00  |
|  Very High Fanout                                 |            0  |              0  |                     0  |           0  |           1  |  00:00:00  |
|  DSP Register                                     |            0  |              0  |                     0  |           0  |           0  |  00:00:00  |
|  Shift Register to Pipeline                       |            0  |              0  |                     0  |           0  |           0  |  00:00:00  |
|  Shift Register                                   |            0  |              0  |                     0  |           0  |           0  |  00:00:00  |
|  BRAM Register                                    |            0  |              0  |                     0  |           0  |           0  |  00:00:00  |
|  URAM Register                                    |            0  |              0  |                     0  |           0  |           0  |  00:00:00  |
|  Dynamic/Static Region Interface Net Replication  |            0  |              0  |                     0  |           0  |           1  |  00:00:00  |
|  Total                                            |            0  |            222  |                   222  |           0  |           4  |  00:00:01  |
-----------------------------------------------------------------------------------------------------------------------------------------------------------


Phase 2.5.2 Physical Synthesis In Placer | Checksum: 34497de72

Time (s): cpu = 00:01:07 ; elapsed = 00:00:43 . Memory (MB): peak = 2076.016 ; gain = 0.000
Phase 2.5 Global Place Phase2 | Checksum: 2ee8a4d41

Time (s): cpu = 00:01:08 ; elapsed = 00:00:44 . Memory (MB): peak = 2076.016 ; gain = 0.000
Phase 2 Global Placement | Checksum: 2ee8a4d41

Time (s): cpu = 00:01:08 ; elapsed = 00:00:44 . Memory (MB): peak = 2076.016 ; gain = 0.000

Phase 3 Detail Placement

Phase 3.1 Commit Multi Column Macros
Phase 3.1 Commit Multi Column Macros | Checksum: 35d9d2526

Time (s): cpu = 00:01:12 ; elapsed = 00:00:46 . Memory (MB): peak = 2076.016 ; gain = 0.000

Phase 3.2 Commit Most Macros & LUTRAMs
Phase 3.2 Commit Most Macros & LUTRAMs | Checksum: 236cbe49c

Time (s): cpu = 00:01:20 ; elapsed = 00:00:51 . Memory (MB): peak = 2076.016 ; gain = 0.000

Phase 3.3 Area Swap Optimization
Phase 3.3 Area Swap Optimization | Checksum: 212d05ead

Time (s): cpu = 00:01:20 ; elapsed = 00:00:51 . Memory (MB): peak = 2076.016 ; gain = 0.000

Phase 3.4 Pipeline Register Optimization
Phase 3.4 Pipeline Register Optimization | Checksum: 25f8344e3

Time (s): cpu = 00:01:20 ; elapsed = 00:00:51 . Memory (MB): peak = 2076.016 ; gain = 0.000

Phase 3.5 Small Shape Detail Placement

Phase 3.5.1 Place Remaining
Phase 3.5.1 Place Remaining | Checksum: 332985ceb

Time (s): cpu = 00:01:33 ; elapsed = 00:01:06 . Memory (MB): peak = 2076.016 ; gain = 0.000
Phase 3.5 Small Shape Detail Placement | Checksum: 332985ceb

Time (s): cpu = 00:01:33 ; elapsed = 00:01:06 . Memory (MB): peak = 2076.016 ; gain = 0.000

Phase 3.6 Re-assign LUT pins
Phase 3.6 Re-assign LUT pins | Checksum: 31cc73e8d

Time (s): cpu = 00:01:36 ; elapsed = 00:01:09 . Memory (MB): peak = 2076.016 ; gain = 0.000

Phase 3.7 Pipeline Register Optimization
Phase 3.7 Pipeline Register Optimization | Checksum: 309683f5f

Time (s): cpu = 00:01:36 ; elapsed = 00:01:09 . Memory (MB): peak = 2076.016 ; gain = 0.000
Phase 3 Detail Placement | Checksum: 309683f5f

Time (s): cpu = 00:01:36 ; elapsed = 00:01:09 . Memory (MB): peak = 2076.016 ; gain = 0.000

Phase 4 Post Placement Optimization and Clean-Up

Phase 4.1 Post Commit Optimization
INFO: [Timing 38-35] Done setting XDC timing constraints.

Phase 4.1.1 Post Placement Optimization
Post Placement Optimization Initialization | Checksum: 281b886a7

Phase 4.1.1.1 BUFG Insertion

Starting Physical Synthesis Task

Phase 1 Physical Synthesis Initialization
INFO: [Physopt 32-721] Multithreading enabled for phys_opt_design using a maximum of 2 CPUs
INFO: [Physopt 32-619] Estimated Timing Summary | WNS=1.303 | TNS=0.000 |
Phase 1 Physical Synthesis Initialization | Checksum: 1315cd958

Time (s): cpu = 00:00:01 ; elapsed = 00:00:00.726 . Memory (MB): peak = 2076.016 ; gain = 0.000
INFO: [Place 46-33] Processed net uut_noc_top/uut_noc/AR[0], BUFG insertion was skipped due to placement/routing conflicts.
INFO: [Place 46-33] Processed net u_stress/rst_n, BUFG insertion was skipped due to placement/routing conflicts.
INFO: [Place 46-56] BUFG insertion identified 2 candidate nets. Inserted BUFG: 0, Replicated BUFG Driver: 0, Skipped due to Placement/Routing Conflicts: 2, Skipped due to Timing Degradation: 0, Skipped due to netlist editing failed: 0.
Ending Physical Synthesis Task | Checksum: 2798b0dc0

Time (s): cpu = 00:00:02 ; elapsed = 00:00:01 . Memory (MB): peak = 2076.016 ; gain = 0.000
Phase 4.1.1.1 BUFG Insertion | Checksum: 281b886a7

Time (s): cpu = 00:01:49 ; elapsed = 00:01:18 . Memory (MB): peak = 2076.016 ; gain = 0.000

Phase 4.1.1.2 Post Placement Timing Optimization
INFO: [Place 30-746] Post Placement Timing Summary WNS=1.303. For the most accurate timing information please run report_timing.
Phase 4.1.1.2 Post Placement Timing Optimization | Checksum: 258631e9c

Time (s): cpu = 00:01:49 ; elapsed = 00:01:18 . Memory (MB): peak = 2076.016 ; gain = 0.000

Time (s): cpu = 00:01:49 ; elapsed = 00:01:18 . Memory (MB): peak = 2076.016 ; gain = 0.000
Phase 4.1 Post Commit Optimization | Checksum: 258631e9c

Time (s): cpu = 00:01:50 ; elapsed = 00:01:18 . Memory (MB): peak = 2076.016 ; gain = 0.000

Phase 4.2 Post Placement Cleanup
Phase 4.2 Post Placement Cleanup | Checksum: 258631e9c

Time (s): cpu = 00:01:50 ; elapsed = 00:01:19 . Memory (MB): peak = 2076.016 ; gain = 0.000

Phase 4.3 Placer Reporting

Phase 4.3.1 Print Estimated Congestion
INFO: [Place 30-612] Post-Placement Estimated Congestion 
 ____________________________________________________
|           | Global Congestion | Short Congestion  |
| Direction | Region Size       | Region Size       |
|___________|___________________|___________________|
|      North|                1x1|                1x1|
|___________|___________________|___________________|
|      South|                1x1|                1x1|
|___________|___________________|___________________|
|       East|                1x1|                1x1|
|___________|___________________|___________________|
|       West|                1x1|                1x1|
|___________|___________________|___________________|

Phase 4.3.1 Print Estimated Congestion | Checksum: 258631e9c

Time (s): cpu = 00:01:50 ; elapsed = 00:01:19 . Memory (MB): peak = 2076.016 ; gain = 0.000
Phase 4.3 Placer Reporting | Checksum: 258631e9c

Time (s): cpu = 00:01:50 ; elapsed = 00:01:19 . Memory (MB): peak = 2076.016 ; gain = 0.000

Phase 4.4 Final Placement Cleanup
Netlist sorting complete. Time (s): cpu = 00:00:00 ; elapsed = 00:00:00.028 . Memory (MB): peak = 2076.016 ; gain = 0.000

Time (s): cpu = 00:01:50 ; elapsed = 00:01:19 . Memory (MB): peak = 2076.016 ; gain = 0.000
Phase 4 Post Placement Optimization and Clean-Up | Checksum: 23d119c66

Time (s): cpu = 00:01:50 ; elapsed = 00:01:19 . Memory (MB): peak = 2076.016 ; gain = 0.000
Ending Placer Task | Checksum: 21d3af6cb

Time (s): cpu = 00:01:50 ; elapsed = 00:01:19 . Memory (MB): peak = 2076.016 ; gain = 0.000
118 Infos, 80 Warnings, 0 Critical Warnings and 0 Errors encountered.
place_design completed successfully
place_design: Time (s): cpu = 00:01:55 ; elapsed = 00:01:23 . Memory (MB): peak = 2076.016 ; gain = 0.000
INFO: [Vivado 12-24838] Running report commands "report_control_sets, report_io, report_utilization" in parallel.
Running report generation with 2 threads.
INFO: [Vivado 12-24828] Executing command : report_io -file arty_stress_top_io_placed.rpt
report_io: Time (s): cpu = 00:00:01 ; elapsed = 00:00:00.116 . Memory (MB): peak = 2076.016 ; gain = 0.000
INFO: [Vivado 12-24828] Executing command : report_control_sets -verbose -file arty_stress_top_control_sets_placed.rpt
report_control_sets: Time (s): cpu = 00:00:00 ; elapsed = 00:00:00.166 . Memory (MB): peak = 2076.016 ; gain = 0.000
INFO: [Vivado 12-24828] Executing command : report_utilization -file arty_stress_top_utilization_placed.rpt -pb arty_stress_top_utilization_placed.pb
INFO: [Timing 38-480] Writing timing data to binary archive.
Wrote PlaceDB: Time (s): cpu = 00:00:00 ; elapsed = 00:00:00 . Memory (MB): peak = 2076.016 ; gain = 0.000
Wrote PulsedLatchDB: Time (s): cpu = 00:00:00 ; elapsed = 00:00:00.001 . Memory (MB): peak = 2076.016 ; gain = 0.000
Writing XDEF routing.
Writing XDEF routing logical nets.
Writing XDEF routing special nets.
Wrote RouteStorage: Time (s): cpu = 00:00:00 ; elapsed = 00:00:00.076 . Memory (MB): peak = 2076.016 ; gain = 0.000
Write ShapeDB Complete: Time (s): cpu = 00:00:00 ; elapsed = 00:00:00.126 . Memory (MB): peak = 2076.016 ; gain = 0.000
Wrote PlaceStorage: Time (s): cpu = 00:00:05 ; elapsed = 00:00:01 . Memory (MB): peak = 2076.016 ; gain = 0.000
Wrote Netlist Cache: Time (s): cpu = 00:00:00 ; elapsed = 00:00:00.033 . Memory (MB): peak = 2076.016 ; gain = 0.000
Wrote Device Cache: Time (s): cpu = 00:00:00 ; elapsed = 00:00:00.009 . Memory (MB): peak = 2076.016 ; gain = 0.000
Write Physdb Complete: Time (s): cpu = 00:00:05 ; elapsed = 00:00:02 . Memory (MB): peak = 2076.016 ; gain = 0.000
INFO: [Common 17-1381] The checkpoint 'D:/OpalFolder/MyOwnProject/FPGA/GALS_Packet-Based_Fabric/GALS_Packet-Based_Fabric.runs/impl_1/arty_stress_top_placed.dcp' has been generated.
Command: phys_opt_design
Attempting to get a license for feature 'Implementation' and/or device 'xc7a100t'
INFO: [Common 17-349] Got license for feature 'Implementation' and/or device 'xc7a100t'

Starting Initial Update Timing Task

Time (s): cpu = 00:00:09 ; elapsed = 00:00:05 . Memory (MB): peak = 2076.016 ; gain = 0.000
INFO: [Vivado_Tcl 4-2279] Estimated Timing Summary | WNS= 1.303 | TNS= 0.000 | 
INFO: [Vivado_Tcl 4-383] Design worst setup slack (WNS) is greater than or equal to 0.000 ns. All physical synthesis setup optimizations will be skipped.
INFO: [Vivado_Tcl 4-232] No setup violation found. The netlist was not modified.
INFO: [Common 17-83] Releasing license: Implementation
129 Infos, 80 Warnings, 0 Critical Warnings and 0 Errors encountered.
phys_opt_design completed successfully
phys_opt_design: Time (s): cpu = 00:00:09 ; elapsed = 00:00:06 . Memory (MB): peak = 2076.016 ; gain = 0.000
INFO: [Timing 38-480] Writing timing data to binary archive.
Wrote PlaceDB: Time (s): cpu = 00:00:00 ; elapsed = 00:00:00 . Memory (MB): peak = 2076.016 ; gain = 0.000
Wrote PulsedLatchDB: Time (s): cpu = 00:00:00 ; elapsed = 00:00:00 . Memory (MB): peak = 2076.016 ; gain = 0.000
Writing XDEF routing.
Writing XDEF routing logical nets.
Writing XDEF routing special nets.
Wrote RouteStorage: Time (s): cpu = 00:00:01 ; elapsed = 00:00:00.074 . Memory (MB): peak = 2076.016 ; gain = 0.000
Write ShapeDB Complete: Time (s): cpu = 00:00:01 ; elapsed = 00:00:00.125 . Memory (MB): peak = 2076.016 ; gain = 0.000
Wrote PlaceStorage: Time (s): cpu = 00:00:04 ; elapsed = 00:00:01 . Memory (MB): peak = 2076.016 ; gain = 0.000
Wrote Netlist Cache: Time (s): cpu = 00:00:00 ; elapsed = 00:00:00.039 . Memory (MB): peak = 2076.016 ; gain = 0.000
Wrote Device Cache: Time (s): cpu = 00:00:00 ; elapsed = 00:00:00.009 . Memory (MB): peak = 2076.016 ; gain = 0.000
Write Physdb Complete: Time (s): cpu = 00:00:05 ; elapsed = 00:00:02 . Memory (MB): peak = 2076.016 ; gain = 0.000
INFO: [Common 17-1381] The checkpoint 'D:/OpalFolder/MyOwnProject/FPGA/GALS_Packet-Based_Fabric/GALS_Packet-Based_Fabric.runs/impl_1/arty_stress_top_physopt.dcp' has been generated.
Command: route_design
Attempting to get a license for feature 'Implementation' and/or device 'xc7a100t'
INFO: [Common 17-349] Got license for feature 'Implementation' and/or device 'xc7a100t'


Starting Routing Task
INFO: [Route 35-254] Multithreading enabled for route_design using a maximum of 2 CPUs

Phase 1 Build RT Design
Checksum: PlaceDB: b68cef42 ConstDB: 0 ShapeSum: b4dba7f3 RouteDB: b1d25f96
Post Restoration Checksum: NetGraph: 9c050d20 | NumContArr: 95e98537 | Constraints: c2a8fa9d | Timing: c2a8fa9d
Phase 1 Build RT Design | Checksum: 2b7408791

Time (s): cpu = 00:00:57 ; elapsed = 00:00:47 . Memory (MB): peak = 2099.527 ; gain = 23.512

Phase 2 Router Initialization

Phase 2.1 Fix Topology Constraints
Phase 2.1 Fix Topology Constraints | Checksum: 2b7408791

Time (s): cpu = 00:00:58 ; elapsed = 00:00:48 . Memory (MB): peak = 2099.527 ; gain = 23.512

Phase 2.2 Pre Route Cleanup
Phase 2.2 Pre Route Cleanup | Checksum: 2b7408791

Time (s): cpu = 00:00:58 ; elapsed = 00:00:48 . Memory (MB): peak = 2099.527 ; gain = 23.512
 Number of Nodes with overlaps = 0

Phase 2.3 Update Timing
Phase 2.3 Update Timing | Checksum: 1eb050326

Time (s): cpu = 00:01:12 ; elapsed = 00:00:57 . Memory (MB): peak = 2176.988 ; gain = 100.973
INFO: [Route 35-416] Intermediate Timing Summary | WNS=1.610  | TNS=0.000  | WHS=-0.341 | THS=-756.419|


Phase 2.4 Update Timing for Bus Skew

Phase 2.4.1 Update Timing
Phase 2.4.1 Update Timing | Checksum: 261dcb966

Time (s): cpu = 00:01:22 ; elapsed = 00:01:03 . Memory (MB): peak = 2176.988 ; gain = 100.973
INFO: [Route 35-416] Intermediate Timing Summary | WNS=1.610  | TNS=0.000  | WHS=-0.230 | THS=-6.436 |

Phase 2.4 Update Timing for Bus Skew | Checksum: 2b43979bf

Time (s): cpu = 00:01:22 ; elapsed = 00:01:03 . Memory (MB): peak = 2176.988 ; gain = 100.973

Phase 2.5 Soft Constraint Pins - Fast Budgeting
Phase 2.5 Soft Constraint Pins - Fast Budgeting | Checksum: 2b43979bf

Time (s): cpu = 00:01:22 ; elapsed = 00:01:03 . Memory (MB): peak = 2209.277 ; gain = 133.262

Router Utilization Summary
  Global Vertical Routing Utilization    = 0 %
  Global Horizontal Routing Utilization  = 0 %
  Routable Net Status*
  *Does not include unroutable nets such as driverless and loadless.
  Run report_route_status for detailed report.
  Number of Failed Nets               = 20134
    (Failed Nets is the sum of unrouted and partially routed nets)
  Number of Unrouted Nets             = 20134
  Number of Partially Routed Nets     = 0
  Number of Node Overlaps             = 0

Phase 2 Router Initialization | Checksum: 225288929

Time (s): cpu = 00:01:23 ; elapsed = 00:01:03 . Memory (MB): peak = 2209.277 ; gain = 133.262

Phase 3 Global Routing
Phase 3 Global Routing | Checksum: 225288929

Time (s): cpu = 00:01:23 ; elapsed = 00:01:04 . Memory (MB): peak = 2209.277 ; gain = 133.262

Phase 4 Initial Routing

Phase 4.1 Initial Net Routing Pass
Phase 4.1 Initial Net Routing Pass | Checksum: 21cd01cf0

Time (s): cpu = 00:01:29 ; elapsed = 00:01:07 . Memory (MB): peak = 2209.277 ; gain = 133.262
Phase 4 Initial Routing | Checksum: 21cd01cf0

Time (s): cpu = 00:01:29 ; elapsed = 00:01:07 . Memory (MB): peak = 2209.277 ; gain = 133.262

Phase 5 Rip-up And Reroute

Phase 5.1 Global Iteration 0
 Number of Nodes with overlaps = 1796
 Number of Nodes with overlaps = 312
 Number of Nodes with overlaps = 88
 Number of Nodes with overlaps = 28
 Number of Nodes with overlaps = 4
 Number of Nodes with overlaps = 5
 Number of Nodes with overlaps = 0
INFO: [Route 35-416] Intermediate Timing Summary | WNS=1.503  | TNS=0.000  | WHS=N/A    | THS=N/A    |

Phase 5.1 Global Iteration 0 | Checksum: 22f8879a5

Time (s): cpu = 00:01:53 ; elapsed = 00:01:26 . Memory (MB): peak = 2209.277 ; gain = 133.262

Phase 5.2 Global Iteration 1
 Number of Nodes with overlaps = 3
 Number of Nodes with overlaps = 2
 Number of Nodes with overlaps = 1
 Number of Nodes with overlaps = 0
INFO: [Route 35-416] Intermediate Timing Summary | WNS=1.503  | TNS=0.000  | WHS=N/A    | THS=N/A    |

Phase 5.2 Global Iteration 1 | Checksum: 2177c52d9

Time (s): cpu = 00:01:55 ; elapsed = 00:01:27 . Memory (MB): peak = 2209.277 ; gain = 133.262
Phase 5 Rip-up And Reroute | Checksum: 2177c52d9

Time (s): cpu = 00:01:55 ; elapsed = 00:01:27 . Memory (MB): peak = 2209.277 ; gain = 133.262

Phase 6 Delay and Skew Optimization

Phase 6.1 Delay CleanUp

Phase 6.1.1 Update Timing
Phase 6.1.1 Update Timing | Checksum: 1de0b8dce

Time (s): cpu = 00:01:57 ; elapsed = 00:01:28 . Memory (MB): peak = 2209.277 ; gain = 133.262
INFO: [Route 35-416] Intermediate Timing Summary | WNS=1.591  | TNS=0.000  | WHS=N/A    | THS=N/A    |

Phase 6.1 Delay CleanUp | Checksum: 21edeea0d

Time (s): cpu = 00:01:57 ; elapsed = 00:01:28 . Memory (MB): peak = 2209.277 ; gain = 133.262

Phase 6.2 Clock Skew Optimization
Phase 6.2 Clock Skew Optimization | Checksum: 21edeea0d

Time (s): cpu = 00:01:57 ; elapsed = 00:01:28 . Memory (MB): peak = 2209.277 ; gain = 133.262
Phase 6 Delay and Skew Optimization | Checksum: 21edeea0d

Time (s): cpu = 00:01:57 ; elapsed = 00:01:28 . Memory (MB): peak = 2209.277 ; gain = 133.262

Phase 7 Post Hold Fix

Phase 7.1 Hold Fix Iter
INFO: [Route 35-416] Intermediate Timing Summary | WNS=1.591  | TNS=0.000  | WHS=0.022  | THS=0.000  |

Phase 7.1 Hold Fix Iter | Checksum: 229930eb7

Time (s): cpu = 00:01:59 ; elapsed = 00:01:29 . Memory (MB): peak = 2209.277 ; gain = 133.262
Phase 7 Post Hold Fix | Checksum: 229930eb7

Time (s): cpu = 00:01:59 ; elapsed = 00:01:29 . Memory (MB): peak = 2209.277 ; gain = 133.262

Phase 8 Route finalize

Router Utilization Summary
  Global Vertical Routing Utilization    = 2.51478 %
  Global Horizontal Routing Utilization  = 3.71419 %
  Routable Net Status*
  *Does not include unroutable nets such as driverless and loadless.
  Run report_route_status for detailed report.
  Number of Failed Nets               = 0
    (Failed Nets is the sum of unrouted and partially routed nets)
  Number of Unrouted Nets             = 0
  Number of Partially Routed Nets     = 0
  Number of Node Overlaps             = 0

Phase 8 Route finalize | Checksum: 229930eb7

Time (s): cpu = 00:01:59 ; elapsed = 00:01:29 . Memory (MB): peak = 2209.277 ; gain = 133.262

Phase 9 Verifying routed nets

 Verification completed successfully
Phase 9 Verifying routed nets | Checksum: 229930eb7

Time (s): cpu = 00:01:59 ; elapsed = 00:01:30 . Memory (MB): peak = 2209.277 ; gain = 133.262

Phase 10 Depositing Routes
Phase 10 Depositing Routes | Checksum: 22b67c15c

Time (s): cpu = 00:02:03 ; elapsed = 00:01:33 . Memory (MB): peak = 2209.277 ; gain = 133.262

Phase 11 Post Process Routing
Phase 11 Post Process Routing | Checksum: 22b67c15c

Time (s): cpu = 00:02:03 ; elapsed = 00:01:33 . Memory (MB): peak = 2209.277 ; gain = 133.262

Phase 12 Post Router Timing
INFO: [Route 35-57] Estimated Timing Summary | WNS=1.591  | TNS=0.000  | WHS=0.022  | THS=0.000  |

INFO: [Route 35-327] The final timing numbers are based on the router estimated timing analysis. For a complete and accurate timing signoff, please run report_timing_summary.
Phase 12 Post Router Timing | Checksum: 22b67c15c

Time (s): cpu = 00:02:04 ; elapsed = 00:01:33 . Memory (MB): peak = 2209.277 ; gain = 133.262
Total Elapsed time in route_design: 93.29 secs

Phase 13 Post-Route Event Processing
Phase 13 Post-Route Event Processing | Checksum: 270778ad7

Time (s): cpu = 00:02:04 ; elapsed = 00:01:33 . Memory (MB): peak = 2209.277 ; gain = 133.262
INFO: [Route 35-16] Router Completed Successfully
Ending Routing Task | Checksum: 270778ad7

Time (s): cpu = 00:02:04 ; elapsed = 00:01:33 . Memory (MB): peak = 2209.277 ; gain = 133.262

Routing Is Done.
INFO: [Common 17-83] Releasing license: Implementation
143 Infos, 80 Warnings, 0 Critical Warnings and 0 Errors encountered.
route_design completed successfully
route_design: Time (s): cpu = 00:02:04 ; elapsed = 00:01:34 . Memory (MB): peak = 2209.277 ; gain = 133.262
INFO: [Vivado 12-24828] Executing command : report_drc -file arty_stress_top_drc_routed.rpt -pb arty_stress_top_drc_routed.pb -rpx arty_stress_top_drc_routed.rpx
Command: report_drc -file arty_stress_top_drc_routed.rpt -pb arty_stress_top_drc_routed.pb -rpx arty_stress_top_drc_routed.rpx
INFO: [IP_Flow 19-1839] IP Catalog is up to date.
INFO: [DRC 23-27] Running DRC with 2 threads
INFO: [Vivado_Tcl 2-168] The results of DRC are in file D:/OpalFolder/MyOwnProject/FPGA/GALS_Packet-Based_Fabric/GALS_Packet-Based_Fabric.runs/impl_1/arty_stress_top_drc_routed.rpt.
report_drc completed successfully
report_drc: Time (s): cpu = 00:00:09 ; elapsed = 00:00:06 . Memory (MB): peak = 2209.277 ; gain = 0.000
INFO: [Vivado 12-24828] Executing command : report_methodology -file arty_stress_top_methodology_drc_routed.rpt -pb arty_stress_top_methodology_drc_routed.pb -rpx arty_stress_top_methodology_drc_routed.rpx
Command: report_methodology -file arty_stress_top_methodology_drc_routed.rpt -pb arty_stress_top_methodology_drc_routed.pb -rpx arty_stress_top_methodology_drc_routed.rpx
INFO: [Timing 38-35] Done setting XDC timing constraints.
INFO: [DRC 23-133] Running Methodology with 2 threads
INFO: [Vivado_Tcl 2-1520] The results of Report Methodology are in file D:/OpalFolder/MyOwnProject/FPGA/GALS_Packet-Based_Fabric/GALS_Packet-Based_Fabric.runs/impl_1/arty_stress_top_methodology_drc_routed.rpt.
report_methodology completed successfully
report_drc: Time (s): cpu = 00:00:21 ; elapsed = 00:00:12 . Memory (MB): peak = 2209.277 ; gain = 0.000
INFO: [Vivado 12-24828] Executing command : report_timing_summary -max_paths 10 -routable_nets -report_unconstrained -file arty_stress_top_timing_summary_routed.rpt -pb arty_stress_top_timing_summary_routed.pb -rpx arty_stress_top_timing_summary_routed.rpx -warn_on_violation 
INFO: [Timing 38-35] Done setting XDC timing constraints.
INFO: [Timing 38-91] UpdateTimingParams: Speed grade: -1, Delay Type: min_max.
INFO: [Timing 38-191] Multithreading enabled for timing update using a maximum of 2 CPUs
WARNING: [Timing 38-436] There are set_bus_skew constraint(s) in this design. Please run report_bus_skew to ensure that bus skew requirements are met.
report_timing_summary: Time (s): cpu = 00:00:07 ; elapsed = 00:00:06 . Memory (MB): peak = 2209.277 ; gain = 0.000
INFO: [Vivado 12-24838] Running report commands "report_incremental_reuse, report_route_status" in parallel.
Running report generation with 2 threads.
INFO: [Vivado 12-24828] Executing command : report_incremental_reuse -file arty_stress_top_incremental_reuse_routed.rpt
INFO: [Vivado_Tcl 4-1062] Incremental flow is disabled. No incremental reuse Info to report.
INFO: [Vivado 12-24828] Executing command : report_route_status -file arty_stress_top_route_status.rpt -pb arty_stress_top_route_status.pb
INFO: [Vivado 12-24828] Executing command : report_power -file arty_stress_top_power_routed.rpt -pb arty_stress_top_power_summary_routed.pb -rpx arty_stress_top_power_routed.rpx
Command: report_power -file arty_stress_top_power_routed.rpt -pb arty_stress_top_power_summary_routed.pb -rpx arty_stress_top_power_routed.rpx
Running Vector-less Activity Propagation...

Finished Running Vector-less Activity Propagation
WARNING: [Power 33-332] Found switching activity that implies high-fanout reset nets being asserted for excessive periods of time which may result in inaccurate power analysis.
Resolution: To review and fix problems, please run Power Constraints Advisor in the GUI from Tools > Power Constraints Advisor or run report_power with the -advisory option to generate a text report.
160 Infos, 82 Warnings, 0 Critical Warnings and 0 Errors encountered.
report_power completed successfully
report_power: Time (s): cpu = 00:00:09 ; elapsed = 00:00:07 . Memory (MB): peak = 2209.277 ; gain = 0.000
INFO: [Vivado 12-24828] Executing command : report_clock_utilization -file arty_stress_top_clock_utilization_routed.rpt
INFO: [Vivado 12-24828] Executing command : report_bus_skew -warn_on_violation -file arty_stress_top_bus_skew_routed.rpt -pb arty_stress_top_bus_skew_routed.pb -rpx arty_stress_top_bus_skew_routed.rpx
INFO: [Timing 38-91] UpdateTimingParams: Speed grade: -1, Delay Type: min_max.
INFO: [Timing 38-191] Multithreading enabled for timing update using a maximum of 2 CPUs
generate_parallel_reports: Time (s): cpu = 00:00:49 ; elapsed = 00:00:33 . Memory (MB): peak = 2209.277 ; gain = 0.000
INFO: [Timing 38-480] Writing timing data to binary archive.
Wrote PlaceDB: Time (s): cpu = 00:00:00 ; elapsed = 00:00:00 . Memory (MB): peak = 2216.398 ; gain = 0.000
Wrote PulsedLatchDB: Time (s): cpu = 00:00:00 ; elapsed = 00:00:00 . Memory (MB): peak = 2216.398 ; gain = 0.000
Writing XDEF routing.
Writing XDEF routing logical nets.
Write ShapeDB Complete: Time (s): cpu = 00:00:01 ; elapsed = 00:00:00.176 . Memory (MB): peak = 2232.895 ; gain = 16.629
Writing XDEF routing special nets.
Wrote RouteStorage: Time (s): cpu = 00:00:02 ; elapsed = 00:00:00.569 . Memory (MB): peak = 2233.137 ; gain = 16.738
Wrote PlaceStorage: Time (s): cpu = 00:00:05 ; elapsed = 00:00:01 . Memory (MB): peak = 2235.262 ; gain = 2.125
Wrote Netlist Cache: Time (s): cpu = 00:00:00 ; elapsed = 00:00:00.039 . Memory (MB): peak = 2235.262 ; gain = 0.000
Wrote Device Cache: Time (s): cpu = 00:00:00 ; elapsed = 00:00:00.011 . Memory (MB): peak = 2235.262 ; gain = 0.000
Write Physdb Complete: Time (s): cpu = 00:00:07 ; elapsed = 00:00:02 . Memory (MB): peak = 2235.262 ; gain = 18.996
INFO: [Common 17-1381] The checkpoint 'D:/OpalFolder/MyOwnProject/FPGA/GALS_Packet-Based_Fabric/GALS_Packet-Based_Fabric.runs/impl_1/arty_stress_top_routed.dcp' has been generated.
write_checkpoint: Time (s): cpu = 00:00:09 ; elapsed = 00:00:05 . Memory (MB): peak = 2235.262 ; gain = 25.984
INFO: [Common 17-206] Exiting Vivado at Tue Aug 18 19:01:49 2026...

*** Running vivado
    with args -log arty_stress_top.vdi -applog -m64 -product Vivado -messageDb vivado.pb -mode batch -source arty_stress_top.tcl -notrace



****** Vivado v2025.2 (64-bit)
  **** SW Build 6299465 on Fri Nov 14 19:35:11 GMT 2025
  **** IP Build 6300035 on Fri Nov 14 10:48:45 MST 2025
  **** SharedData Build 6298862 on Thu Nov 13 04:50:51 MST 2025
  **** Start of session at: Tue Aug 18 19:28:31 2026
    ** Copyright 1986-2022 Xilinx, Inc. All Rights Reserved.
    ** Copyright 2022-2025 Advanced Micro Devices, Inc. All Rights Reserved.

source arty_stress_top.tcl -notrace
Command: open_checkpoint arty_stress_top_routed.dcp
INFO: [Device 21-403] Loading part xc7a100tcsg324-1
Netlist sorting complete. Time (s): cpu = 00:00:00 ; elapsed = 00:00:00.676 . Memory (MB): peak = 839.121 ; gain = 0.000
INFO: [Netlist 29-17] Analyzing 1304 Unisim elements for replacement
INFO: [Netlist 29-28] Unisim Transformation completed in 1 CPU seconds
INFO: [Project 1-479] Netlist was created with Vivado 2025.2
INFO: [Project 1-570] Preparing netlist for logic optimization
Read ShapeDB Complete: Time (s): cpu = 00:00:00 ; elapsed = 00:00:00.126 . Memory (MB): peak = 972.094 ; gain = 6.078
INFO: [Timing 38-478] Restoring timing data from binary archive.
INFO: [Timing 38-479] Binary timing data restore complete.
INFO: [Project 1-856] Restoring constraints from binary archive.
INFO: [Project 1-853] Binary constraint restore complete.
INFO: [Designutils 20-5722] Start Reading Physical Databases.
Reading placement.
Read Netlist Cache: Time (s): cpu = 00:00:00 ; elapsed = 00:00:00.019 . Memory (MB): peak = 1602.062 ; gain = 0.000
Reading placer database...
Read Device Cache: Time (s): cpu = 00:00:00 ; elapsed = 00:00:00.012 . Memory (MB): peak = 1602.062 ; gain = 0.000
Read PlaceDB: Time (s): cpu = 00:00:00 ; elapsed = 00:00:00 . Memory (MB): peak = 1602.062 ; gain = 0.000
Read placeStorage: Time (s): cpu = 00:00:01 ; elapsed = 00:00:00.770 . Memory (MB): peak = 1602.062 ; gain = 0.000
Read PulsedLatchDB: Time (s): cpu = 00:00:00 ; elapsed = 00:00:00.001 . Memory (MB): peak = 1602.062 ; gain = 0.000
Reading routing.
Read RouteStorage: Time (s): cpu = 00:00:01 ; elapsed = 00:00:00.313 . Memory (MB): peak = 1604.020 ; gain = 1.957
Read Physdb Files: Time (s): cpu = 00:00:02 ; elapsed = 00:00:01 . Memory (MB): peak = 1604.020 ; gain = 1.957
Restored from archive | CPU: 2.000000 secs | Memory: 0.000000 MB |
Finished XDEF File Restore: Time (s): cpu = 00:00:02 ; elapsed = 00:00:01 . Memory (MB): peak = 1604.020 ; gain = 1.957
Netlist sorting complete. Time (s): cpu = 00:00:00 ; elapsed = 00:00:00.024 . Memory (MB): peak = 1625.230 ; gain = 0.000
INFO: [Project 1-111] Unisim Transformation Summary:
  A total of 722 instances were transformed.
  CFGLUT5 => CFGLUT5 (SRL16E, SRLC32E): 612 instances
  RAM32M => RAM32M (RAMD32(x6), RAMS32(x2)): 90 instances
  RAM32X1D => RAM32X1D (RAMD32(x2)): 20 instances

INFO: [Project 1-604] Checkpoint was created with Vivado v2025.2 (64-bit) build 6299465
open_checkpoint: Time (s): cpu = 00:00:36 ; elapsed = 00:00:43 . Memory (MB): peak = 1633.301 ; gain = 1302.223
Command: write_bitstream -force arty_stress_top.bit
Attempting to get a license for feature 'Implementation' and/or device 'xc7a100t'
INFO: [Common 17-349] Got license for feature 'Implementation' and/or device 'xc7a100t'
Running DRC as a precondition to command write_bitstream
INFO: [IP_Flow 19-234] Refreshing IP repositories
INFO: [IP_Flow 19-1704] No user IP repositories specified
INFO: [IP_Flow 19-2313] Loaded Vivado IP repository 'C:/AMDDesignTools/2025.2/Vivado/data/ip'.
INFO: [DRC 23-27] Running DRC with 2 threads
INFO: [Vivado 12-3199] DRC finished with 0 Errors
INFO: [Vivado 12-3200] Please refer to the DRC report (report_drc) for more information.
Integrating Hard IP ELF/MEM with the PDI.
INFO: [Designutils 20-2272] Running write_bitstream with 2 threads.
Loading data files...
Loading site data...
Loading route data...
Processing options...
Creating bitmap...
Creating bitstream...
Writing bitstream ./arty_stress_top.bit...
INFO: [Vivado 12-1842] Bitgen Completed Successfully.
INFO: [Common 17-83] Releasing license: Implementation
22 Infos, 0 Warnings, 0 Critical Warnings and 0 Errors encountered.
write_bitstream completed successfully
write_bitstream: Time (s): cpu = 00:00:39 ; elapsed = 00:00:29 . Memory (MB): peak = 2222.695 ; gain = 589.395
INFO: [Common 17-206] Exiting Vivado at Tue Aug 18 19:29:56 2026...
