
*** Running vivado
    with args -log arty_stress_top.vds -m64 -product Vivado -mode batch -messageDb vivado.pb -notrace -source arty_stress_top.tcl



****** Vivado v2025.2 (64-bit)
  **** SW Build 6299465 on Fri Nov 14 19:35:11 GMT 2025
  **** IP Build 6300035 on Fri Nov 14 10:48:45 MST 2025
  **** SharedData Build 6298862 on Thu Nov 13 04:50:51 MST 2025
  **** Start of session at: Tue Aug 18 18:32:13 2026
    ** Copyright 1986-2022 Xilinx, Inc. All Rights Reserved.
    ** Copyright 2022-2025 Advanced Micro Devices, Inc. All Rights Reserved.

source arty_stress_top.tcl -notrace
create_project: Time (s): cpu = 00:00:13 ; elapsed = 00:00:14 . Memory (MB): peak = 552.875 ; gain = 220.004
Command: synth_design -top arty_stress_top -part xc7a100tcsg324-1
Starting synth_design
Attempting to get a license for feature 'Synthesis' and/or device 'xc7a100t'
INFO: [Common 17-349] Got license for feature 'Synthesis' and/or device 'xc7a100t'
INFO: [Device 21-403] Loading part xc7a100tcsg324-1
INFO: [Synth 8-7079] Multithreading enabled for synth_design using a maximum of 2 processes.
INFO: [Synth 8-7078] Launching helper process for spawning children vivado processes
INFO: [Synth 8-7075] Helper process launched with PID 18008
---------------------------------------------------------------------------------
Starting RTL Elaboration : Time (s): cpu = 00:00:09 ; elapsed = 00:00:10 . Memory (MB): peak = 1310.996 ; gain = 540.918
---------------------------------------------------------------------------------
INFO: [Synth 8-6157] synthesizing module 'arty_stress_top' [D:/OpalFolder/MyOwnProject/FPGA/GALS_Packet-Based_Fabric/GALS_Packet-Based_Fabric.srcs/sources_1/new/arty_stress_top.sv:30]
	Parameter PATTERN bound to: 32'sb00000000000000000000000000000001 
INFO: [Synth 8-6157] synthesizing module 'clk_wiz_0' [D:/OpalFolder/MyOwnProject/FPGA/GALS_Packet-Based_Fabric/GALS_Packet-Based_Fabric.runs/synth_1/.Xil/Vivado-7984-LAPTOP-QOCHRTAO/realtime/clk_wiz_0_stub.v:6]
INFO: [Synth 8-6155] done synthesizing module 'clk_wiz_0' (0#1) [D:/OpalFolder/MyOwnProject/FPGA/GALS_Packet-Based_Fabric/GALS_Packet-Based_Fabric.runs/synth_1/.Xil/Vivado-7984-LAPTOP-QOCHRTAO/realtime/clk_wiz_0_stub.v:6]
INFO: [Synth 8-6157] synthesizing module 'gals_noc_top' [D:/OpalFolder/MyOwnProject/FPGA/GALS_Packet-Based_Fabric/GALS_Packet-Based_Fabric.srcs/sources_1/new/gals_noc_top.sv:23]
INFO: [Synth 8-6157] synthesizing module 'noc_mesh_2x2_vc' [D:/OpalFolder/MyOwnProject/FPGA/GALS_Packet-Based_Fabric/GALS_Packet-Based_Fabric.srcs/sources_1/new/noc_mesh_2x2_vc.sv:23]
INFO: [Synth 8-6157] synthesizing module 'router_5port_mesh_vc' [D:/OpalFolder/MyOwnProject/FPGA/GALS_Packet-Based_Fabric/GALS_Packet-Based_Fabric.srcs/sources_1/new/router_5port_mesh_vc.sv:23]
	Parameter MY_X bound to: 0 - type: integer 
	Parameter MY_Y bound to: 0 - type: integer 
	Parameter DATA_W bound to: 8 - type: integer 
	Parameter CORD_W bound to: 2 - type: integer 
	Parameter NUM_VCS bound to: 2 - type: integer 
	Parameter DEPTH bound to: 16 - type: integer 
INFO: [Synth 8-6157] synthesizing module 'vc_input_buffer' [D:/OpalFolder/MyOwnProject/FPGA/GALS_Packet-Based_Fabric/GALS_Packet-Based_Fabric.srcs/sources_1/new/vc_input_buffer.sv:23]
	Parameter DATA_W bound to: 8 - type: integer 
	Parameter CORD_W bound to: 2 - type: integer 
	Parameter NUM_VCS bound to: 2 - type: integer 
	Parameter DEPTH bound to: 16 - type: integer 
INFO: [Synth 8-6157] synthesizing module 'sync_fifo' [D:/OpalFolder/MyOwnProject/FPGA/GALS_Packet-Based_Fabric/GALS_Packet-Based_Fabric.srcs/sources_1/new/sync_fifo.sv:23]
	Parameter DATA_WIDTH bound to: 13 - type: integer 
	Parameter DEPTH bound to: 16 - type: integer 
INFO: [Synth 8-6155] done synthesizing module 'sync_fifo' (0#1) [D:/OpalFolder/MyOwnProject/FPGA/GALS_Packet-Based_Fabric/GALS_Packet-Based_Fabric.srcs/sources_1/new/sync_fifo.sv:23]
INFO: [Synth 8-6155] done synthesizing module 'vc_input_buffer' (0#1) [D:/OpalFolder/MyOwnProject/FPGA/GALS_Packet-Based_Fabric/GALS_Packet-Based_Fabric.srcs/sources_1/new/vc_input_buffer.sv:23]
INFO: [Synth 8-6157] synthesizing module 'vc_port_arbiter' [D:/OpalFolder/MyOwnProject/FPGA/GALS_Packet-Based_Fabric/GALS_Packet-Based_Fabric.srcs/sources_1/new/vc_port_arbiter.sv:26]
	Parameter PORTS bound to: 5 - type: integer 
INFO: [Synth 8-6157] synthesizing module 'packet_arbiter' [D:/OpalFolder/MyOwnProject/FPGA/GALS_Packet-Based_Fabric/GALS_Packet-Based_Fabric.srcs/sources_1/new/packet_arbiter.sv:23]
	Parameter PORTS bound to: 5 - type: integer 
INFO: [Synth 8-6155] done synthesizing module 'packet_arbiter' (0#1) [D:/OpalFolder/MyOwnProject/FPGA/GALS_Packet-Based_Fabric/GALS_Packet-Based_Fabric.srcs/sources_1/new/packet_arbiter.sv:23]
INFO: [Synth 8-6155] done synthesizing module 'vc_port_arbiter' (0#1) [D:/OpalFolder/MyOwnProject/FPGA/GALS_Packet-Based_Fabric/GALS_Packet-Based_Fabric.srcs/sources_1/new/vc_port_arbiter.sv:26]
INFO: [Synth 8-6155] done synthesizing module 'router_5port_mesh_vc' (0#1) [D:/OpalFolder/MyOwnProject/FPGA/GALS_Packet-Based_Fabric/GALS_Packet-Based_Fabric.srcs/sources_1/new/router_5port_mesh_vc.sv:23]
INFO: [Synth 8-6157] synthesizing module 'router_5port_mesh_vc__parameterized0' [D:/OpalFolder/MyOwnProject/FPGA/GALS_Packet-Based_Fabric/GALS_Packet-Based_Fabric.srcs/sources_1/new/router_5port_mesh_vc.sv:23]
	Parameter MY_X bound to: 1 - type: integer 
	Parameter MY_Y bound to: 0 - type: integer 
	Parameter DATA_W bound to: 8 - type: integer 
	Parameter CORD_W bound to: 2 - type: integer 
	Parameter NUM_VCS bound to: 2 - type: integer 
	Parameter DEPTH bound to: 16 - type: integer 
INFO: [Synth 8-6155] done synthesizing module 'router_5port_mesh_vc__parameterized0' (0#1) [D:/OpalFolder/MyOwnProject/FPGA/GALS_Packet-Based_Fabric/GALS_Packet-Based_Fabric.srcs/sources_1/new/router_5port_mesh_vc.sv:23]
INFO: [Synth 8-6157] synthesizing module 'router_5port_mesh_vc__parameterized1' [D:/OpalFolder/MyOwnProject/FPGA/GALS_Packet-Based_Fabric/GALS_Packet-Based_Fabric.srcs/sources_1/new/router_5port_mesh_vc.sv:23]
	Parameter MY_X bound to: 0 - type: integer 
	Parameter MY_Y bound to: 1 - type: integer 
	Parameter DATA_W bound to: 8 - type: integer 
	Parameter CORD_W bound to: 2 - type: integer 
	Parameter NUM_VCS bound to: 2 - type: integer 
	Parameter DEPTH bound to: 16 - type: integer 
INFO: [Synth 8-6155] done synthesizing module 'router_5port_mesh_vc__parameterized1' (0#1) [D:/OpalFolder/MyOwnProject/FPGA/GALS_Packet-Based_Fabric/GALS_Packet-Based_Fabric.srcs/sources_1/new/router_5port_mesh_vc.sv:23]
INFO: [Synth 8-6157] synthesizing module 'router_5port_mesh_vc__parameterized2' [D:/OpalFolder/MyOwnProject/FPGA/GALS_Packet-Based_Fabric/GALS_Packet-Based_Fabric.srcs/sources_1/new/router_5port_mesh_vc.sv:23]
	Parameter MY_X bound to: 1 - type: integer 
	Parameter MY_Y bound to: 1 - type: integer 
	Parameter DATA_W bound to: 8 - type: integer 
	Parameter CORD_W bound to: 2 - type: integer 
	Parameter NUM_VCS bound to: 2 - type: integer 
	Parameter DEPTH bound to: 16 - type: integer 
INFO: [Synth 8-6155] done synthesizing module 'router_5port_mesh_vc__parameterized2' (0#1) [D:/OpalFolder/MyOwnProject/FPGA/GALS_Packet-Based_Fabric/GALS_Packet-Based_Fabric.srcs/sources_1/new/router_5port_mesh_vc.sv:23]
INFO: [Synth 8-6155] done synthesizing module 'noc_mesh_2x2_vc' (0#1) [D:/OpalFolder/MyOwnProject/FPGA/GALS_Packet-Based_Fabric/GALS_Packet-Based_Fabric.srcs/sources_1/new/noc_mesh_2x2_vc.sv:23]
INFO: [Synth 8-6157] synthesizing module 'gals_node_wrapper' [D:/OpalFolder/MyOwnProject/FPGA/GALS_Packet-Based_Fabric/GALS_Packet-Based_Fabric.srcs/sources_1/new/gals_node_wrapper.sv:23]
INFO: [Synth 8-6157] synthesizing module 'async_fifo_fwft' [D:/OpalFolder/MyOwnProject/FPGA/GALS_Packet-Based_Fabric/GALS_Packet-Based_Fabric.srcs/sources_1/new/async_fifo_fwft.sv:23]
	Parameter DATA_WIDTH bound to: 13 - type: integer 
	Parameter ADDR_WIDTH bound to: 4 - type: integer 
INFO: [Synth 8-6157] synthesizing module 'async_fifo' [D:/OpalFolder/MyOwnProject/FPGA/GALS_Packet-Based_Fabric/GALS_Packet-Based_Fabric.srcs/sources_1/new/async_fifo.sv:23]
	Parameter DATA_WIDTH bound to: 13 - type: integer 
	Parameter ADDR_WIDTH bound to: 4 - type: integer 
INFO: [Synth 8-6157] synthesizing module 'dual_port_ram' [D:/OpalFolder/MyOwnProject/FPGA/GALS_Packet-Based_Fabric/GALS_Packet-Based_Fabric.srcs/sources_1/new/dual_port_ram.sv:23]
	Parameter DATA_WIDTH bound to: 5 - type: integer 
	Parameter ADDR_WIDTH bound to: 4 - type: integer 
INFO: [Synth 8-6155] done synthesizing module 'dual_port_ram' (0#1) [D:/OpalFolder/MyOwnProject/FPGA/GALS_Packet-Based_Fabric/GALS_Packet-Based_Fabric.srcs/sources_1/new/dual_port_ram.sv:23]
INFO: [Synth 8-6157] synthesizing module 'dual_port_ram_ecc' [D:/OpalFolder/MyOwnProject/FPGA/GALS_Packet-Based_Fabric/GALS_Packet-Based_Fabric.srcs/sources_1/new/dual_port_ram_ecc.sv:23]
	Parameter DATA_WIDTH bound to: 8 - type: integer 
	Parameter ADDR_WIDTH bound to: 4 - type: integer 
INFO: [Synth 8-6157] synthesizing module 'ecc_secded_encode_8b' [D:/OpalFolder/MyOwnProject/FPGA/GALS_Packet-Based_Fabric/GALS_Packet-Based_Fabric.srcs/sources_1/new/ecc_secded_encode_8b.sv:23]
INFO: [Synth 8-6155] done synthesizing module 'ecc_secded_encode_8b' (0#1) [D:/OpalFolder/MyOwnProject/FPGA/GALS_Packet-Based_Fabric/GALS_Packet-Based_Fabric.srcs/sources_1/new/ecc_secded_encode_8b.sv:23]
INFO: [Synth 8-6157] synthesizing module 'dual_port_ram__parameterized0' [D:/OpalFolder/MyOwnProject/FPGA/GALS_Packet-Based_Fabric/GALS_Packet-Based_Fabric.srcs/sources_1/new/dual_port_ram.sv:23]
	Parameter DATA_WIDTH bound to: 13 - type: integer 
	Parameter ADDR_WIDTH bound to: 4 - type: integer 
INFO: [Synth 8-6155] done synthesizing module 'dual_port_ram__parameterized0' (0#1) [D:/OpalFolder/MyOwnProject/FPGA/GALS_Packet-Based_Fabric/GALS_Packet-Based_Fabric.srcs/sources_1/new/dual_port_ram.sv:23]
INFO: [Synth 8-6157] synthesizing module 'ecc_secded_decode_8b' [D:/OpalFolder/MyOwnProject/FPGA/GALS_Packet-Based_Fabric/GALS_Packet-Based_Fabric.srcs/sources_1/new/ecc_secded_decode_8b.sv:23]
INFO: [Synth 8-6155] done synthesizing module 'ecc_secded_decode_8b' (0#1) [D:/OpalFolder/MyOwnProject/FPGA/GALS_Packet-Based_Fabric/GALS_Packet-Based_Fabric.srcs/sources_1/new/ecc_secded_decode_8b.sv:23]
INFO: [Synth 8-6155] done synthesizing module 'dual_port_ram_ecc' (0#1) [D:/OpalFolder/MyOwnProject/FPGA/GALS_Packet-Based_Fabric/GALS_Packet-Based_Fabric.srcs/sources_1/new/dual_port_ram_ecc.sv:23]
INFO: [Synth 8-6157] synthesizing module 'gray_counter' [D:/OpalFolder/MyOwnProject/FPGA/GALS_Packet-Based_Fabric/GALS_Packet-Based_Fabric.srcs/sources_1/new/gray_counter.sv:23]
	Parameter ADDR_WIDTH bound to: 4 - type: integer 
INFO: [Synth 8-6155] done synthesizing module 'gray_counter' (0#1) [D:/OpalFolder/MyOwnProject/FPGA/GALS_Packet-Based_Fabric/GALS_Packet-Based_Fabric.srcs/sources_1/new/gray_counter.sv:23]
INFO: [Synth 8-6157] synthesizing module 'sync_2stage' [D:/OpalFolder/MyOwnProject/FPGA/GALS_Packet-Based_Fabric/GALS_Packet-Based_Fabric.srcs/sources_1/new/sync_2stage.sv:23]
	Parameter WIDTH bound to: 5 - type: integer 
INFO: [Synth 8-6155] done synthesizing module 'sync_2stage' (0#1) [D:/OpalFolder/MyOwnProject/FPGA/GALS_Packet-Based_Fabric/GALS_Packet-Based_Fabric.srcs/sources_1/new/sync_2stage.sv:23]
INFO: [Synth 8-6155] done synthesizing module 'async_fifo' (0#1) [D:/OpalFolder/MyOwnProject/FPGA/GALS_Packet-Based_Fabric/GALS_Packet-Based_Fabric.srcs/sources_1/new/async_fifo.sv:23]
INFO: [Synth 8-6157] synthesizing module 'fwft_wrapper' [D:/OpalFolder/MyOwnProject/FPGA/GALS_Packet-Based_Fabric/GALS_Packet-Based_Fabric.srcs/sources_1/new/fwft_wrapper.sv:23]
	Parameter DATA_WIDTH bound to: 13 - type: integer 
INFO: [Synth 8-6155] done synthesizing module 'fwft_wrapper' (0#1) [D:/OpalFolder/MyOwnProject/FPGA/GALS_Packet-Based_Fabric/GALS_Packet-Based_Fabric.srcs/sources_1/new/fwft_wrapper.sv:23]
INFO: [Synth 8-6155] done synthesizing module 'async_fifo_fwft' (0#1) [D:/OpalFolder/MyOwnProject/FPGA/GALS_Packet-Based_Fabric/GALS_Packet-Based_Fabric.srcs/sources_1/new/async_fifo_fwft.sv:23]
INFO: [Synth 8-6155] done synthesizing module 'gals_node_wrapper' (0#1) [D:/OpalFolder/MyOwnProject/FPGA/GALS_Packet-Based_Fabric/GALS_Packet-Based_Fabric.srcs/sources_1/new/gals_node_wrapper.sv:23]
INFO: [Synth 8-6157] synthesizing module 'axis_perf_mon' [D:/OpalFolder/MyOwnProject/FPGA/GALS_Packet-Based_Fabric/GALS_Packet-Based_Fabric.srcs/sources_1/new/axis_perf_mon.sv:23]
INFO: [Synth 8-6155] done synthesizing module 'axis_perf_mon' (0#1) [D:/OpalFolder/MyOwnProject/FPGA/GALS_Packet-Based_Fabric/GALS_Packet-Based_Fabric.srcs/sources_1/new/axis_perf_mon.sv:23]
INFO: [Synth 8-6155] done synthesizing module 'gals_noc_top' (0#1) [D:/OpalFolder/MyOwnProject/FPGA/GALS_Packet-Based_Fabric/GALS_Packet-Based_Fabric.srcs/sources_1/new/gals_noc_top.sv:23]
INFO: [Synth 8-6157] synthesizing module 'noc_stress_tester' [D:/OpalFolder/MyOwnProject/FPGA/GALS_Packet-Based_Fabric/GALS_Packet-Based_Fabric.srcs/sources_1/new/noc_stress_tester.sv:31]
	Parameter PATTERN bound to: 32'sb00000000000000000000000000000001 
INFO: [Synth 8-6157] synthesizing module 'traffic_node_agent' [D:/OpalFolder/MyOwnProject/FPGA/GALS_Packet-Based_Fabric/GALS_Packet-Based_Fabric.srcs/sources_1/new/traffic_node_agent.sv:23]
	Parameter DEST_ID bound to: 4'b0101 
	Parameter SRC_TAG bound to: 2'b00 
	Parameter TX_EN bound to: 1'b0 
INFO: [Synth 8-226] default block is never used [D:/OpalFolder/MyOwnProject/FPGA/GALS_Packet-Based_Fabric/GALS_Packet-Based_Fabric.srcs/sources_1/new/traffic_node_agent.sv:174]
INFO: [Synth 8-6155] done synthesizing module 'traffic_node_agent' (0#1) [D:/OpalFolder/MyOwnProject/FPGA/GALS_Packet-Based_Fabric/GALS_Packet-Based_Fabric.srcs/sources_1/new/traffic_node_agent.sv:23]
INFO: [Synth 8-6157] synthesizing module 'traffic_node_agent__parameterized0' [D:/OpalFolder/MyOwnProject/FPGA/GALS_Packet-Based_Fabric/GALS_Packet-Based_Fabric.srcs/sources_1/new/traffic_node_agent.sv:23]
	Parameter DEST_ID bound to: 4'b0000 
	Parameter SRC_TAG bound to: 2'b11 
INFO: [Synth 8-226] default block is never used [D:/OpalFolder/MyOwnProject/FPGA/GALS_Packet-Based_Fabric/GALS_Packet-Based_Fabric.srcs/sources_1/new/traffic_node_agent.sv:174]
INFO: [Synth 8-6155] done synthesizing module 'traffic_node_agent__parameterized0' (0#1) [D:/OpalFolder/MyOwnProject/FPGA/GALS_Packet-Based_Fabric/GALS_Packet-Based_Fabric.srcs/sources_1/new/traffic_node_agent.sv:23]
INFO: [Synth 8-6157] synthesizing module 'traffic_node_agent__parameterized1' [D:/OpalFolder/MyOwnProject/FPGA/GALS_Packet-Based_Fabric/GALS_Packet-Based_Fabric.srcs/sources_1/new/traffic_node_agent.sv:23]
	Parameter DEST_ID bound to: 4'b0000 
	Parameter SRC_TAG bound to: 2'b01 
INFO: [Synth 8-226] default block is never used [D:/OpalFolder/MyOwnProject/FPGA/GALS_Packet-Based_Fabric/GALS_Packet-Based_Fabric.srcs/sources_1/new/traffic_node_agent.sv:174]
INFO: [Synth 8-6155] done synthesizing module 'traffic_node_agent__parameterized1' (0#1) [D:/OpalFolder/MyOwnProject/FPGA/GALS_Packet-Based_Fabric/GALS_Packet-Based_Fabric.srcs/sources_1/new/traffic_node_agent.sv:23]
INFO: [Synth 8-6157] synthesizing module 'traffic_node_agent__parameterized2' [D:/OpalFolder/MyOwnProject/FPGA/GALS_Packet-Based_Fabric/GALS_Packet-Based_Fabric.srcs/sources_1/new/traffic_node_agent.sv:23]
	Parameter DEST_ID bound to: 4'b0000 
	Parameter SRC_TAG bound to: 2'b10 
INFO: [Synth 8-226] default block is never used [D:/OpalFolder/MyOwnProject/FPGA/GALS_Packet-Based_Fabric/GALS_Packet-Based_Fabric.srcs/sources_1/new/traffic_node_agent.sv:174]
INFO: [Synth 8-6155] done synthesizing module 'traffic_node_agent__parameterized2' (0#1) [D:/OpalFolder/MyOwnProject/FPGA/GALS_Packet-Based_Fabric/GALS_Packet-Based_Fabric.srcs/sources_1/new/traffic_node_agent.sv:23]
INFO: [Synth 8-6157] synthesizing module 'sync_2stage__parameterized0' [D:/OpalFolder/MyOwnProject/FPGA/GALS_Packet-Based_Fabric/GALS_Packet-Based_Fabric.srcs/sources_1/new/sync_2stage.sv:23]
	Parameter WIDTH bound to: 8 - type: integer 
INFO: [Synth 8-6155] done synthesizing module 'sync_2stage__parameterized0' (0#1) [D:/OpalFolder/MyOwnProject/FPGA/GALS_Packet-Based_Fabric/GALS_Packet-Based_Fabric.srcs/sources_1/new/sync_2stage.sv:23]
INFO: [Synth 8-6155] done synthesizing module 'noc_stress_tester' (0#1) [D:/OpalFolder/MyOwnProject/FPGA/GALS_Packet-Based_Fabric/GALS_Packet-Based_Fabric.srcs/sources_1/new/noc_stress_tester.sv:31]
INFO: [Synth 8-6155] done synthesizing module 'arty_stress_top' (0#1) [D:/OpalFolder/MyOwnProject/FPGA/GALS_Packet-Based_Fabric/GALS_Packet-Based_Fabric.srcs/sources_1/new/arty_stress_top.sv:30]
WARNING: [Synth 8-6014] Unused sequential element locked_from_mask_reg was removed.  [D:/OpalFolder/MyOwnProject/FPGA/GALS_Packet-Based_Fabric/GALS_Packet-Based_Fabric.srcs/sources_1/new/packet_arbiter.sv:74]
INFO: [Synth 8-6071] Mark debug on the nets applies keep_hierarchy on instance 'ingress_perf_mon'. This will prevent further optimization [D:/OpalFolder/MyOwnProject/FPGA/GALS_Packet-Based_Fabric/GALS_Packet-Based_Fabric.srcs/sources_1/new/gals_noc_top.sv:217]
INFO: [Synth 8-6071] Mark debug on the nets applies keep_hierarchy on instance 'egress_perf_mon'. This will prevent further optimization [D:/OpalFolder/MyOwnProject/FPGA/GALS_Packet-Based_Fabric/GALS_Packet-Based_Fabric.srcs/sources_1/new/gals_noc_top.sv:242]
INFO: [Synth 8-6071] Mark debug on the nets applies keep_hierarchy on instance 'agent_00'. This will prevent further optimization [D:/OpalFolder/MyOwnProject/FPGA/GALS_Packet-Based_Fabric/GALS_Packet-Based_Fabric.srcs/sources_1/new/noc_stress_tester.sv:83]
INFO: [Synth 8-6071] Mark debug on the nets applies keep_hierarchy on instance 'agent_11'. This will prevent further optimization [D:/OpalFolder/MyOwnProject/FPGA/GALS_Packet-Based_Fabric/GALS_Packet-Based_Fabric.srcs/sources_1/new/noc_stress_tester.sv:91]
INFO: [Synth 8-6071] Mark debug on the nets applies keep_hierarchy on instance 'agent_01'. This will prevent further optimization [D:/OpalFolder/MyOwnProject/FPGA/GALS_Packet-Based_Fabric/GALS_Packet-Based_Fabric.srcs/sources_1/new/noc_stress_tester.sv:99]
INFO: [Synth 8-6071] Mark debug on the nets applies keep_hierarchy on instance 'agent_10'. This will prevent further optimization [D:/OpalFolder/MyOwnProject/FPGA/GALS_Packet-Based_Fabric/GALS_Packet-Based_Fabric.srcs/sources_1/new/noc_stress_tester.sv:107]
WARNING: [Synth 8-3917] design arty_stress_top has port uart_txd driven by constant 1
WARNING: [Synth 8-7129] Port rx_tid[0] in module traffic_node_agent__parameterized2 is either unconnected or has no load
WARNING: [Synth 8-7129] Port rx_tlast in module traffic_node_agent__parameterized2 is either unconnected or has no load
WARNING: [Synth 8-7129] Port rx_tid[0] in module traffic_node_agent__parameterized1 is either unconnected or has no load
WARNING: [Synth 8-7129] Port rx_tlast in module traffic_node_agent__parameterized1 is either unconnected or has no load
WARNING: [Synth 8-7129] Port rx_tid[0] in module traffic_node_agent__parameterized0 is either unconnected or has no load
WARNING: [Synth 8-7129] Port rx_tlast in module traffic_node_agent__parameterized0 is either unconnected or has no load
WARNING: [Synth 8-7129] Port rx_tid[0] in module traffic_node_agent is either unconnected or has no load
WARNING: [Synth 8-7129] Port rx_tlast in module traffic_node_agent is either unconnected or has no load
WARNING: [Synth 8-7129] Port tx_tready[1] in module traffic_node_agent is either unconnected or has no load
WARNING: [Synth 8-7129] Port tx_tready[0] in module traffic_node_agent is either unconnected or has no load
WARNING: [Synth 8-7129] Port uart_rxd in module arty_stress_top is either unconnected or has no load
---------------------------------------------------------------------------------
Finished RTL Elaboration : Time (s): cpu = 00:00:14 ; elapsed = 00:00:16 . Memory (MB): peak = 1484.422 ; gain = 714.344
---------------------------------------------------------------------------------
---------------------------------------------------------------------------------
Start Handling Custom Attributes
---------------------------------------------------------------------------------
---------------------------------------------------------------------------------
Finished Handling Custom Attributes : Time (s): cpu = 00:00:14 ; elapsed = 00:00:16 . Memory (MB): peak = 1484.422 ; gain = 714.344
---------------------------------------------------------------------------------
---------------------------------------------------------------------------------
Finished RTL Optimization Phase 1 : Time (s): cpu = 00:00:14 ; elapsed = 00:00:16 . Memory (MB): peak = 1484.422 ; gain = 714.344
---------------------------------------------------------------------------------
Netlist sorting complete. Time (s): cpu = 00:00:01 ; elapsed = 00:00:00.283 . Memory (MB): peak = 1484.422 ; gain = 0.000
INFO: [Project 1-570] Preparing netlist for logic optimization

Processing XDC Constraints
Initializing timing engine
Parsing XDC File [d:/OpalFolder/MyOwnProject/FPGA/GALS_Packet-Based_Fabric/GALS_Packet-Based_Fabric.gen/sources_1/ip/clk_wiz_0/clk_wiz_0/clk_wiz_0_in_context.xdc] for cell 'clk_gen'
Finished Parsing XDC File [d:/OpalFolder/MyOwnProject/FPGA/GALS_Packet-Based_Fabric/GALS_Packet-Based_Fabric.gen/sources_1/ip/clk_wiz_0/clk_wiz_0/clk_wiz_0_in_context.xdc] for cell 'clk_gen'
Parsing XDC File [D:/OpalFolder/MyOwnProject/FPGA/GALS_Packet-Based_Fabric/GALS_Packet-Based_Fabric.srcs/constrs_1/new/arty.xdc]
Finished Parsing XDC File [D:/OpalFolder/MyOwnProject/FPGA/GALS_Packet-Based_Fabric/GALS_Packet-Based_Fabric.srcs/constrs_1/new/arty.xdc]
INFO: [Project 1-236] Implementation specific constraints were found while reading constraint file [D:/OpalFolder/MyOwnProject/FPGA/GALS_Packet-Based_Fabric/GALS_Packet-Based_Fabric.srcs/constrs_1/new/arty.xdc]. These constraints will be ignored for synthesis but will be used in implementation. Impacted constraints are listed in the file [.Xil/arty_stress_top_propImpl.xdc].
Resolution: To avoid this warning, move constraints listed in [.Xil/arty_stress_top_propImpl.xdc] to another XDC file and exclude this new file from synthesis with the used_in_synthesis property (File Properties dialog in GUI) and re-run elaboration/synthesis.
Completed Processing XDC Constraints

Netlist sorting complete. Time (s): cpu = 00:00:00 ; elapsed = 00:00:00.011 . Memory (MB): peak = 1551.445 ; gain = 0.000
INFO: [Project 1-111] Unisim Transformation Summary:
No Unisim elements were transformed.

Constraint Validation Runtime : Time (s): cpu = 00:00:00 ; elapsed = 00:00:00.202 . Memory (MB): peak = 1551.445 ; gain = 0.000
---------------------------------------------------------------------------------
Finished Constraint Validation : Time (s): cpu = 00:00:31 ; elapsed = 00:00:35 . Memory (MB): peak = 1551.445 ; gain = 781.367
---------------------------------------------------------------------------------
---------------------------------------------------------------------------------
Start Loading Part and Timing Information
---------------------------------------------------------------------------------
Loading part: xc7a100tcsg324-1
---------------------------------------------------------------------------------
Finished Loading Part and Timing Information : Time (s): cpu = 00:00:31 ; elapsed = 00:00:35 . Memory (MB): peak = 1551.445 ; gain = 781.367
---------------------------------------------------------------------------------
---------------------------------------------------------------------------------
Start Applying 'set_property' XDC Constraints
---------------------------------------------------------------------------------
---------------------------------------------------------------------------------
Finished applying 'set_property' XDC Constraints : Time (s): cpu = 00:00:31 ; elapsed = 00:00:35 . Memory (MB): peak = 1551.445 ; gain = 781.367
---------------------------------------------------------------------------------
INFO: [Synth 8-802] inferred FSM for state register 'state_reg' in module 'traffic_node_agent'
INFO: [Synth 8-802] inferred FSM for state register 'state_reg' in module 'traffic_node_agent__parameterized0'
INFO: [Synth 8-802] inferred FSM for state register 'state_reg' in module 'traffic_node_agent__parameterized1'
INFO: [Synth 8-802] inferred FSM for state register 'state_reg' in module 'traffic_node_agent__parameterized2'
---------------------------------------------------------------------------------------------------
                   State |                     New Encoding |                Previous Encoding 
---------------------------------------------------------------------------------------------------
                S_WARMUP |                             0001 |                               00
                   S_RUN |                             0010 |                               01
                 S_DRAIN |                             0100 |                               10
                  S_DONE |                             1000 |                               11
---------------------------------------------------------------------------------------------------
INFO: [Synth 8-3354] encoded FSM with state register 'state_reg' using encoding 'one-hot' in module 'traffic_node_agent'
---------------------------------------------------------------------------------------------------
                   State |                     New Encoding |                Previous Encoding 
---------------------------------------------------------------------------------------------------
                S_WARMUP |                             0001 |                               00
                   S_RUN |                             0010 |                               01
                 S_DRAIN |                             0100 |                               10
                  S_DONE |                             1000 |                               11
---------------------------------------------------------------------------------------------------
INFO: [Synth 8-3354] encoded FSM with state register 'state_reg' using encoding 'one-hot' in module 'traffic_node_agent__parameterized0'
---------------------------------------------------------------------------------------------------
                   State |                     New Encoding |                Previous Encoding 
---------------------------------------------------------------------------------------------------
                S_WARMUP |                             0001 |                               00
                   S_RUN |                             0010 |                               01
                 S_DRAIN |                             0100 |                               10
                  S_DONE |                             1000 |                               11
---------------------------------------------------------------------------------------------------
INFO: [Synth 8-3354] encoded FSM with state register 'state_reg' using encoding 'one-hot' in module 'traffic_node_agent__parameterized1'
---------------------------------------------------------------------------------------------------
                   State |                     New Encoding |                Previous Encoding 
---------------------------------------------------------------------------------------------------
                S_WARMUP |                             0001 |                               00
                   S_RUN |                             0010 |                               01
                 S_DRAIN |                             0100 |                               10
                  S_DONE |                             1000 |                               11
---------------------------------------------------------------------------------------------------
INFO: [Synth 8-3354] encoded FSM with state register 'state_reg' using encoding 'one-hot' in module 'traffic_node_agent__parameterized2'
---------------------------------------------------------------------------------
Finished RTL Optimization Phase 2 : Time (s): cpu = 00:00:34 ; elapsed = 00:00:38 . Memory (MB): peak = 1551.445 ; gain = 781.367
---------------------------------------------------------------------------------
---------------------------------------------------------------------------------
Start RTL Component Statistics 
---------------------------------------------------------------------------------
Detailed RTL Component Info : 
+---Adders : 
	   2 Input   32 Bit       Adders := 34    
	   2 Input   10 Bit       Adders := 4     
	   2 Input    7 Bit       Adders := 20    
	   2 Input    6 Bit       Adders := 10    
	   2 Input    5 Bit       Adders := 224   
	   3 Input    5 Bit       Adders := 32    
	   2 Input    4 Bit       Adders := 19    
	   3 Input    2 Bit       Adders := 16    
+---XORs : 
	   2 Input      5 Bit         XORs := 32    
	   2 Input      1 Bit         XORs := 304   
	   4 Input      1 Bit         XORs := 32    
	   3 Input      1 Bit         XORs := 32    
	   5 Input      1 Bit         XORs := 64    
+---XORs : 
	               12 Bit    Wide XORs := 32    
+---Registers : 
	               32 Bit    Registers := 20    
	               13 Bit    Registers := 48    
	               10 Bit    Registers := 4     
	                8 Bit    Registers := 22    
	                6 Bit    Registers := 40    
	                5 Bit    Registers := 304   
	                4 Bit    Registers := 8     
	                2 Bit    Registers := 4     
	                1 Bit    Registers := 188   
+---RAMs : 
	              208 Bit	(16 X 13 bit)          RAMs := 56    
	               80 Bit	(16 X 5 bit)          RAMs := 16    
+---Muxes : 
	   3 Input   32 Bit        Muxes := 8     
	   2 Input   32 Bit        Muxes := 3     
	   2 Input   13 Bit        Muxes := 16    
	   2 Input   12 Bit        Muxes := 16    
	   2 Input    8 Bit        Muxes := 56    
	   2 Input    6 Bit        Muxes := 14    
	   4 Input    6 Bit        Muxes := 8     
	   2 Input    5 Bit        Muxes := 258   
	   4 Input    5 Bit        Muxes := 1     
	   5 Input    5 Bit        Muxes := 9     
	   2 Input    4 Bit        Muxes := 41    
	   3 Input    4 Bit        Muxes := 1     
	   4 Input    4 Bit        Muxes := 1     
	   3 Input    3 Bit        Muxes := 9     
	   2 Input    2 Bit        Muxes := 46    
	   4 Input    2 Bit        Muxes := 4     
	   2 Input    1 Bit        Muxes := 572   
	   4 Input    1 Bit        Muxes := 12    
---------------------------------------------------------------------------------
Finished RTL Component Statistics 
---------------------------------------------------------------------------------
---------------------------------------------------------------------------------
Start Part Resource Summary
---------------------------------------------------------------------------------
Part Resources:
DSPs: 240 (col length:80)
BRAMs: 270 (col length: RAMB18 80 RAMB36 40)
---------------------------------------------------------------------------------
Finished Part Resource Summary
---------------------------------------------------------------------------------
---------------------------------------------------------------------------------
Start Cross Boundary and Area Optimization
---------------------------------------------------------------------------------
WARNING: [Synth 8-3917] design arty_stress_top has port uart_txd driven by constant 1
WARNING: [Synth 8-7129] Port rx_tid[0] in module traffic_node_agent__parameterized2 is either unconnected or has no load
WARNING: [Synth 8-7129] Port rx_tlast in module traffic_node_agent__parameterized2 is either unconnected or has no load
WARNING: [Synth 8-7129] Port rx_tid[0] in module traffic_node_agent__parameterized1 is either unconnected or has no load
WARNING: [Synth 8-7129] Port rx_tlast in module traffic_node_agent__parameterized1 is either unconnected or has no load
WARNING: [Synth 8-7129] Port rx_tid[0] in module traffic_node_agent__parameterized0 is either unconnected or has no load
WARNING: [Synth 8-7129] Port rx_tlast in module traffic_node_agent__parameterized0 is either unconnected or has no load
WARNING: [Synth 8-7129] Port rx_tid[0] in module traffic_node_agent is either unconnected or has no load
WARNING: [Synth 8-7129] Port rx_tlast in module traffic_node_agent is either unconnected or has no load
WARNING: [Synth 8-7129] Port tx_tready[1] in module traffic_node_agent is either unconnected or has no load
WARNING: [Synth 8-7129] Port tx_tready[0] in module traffic_node_agent is either unconnected or has no load
WARNING: [Synth 8-7129] Port uart_rxd in module arty_stress_top is either unconnected or has no load
---------------------------------------------------------------------------------
Finished Cross Boundary and Area Optimization : Time (s): cpu = 00:02:23 ; elapsed = 00:02:32 . Memory (MB): peak = 1924.578 ; gain = 1154.500
---------------------------------------------------------------------------------
---------------------------------------------------------------------------------
Start ROM, RAM, DSP, Shift Register and Retiming Reporting
---------------------------------------------------------------------------------

Distributed RAM: Preliminary Mapping Report (see note below)
+-------------------------------------------+------------------------------------------------------------------+-----------+----------------------+-------------+
|Module Name                                | RTL Object                                                       | Inference | Size (Depth x Width) | Primitives  | 
+-------------------------------------------+------------------------------------------------------------------+-----------+----------------------+-------------+
|uut_noc_top/\uut_noc/ROW[0].COL[0].router  | GEN_IN_BUF[1].in_buf/gen_vc_fifo[0].vc_fifo_inst/mem_reg         | Implied   | 16 x 13              | RAM32M x 3  | 
|uut_noc_top/\uut_noc/ROW[0].COL[0].router  | GEN_IN_BUF[1].in_buf/gen_vc_fifo[1].vc_fifo_inst/mem_reg         | Implied   | 16 x 13              | RAM32M x 3  | 
|uut_noc_top/\uut_noc/ROW[0].COL[0].router  | GEN_IN_BUF[3].in_buf/gen_vc_fifo[0].vc_fifo_inst/mem_reg         | Implied   | 16 x 13              | RAM32M x 3  | 
|uut_noc_top/\uut_noc/ROW[0].COL[0].router  | GEN_IN_BUF[3].in_buf/gen_vc_fifo[1].vc_fifo_inst/mem_reg         | Implied   | 16 x 13              | RAM32M x 3  | 
|uut_noc_top/\uut_noc/ROW[0].COL[1].router  | GEN_IN_BUF[0].in_buf/gen_vc_fifo[0].vc_fifo_inst/mem_reg         | Implied   | 16 x 13              | RAM32M x 3  | 
|uut_noc_top/\uut_noc/ROW[0].COL[1].router  | GEN_IN_BUF[0].in_buf/gen_vc_fifo[1].vc_fifo_inst/mem_reg         | Implied   | 16 x 13              | RAM32M x 3  | 
|uut_noc_top/\uut_noc/ROW[0].COL[1].router  | GEN_IN_BUF[1].in_buf/gen_vc_fifo[0].vc_fifo_inst/mem_reg         | Implied   | 16 x 13              | RAM32M x 3  | 
|uut_noc_top/\uut_noc/ROW[0].COL[1].router  | GEN_IN_BUF[1].in_buf/gen_vc_fifo[1].vc_fifo_inst/mem_reg         | Implied   | 16 x 13              | RAM32M x 3  | 
|uut_noc_top/\uut_noc/ROW[0].COL[1].router  | GEN_IN_BUF[4].in_buf/gen_vc_fifo[0].vc_fifo_inst/mem_reg         | Implied   | 16 x 13              | RAM32M x 3  | 
|uut_noc_top/\uut_noc/ROW[0].COL[1].router  | GEN_IN_BUF[4].in_buf/gen_vc_fifo[1].vc_fifo_inst/mem_reg         | Implied   | 16 x 13              | RAM32M x 3  | 
|uut_noc_top/\uut_noc/ROW[1].COL[0].router  | GEN_IN_BUF[0].in_buf/gen_vc_fifo[0].vc_fifo_inst/mem_reg         | Implied   | 16 x 13              | RAM32M x 3  | 
|uut_noc_top/\uut_noc/ROW[1].COL[0].router  | GEN_IN_BUF[0].in_buf/gen_vc_fifo[1].vc_fifo_inst/mem_reg         | Implied   | 16 x 13              | RAM32M x 3  | 
|uut_noc_top/\uut_noc/ROW[1].COL[0].router  | GEN_IN_BUF[2].in_buf/gen_vc_fifo[0].vc_fifo_inst/mem_reg         | Implied   | 16 x 13              | RAM32M x 3  | 
|uut_noc_top/\uut_noc/ROW[1].COL[0].router  | GEN_IN_BUF[2].in_buf/gen_vc_fifo[1].vc_fifo_inst/mem_reg         | Implied   | 16 x 13              | RAM32M x 3  | 
|uut_noc_top/\uut_noc/ROW[1].COL[0].router  | GEN_IN_BUF[3].in_buf/gen_vc_fifo[0].vc_fifo_inst/mem_reg         | Implied   | 16 x 13              | RAM32M x 3  | 
|uut_noc_top/\uut_noc/ROW[1].COL[0].router  | GEN_IN_BUF[3].in_buf/gen_vc_fifo[1].vc_fifo_inst/mem_reg         | Implied   | 16 x 13              | RAM32M x 3  | 
|uut_noc_top/\uut_noc/ROW[1].COL[1].router  | GEN_IN_BUF[0].in_buf/gen_vc_fifo[0].vc_fifo_inst/mem_reg         | Implied   | 16 x 13              | RAM32M x 3  | 
|uut_noc_top/\uut_noc/ROW[1].COL[1].router  | GEN_IN_BUF[0].in_buf/gen_vc_fifo[1].vc_fifo_inst/mem_reg         | Implied   | 16 x 13              | RAM32M x 3  | 
|uut_noc_top/\uut_noc/ROW[1].COL[1].router  | GEN_IN_BUF[2].in_buf/gen_vc_fifo[0].vc_fifo_inst/mem_reg         | Implied   | 16 x 13              | RAM32M x 3  | 
|uut_noc_top/\uut_noc/ROW[1].COL[1].router  | GEN_IN_BUF[2].in_buf/gen_vc_fifo[1].vc_fifo_inst/mem_reg         | Implied   | 16 x 13              | RAM32M x 3  | 
|uut_noc_top/\uut_noc/ROW[1].COL[1].router  | GEN_IN_BUF[4].in_buf/gen_vc_fifo[0].vc_fifo_inst/mem_reg         | Implied   | 16 x 13              | RAM32M x 3  | 
|uut_noc_top/\uut_noc/ROW[1].COL[1].router  | GEN_IN_BUF[4].in_buf/gen_vc_fifo[1].vc_fifo_inst/mem_reg         | Implied   | 16 x 13              | RAM32M x 3  | 
|gals_node_wrapper:                         | RX_VC[0].rx_fifo/core_fifo/dp_ram_ecc_inst/core_ram/mem_reg      | Implied   | 16 x 13              | RAM32M x 3  | 
|gals_node_wrapper:                         | RX_VC[0].rx_fifo/core_fifo/GEN_CTRL_RAM.dp_ram_ctrl_inst/mem_reg | Implied   | 16 x 5               | RAM32M x 1  | 
|gals_node_wrapper:                         | RX_VC[1].rx_fifo/core_fifo/dp_ram_ecc_inst/core_ram/mem_reg      | Implied   | 16 x 13              | RAM32M x 3  | 
|gals_node_wrapper:                         | RX_VC[1].rx_fifo/core_fifo/GEN_CTRL_RAM.dp_ram_ctrl_inst/mem_reg | Implied   | 16 x 5               | RAM32M x 1  | 
|gals_node_wrapper:                         | TX_VC[0].tx_fifo/core_fifo/dp_ram_ecc_inst/core_ram/mem_reg      | Implied   | 16 x 13              | RAM32M x 3  | 
|gals_node_wrapper:                         | TX_VC[0].tx_fifo/core_fifo/GEN_CTRL_RAM.dp_ram_ctrl_inst/mem_reg | Implied   | 16 x 5               | RAM32M x 1  | 
|gals_node_wrapper:                         | TX_VC[1].tx_fifo/core_fifo/dp_ram_ecc_inst/core_ram/mem_reg      | Implied   | 16 x 13              | RAM32M x 3  | 
|gals_node_wrapper:                         | TX_VC[1].tx_fifo/core_fifo/GEN_CTRL_RAM.dp_ram_ctrl_inst/mem_reg | Implied   | 16 x 5               | RAM32M x 1  | 
|gals_node_wrapper:                         | RX_VC[0].rx_fifo/core_fifo/dp_ram_ecc_inst/core_ram/mem_reg      | Implied   | 16 x 13              | RAM32M x 3  | 
|gals_node_wrapper:                         | RX_VC[0].rx_fifo/core_fifo/GEN_CTRL_RAM.dp_ram_ctrl_inst/mem_reg | Implied   | 16 x 5               | RAM32M x 1  | 
|gals_node_wrapper:                         | RX_VC[1].rx_fifo/core_fifo/dp_ram_ecc_inst/core_ram/mem_reg      | Implied   | 16 x 13              | RAM32M x 3  | 
|gals_node_wrapper:                         | RX_VC[1].rx_fifo/core_fifo/GEN_CTRL_RAM.dp_ram_ctrl_inst/mem_reg | Implied   | 16 x 5               | RAM32M x 1  | 
|gals_node_wrapper:                         | TX_VC[0].tx_fifo/core_fifo/dp_ram_ecc_inst/core_ram/mem_reg      | Implied   | 16 x 13              | RAM32M x 3  | 
|gals_node_wrapper:                         | TX_VC[0].tx_fifo/core_fifo/GEN_CTRL_RAM.dp_ram_ctrl_inst/mem_reg | Implied   | 16 x 5               | RAM32M x 1  | 
|gals_node_wrapper:                         | TX_VC[1].tx_fifo/core_fifo/dp_ram_ecc_inst/core_ram/mem_reg      | Implied   | 16 x 13              | RAM32M x 3  | 
|gals_node_wrapper:                         | TX_VC[1].tx_fifo/core_fifo/GEN_CTRL_RAM.dp_ram_ctrl_inst/mem_reg | Implied   | 16 x 5               | RAM32M x 1  | 
|gals_node_wrapper:                         | RX_VC[0].rx_fifo/core_fifo/dp_ram_ecc_inst/core_ram/mem_reg      | Implied   | 16 x 13              | RAM32M x 3  | 
|gals_node_wrapper:                         | RX_VC[0].rx_fifo/core_fifo/GEN_CTRL_RAM.dp_ram_ctrl_inst/mem_reg | Implied   | 16 x 5               | RAM32M x 1  | 
|gals_node_wrapper:                         | RX_VC[1].rx_fifo/core_fifo/dp_ram_ecc_inst/core_ram/mem_reg      | Implied   | 16 x 13              | RAM32M x 3  | 
|gals_node_wrapper:                         | RX_VC[1].rx_fifo/core_fifo/GEN_CTRL_RAM.dp_ram_ctrl_inst/mem_reg | Implied   | 16 x 5               | RAM32M x 1  | 
|gals_node_wrapper:                         | TX_VC[0].tx_fifo/core_fifo/dp_ram_ecc_inst/core_ram/mem_reg      | Implied   | 16 x 13              | RAM32M x 3  | 
|gals_node_wrapper:                         | TX_VC[0].tx_fifo/core_fifo/GEN_CTRL_RAM.dp_ram_ctrl_inst/mem_reg | Implied   | 16 x 5               | RAM32M x 1  | 
|gals_node_wrapper:                         | TX_VC[1].tx_fifo/core_fifo/dp_ram_ecc_inst/core_ram/mem_reg      | Implied   | 16 x 13              | RAM32M x 3  | 
|gals_node_wrapper:                         | TX_VC[1].tx_fifo/core_fifo/GEN_CTRL_RAM.dp_ram_ctrl_inst/mem_reg | Implied   | 16 x 5               | RAM32M x 1  | 
|gals_node_wrapper:                         | RX_VC[0].rx_fifo/core_fifo/dp_ram_ecc_inst/core_ram/mem_reg      | Implied   | 16 x 13              | RAM32M x 3  | 
|gals_node_wrapper:                         | RX_VC[0].rx_fifo/core_fifo/GEN_CTRL_RAM.dp_ram_ctrl_inst/mem_reg | Implied   | 16 x 5               | RAM32M x 1  | 
|gals_node_wrapper:                         | RX_VC[1].rx_fifo/core_fifo/dp_ram_ecc_inst/core_ram/mem_reg      | Implied   | 16 x 13              | RAM32M x 3  | 
|gals_node_wrapper:                         | RX_VC[1].rx_fifo/core_fifo/GEN_CTRL_RAM.dp_ram_ctrl_inst/mem_reg | Implied   | 16 x 5               | RAM32M x 1  | 
+-------------------------------------------+------------------------------------------------------------------+-----------+----------------------+-------------+

Note: The table above is a preliminary report that shows the Distributed RAMs at the current stage of the synthesis flow. Some Distributed RAMs may be reimplemented as non Distributed RAM primitives later in the synthesis flow. Multiple instantiated RAMs are reported only once.
---------------------------------------------------------------------------------
Finished ROM, RAM, DSP, Shift Register and Retiming Reporting
---------------------------------------------------------------------------------
---------------------------------------------------------------------------------
Start Applying XDC Timing Constraints
---------------------------------------------------------------------------------
---------------------------------------------------------------------------------
Finished Applying XDC Timing Constraints : Time (s): cpu = 00:02:31 ; elapsed = 00:02:41 . Memory (MB): peak = 1924.578 ; gain = 1154.500
---------------------------------------------------------------------------------
---------------------------------------------------------------------------------
Start Timing Optimization
---------------------------------------------------------------------------------
---------------------------------------------------------------------------------
Finished Timing Optimization : Time (s): cpu = 00:02:34 ; elapsed = 00:02:44 . Memory (MB): peak = 1924.578 ; gain = 1154.500
---------------------------------------------------------------------------------
---------------------------------------------------------------------------------
Start ROM, RAM, DSP, Shift Register and Retiming Reporting
---------------------------------------------------------------------------------

Distributed RAM: Final Mapping Report
+-------------------------------------------+------------------------------------------------------------------+-----------+----------------------+-------------+
|Module Name                                | RTL Object                                                       | Inference | Size (Depth x Width) | Primitives  | 
+-------------------------------------------+------------------------------------------------------------------+-----------+----------------------+-------------+
|uut_noc_top/\uut_noc/ROW[0].COL[0].router  | GEN_IN_BUF[1].in_buf/gen_vc_fifo[0].vc_fifo_inst/mem_reg         | Implied   | 16 x 13              | RAM32M x 3  | 
|uut_noc_top/\uut_noc/ROW[0].COL[0].router  | GEN_IN_BUF[1].in_buf/gen_vc_fifo[1].vc_fifo_inst/mem_reg         | Implied   | 16 x 13              | RAM32M x 3  | 
|uut_noc_top/\uut_noc/ROW[0].COL[0].router  | GEN_IN_BUF[3].in_buf/gen_vc_fifo[0].vc_fifo_inst/mem_reg         | Implied   | 16 x 13              | RAM32M x 3  | 
|uut_noc_top/\uut_noc/ROW[0].COL[0].router  | GEN_IN_BUF[3].in_buf/gen_vc_fifo[1].vc_fifo_inst/mem_reg         | Implied   | 16 x 13              | RAM32M x 3  | 
|uut_noc_top/\uut_noc/ROW[0].COL[1].router  | GEN_IN_BUF[0].in_buf/gen_vc_fifo[0].vc_fifo_inst/mem_reg         | Implied   | 16 x 13              | RAM32M x 3  | 
|uut_noc_top/\uut_noc/ROW[0].COL[1].router  | GEN_IN_BUF[0].in_buf/gen_vc_fifo[1].vc_fifo_inst/mem_reg         | Implied   | 16 x 13              | RAM32M x 3  | 
|uut_noc_top/\uut_noc/ROW[0].COL[1].router  | GEN_IN_BUF[1].in_buf/gen_vc_fifo[0].vc_fifo_inst/mem_reg         | Implied   | 16 x 13              | RAM32M x 3  | 
|uut_noc_top/\uut_noc/ROW[0].COL[1].router  | GEN_IN_BUF[1].in_buf/gen_vc_fifo[1].vc_fifo_inst/mem_reg         | Implied   | 16 x 13              | RAM32M x 3  | 
|uut_noc_top/\uut_noc/ROW[0].COL[1].router  | GEN_IN_BUF[4].in_buf/gen_vc_fifo[0].vc_fifo_inst/mem_reg         | Implied   | 16 x 13              | RAM32M x 3  | 
|uut_noc_top/\uut_noc/ROW[0].COL[1].router  | GEN_IN_BUF[4].in_buf/gen_vc_fifo[1].vc_fifo_inst/mem_reg         | Implied   | 16 x 13              | RAM32M x 3  | 
|uut_noc_top/\uut_noc/ROW[1].COL[0].router  | GEN_IN_BUF[0].in_buf/gen_vc_fifo[0].vc_fifo_inst/mem_reg         | Implied   | 16 x 13              | RAM32M x 3  | 
|uut_noc_top/\uut_noc/ROW[1].COL[0].router  | GEN_IN_BUF[0].in_buf/gen_vc_fifo[1].vc_fifo_inst/mem_reg         | Implied   | 16 x 13              | RAM32M x 3  | 
|uut_noc_top/\uut_noc/ROW[1].COL[0].router  | GEN_IN_BUF[2].in_buf/gen_vc_fifo[0].vc_fifo_inst/mem_reg         | Implied   | 16 x 13              | RAM32M x 3  | 
|uut_noc_top/\uut_noc/ROW[1].COL[0].router  | GEN_IN_BUF[2].in_buf/gen_vc_fifo[1].vc_fifo_inst/mem_reg         | Implied   | 16 x 13              | RAM32M x 3  | 
|uut_noc_top/\uut_noc/ROW[1].COL[0].router  | GEN_IN_BUF[3].in_buf/gen_vc_fifo[0].vc_fifo_inst/mem_reg         | Implied   | 16 x 13              | RAM32M x 3  | 
|uut_noc_top/\uut_noc/ROW[1].COL[0].router  | GEN_IN_BUF[3].in_buf/gen_vc_fifo[1].vc_fifo_inst/mem_reg         | Implied   | 16 x 13              | RAM32M x 3  | 
|uut_noc_top/\uut_noc/ROW[1].COL[1].router  | GEN_IN_BUF[0].in_buf/gen_vc_fifo[0].vc_fifo_inst/mem_reg         | Implied   | 16 x 13              | RAM32M x 3  | 
|uut_noc_top/\uut_noc/ROW[1].COL[1].router  | GEN_IN_BUF[0].in_buf/gen_vc_fifo[1].vc_fifo_inst/mem_reg         | Implied   | 16 x 13              | RAM32M x 3  | 
|uut_noc_top/\uut_noc/ROW[1].COL[1].router  | GEN_IN_BUF[2].in_buf/gen_vc_fifo[0].vc_fifo_inst/mem_reg         | Implied   | 16 x 13              | RAM32M x 3  | 
|uut_noc_top/\uut_noc/ROW[1].COL[1].router  | GEN_IN_BUF[2].in_buf/gen_vc_fifo[1].vc_fifo_inst/mem_reg         | Implied   | 16 x 13              | RAM32M x 3  | 
|uut_noc_top/\uut_noc/ROW[1].COL[1].router  | GEN_IN_BUF[4].in_buf/gen_vc_fifo[0].vc_fifo_inst/mem_reg         | Implied   | 16 x 13              | RAM32M x 3  | 
|uut_noc_top/\uut_noc/ROW[1].COL[1].router  | GEN_IN_BUF[4].in_buf/gen_vc_fifo[1].vc_fifo_inst/mem_reg         | Implied   | 16 x 13              | RAM32M x 3  | 
|gals_node_wrapper:                         | RX_VC[0].rx_fifo/core_fifo/dp_ram_ecc_inst/core_ram/mem_reg      | Implied   | 16 x 13              | RAM32M x 3  | 
|gals_node_wrapper:                         | RX_VC[0].rx_fifo/core_fifo/GEN_CTRL_RAM.dp_ram_ctrl_inst/mem_reg | Implied   | 16 x 5               | RAM32M x 1  | 
|gals_node_wrapper:                         | RX_VC[1].rx_fifo/core_fifo/dp_ram_ecc_inst/core_ram/mem_reg      | Implied   | 16 x 13              | RAM32M x 3  | 
|gals_node_wrapper:                         | RX_VC[1].rx_fifo/core_fifo/GEN_CTRL_RAM.dp_ram_ctrl_inst/mem_reg | Implied   | 16 x 5               | RAM32M x 1  | 
|gals_node_wrapper:                         | TX_VC[0].tx_fifo/core_fifo/dp_ram_ecc_inst/core_ram/mem_reg      | Implied   | 16 x 13              | RAM32M x 3  | 
|gals_node_wrapper:                         | TX_VC[0].tx_fifo/core_fifo/GEN_CTRL_RAM.dp_ram_ctrl_inst/mem_reg | Implied   | 16 x 5               | RAM32M x 1  | 
|gals_node_wrapper:                         | TX_VC[1].tx_fifo/core_fifo/dp_ram_ecc_inst/core_ram/mem_reg      | Implied   | 16 x 13              | RAM32M x 3  | 
|gals_node_wrapper:                         | TX_VC[1].tx_fifo/core_fifo/GEN_CTRL_RAM.dp_ram_ctrl_inst/mem_reg | Implied   | 16 x 5               | RAM32M x 1  | 
|gals_node_wrapper:                         | RX_VC[0].rx_fifo/core_fifo/dp_ram_ecc_inst/core_ram/mem_reg      | Implied   | 16 x 13              | RAM32M x 3  | 
|gals_node_wrapper:                         | RX_VC[0].rx_fifo/core_fifo/GEN_CTRL_RAM.dp_ram_ctrl_inst/mem_reg | Implied   | 16 x 5               | RAM32M x 1  | 
|gals_node_wrapper:                         | RX_VC[1].rx_fifo/core_fifo/dp_ram_ecc_inst/core_ram/mem_reg      | Implied   | 16 x 13              | RAM32M x 3  | 
|gals_node_wrapper:                         | RX_VC[1].rx_fifo/core_fifo/GEN_CTRL_RAM.dp_ram_ctrl_inst/mem_reg | Implied   | 16 x 5               | RAM32M x 1  | 
|gals_node_wrapper:                         | TX_VC[0].tx_fifo/core_fifo/dp_ram_ecc_inst/core_ram/mem_reg      | Implied   | 16 x 13              | RAM32M x 3  | 
|gals_node_wrapper:                         | TX_VC[0].tx_fifo/core_fifo/GEN_CTRL_RAM.dp_ram_ctrl_inst/mem_reg | Implied   | 16 x 5               | RAM32M x 1  | 
|gals_node_wrapper:                         | TX_VC[1].tx_fifo/core_fifo/dp_ram_ecc_inst/core_ram/mem_reg      | Implied   | 16 x 13              | RAM32M x 3  | 
|gals_node_wrapper:                         | TX_VC[1].tx_fifo/core_fifo/GEN_CTRL_RAM.dp_ram_ctrl_inst/mem_reg | Implied   | 16 x 5               | RAM32M x 1  | 
|gals_node_wrapper:                         | RX_VC[0].rx_fifo/core_fifo/dp_ram_ecc_inst/core_ram/mem_reg      | Implied   | 16 x 13              | RAM32M x 3  | 
|gals_node_wrapper:                         | RX_VC[0].rx_fifo/core_fifo/GEN_CTRL_RAM.dp_ram_ctrl_inst/mem_reg | Implied   | 16 x 5               | RAM32M x 1  | 
|gals_node_wrapper:                         | RX_VC[1].rx_fifo/core_fifo/dp_ram_ecc_inst/core_ram/mem_reg      | Implied   | 16 x 13              | RAM32M x 3  | 
|gals_node_wrapper:                         | RX_VC[1].rx_fifo/core_fifo/GEN_CTRL_RAM.dp_ram_ctrl_inst/mem_reg | Implied   | 16 x 5               | RAM32M x 1  | 
|gals_node_wrapper:                         | TX_VC[0].tx_fifo/core_fifo/dp_ram_ecc_inst/core_ram/mem_reg      | Implied   | 16 x 13              | RAM32M x 3  | 
|gals_node_wrapper:                         | TX_VC[0].tx_fifo/core_fifo/GEN_CTRL_RAM.dp_ram_ctrl_inst/mem_reg | Implied   | 16 x 5               | RAM32M x 1  | 
|gals_node_wrapper:                         | TX_VC[1].tx_fifo/core_fifo/dp_ram_ecc_inst/core_ram/mem_reg      | Implied   | 16 x 13              | RAM32M x 3  | 
|gals_node_wrapper:                         | TX_VC[1].tx_fifo/core_fifo/GEN_CTRL_RAM.dp_ram_ctrl_inst/mem_reg | Implied   | 16 x 5               | RAM32M x 1  | 
|gals_node_wrapper:                         | RX_VC[0].rx_fifo/core_fifo/dp_ram_ecc_inst/core_ram/mem_reg      | Implied   | 16 x 13              | RAM32M x 3  | 
|gals_node_wrapper:                         | RX_VC[0].rx_fifo/core_fifo/GEN_CTRL_RAM.dp_ram_ctrl_inst/mem_reg | Implied   | 16 x 5               | RAM32M x 1  | 
|gals_node_wrapper:                         | RX_VC[1].rx_fifo/core_fifo/dp_ram_ecc_inst/core_ram/mem_reg      | Implied   | 16 x 13              | RAM32M x 3  | 
|gals_node_wrapper:                         | RX_VC[1].rx_fifo/core_fifo/GEN_CTRL_RAM.dp_ram_ctrl_inst/mem_reg | Implied   | 16 x 5               | RAM32M x 1  | 
+-------------------------------------------+------------------------------------------------------------------+-----------+----------------------+-------------+

---------------------------------------------------------------------------------
Finished ROM, RAM, DSP, Shift Register and Retiming Reporting
---------------------------------------------------------------------------------
---------------------------------------------------------------------------------
Start Technology Mapping
---------------------------------------------------------------------------------
---------------------------------------------------------------------------------
Finished Technology Mapping : Time (s): cpu = 00:02:39 ; elapsed = 00:02:49 . Memory (MB): peak = 1924.578 ; gain = 1154.500
---------------------------------------------------------------------------------
---------------------------------------------------------------------------------
Start IO Insertion
---------------------------------------------------------------------------------
---------------------------------------------------------------------------------
Start Flattening Before IO Insertion
---------------------------------------------------------------------------------
---------------------------------------------------------------------------------
Finished Flattening Before IO Insertion
---------------------------------------------------------------------------------
---------------------------------------------------------------------------------
Start Final Netlist Cleanup
---------------------------------------------------------------------------------
---------------------------------------------------------------------------------
Finished Final Netlist Cleanup
---------------------------------------------------------------------------------
---------------------------------------------------------------------------------
Finished IO Insertion : Time (s): cpu = 00:02:46 ; elapsed = 00:02:56 . Memory (MB): peak = 1945.961 ; gain = 1175.883
---------------------------------------------------------------------------------
---------------------------------------------------------------------------------
Start Renaming Generated Instances
---------------------------------------------------------------------------------
---------------------------------------------------------------------------------
Finished Renaming Generated Instances : Time (s): cpu = 00:02:46 ; elapsed = 00:02:56 . Memory (MB): peak = 1945.961 ; gain = 1175.883
---------------------------------------------------------------------------------
---------------------------------------------------------------------------------
Start Rebuilding User Hierarchy
---------------------------------------------------------------------------------
---------------------------------------------------------------------------------
Finished Rebuilding User Hierarchy : Time (s): cpu = 00:02:47 ; elapsed = 00:02:58 . Memory (MB): peak = 1945.961 ; gain = 1175.883
---------------------------------------------------------------------------------
---------------------------------------------------------------------------------
Start Renaming Generated Ports
---------------------------------------------------------------------------------
---------------------------------------------------------------------------------
Finished Renaming Generated Ports : Time (s): cpu = 00:02:47 ; elapsed = 00:02:58 . Memory (MB): peak = 1945.961 ; gain = 1175.883
---------------------------------------------------------------------------------
---------------------------------------------------------------------------------
Start Handling Custom Attributes
---------------------------------------------------------------------------------
---------------------------------------------------------------------------------
Finished Handling Custom Attributes : Time (s): cpu = 00:02:47 ; elapsed = 00:02:58 . Memory (MB): peak = 1945.961 ; gain = 1175.883
---------------------------------------------------------------------------------
---------------------------------------------------------------------------------
Start Renaming Generated Nets
---------------------------------------------------------------------------------
---------------------------------------------------------------------------------
Finished Renaming Generated Nets : Time (s): cpu = 00:02:47 ; elapsed = 00:02:58 . Memory (MB): peak = 1945.961 ; gain = 1175.883
---------------------------------------------------------------------------------
---------------------------------------------------------------------------------
Start Writing Synthesis Report
---------------------------------------------------------------------------------

Report BlackBoxes: 
+------+--------------+----------+
|      |BlackBox name |Instances |
+------+--------------+----------+
|1     |clk_wiz_0     |         1|
+------+--------------+----------+

Report Cell Usage: 
+------+---------+------+
|      |Cell     |Count |
+------+---------+------+
|1     |clk_wiz  |     1|
|2     |CARRY4   |   251|
|3     |LUT1     |   100|
|4     |LUT2     |   557|
|5     |LUT3     |   464|
|6     |LUT4     |   767|
|7     |LUT5     |   811|
|8     |LUT6     |  1141|
|9     |MUXF7    |    19|
|10    |RAM32M   |    84|
|11    |RAM32X1D |    20|
|12    |FDCE     |  2859|
|13    |FDPE     |    76|
|14    |FDRE     |   234|
|15    |IBUF     |     1|
|16    |OBUF     |     5|
+------+---------+------+
---------------------------------------------------------------------------------
Finished Writing Synthesis Report : Time (s): cpu = 00:02:47 ; elapsed = 00:02:58 . Memory (MB): peak = 1945.961 ; gain = 1175.883
---------------------------------------------------------------------------------
Synthesis finished with 0 errors, 0 critical warnings and 12 warnings.
Synthesis Optimization Runtime : Time (s): cpu = 00:02:27 ; elapsed = 00:02:51 . Memory (MB): peak = 1945.961 ; gain = 1108.859
Synthesis Optimization Complete : Time (s): cpu = 00:02:48 ; elapsed = 00:02:58 . Memory (MB): peak = 1945.961 ; gain = 1175.883
INFO: [Project 1-571] Translating synthesized netlist
Netlist sorting complete. Time (s): cpu = 00:00:00 ; elapsed = 00:00:00.213 . Memory (MB): peak = 1958.359 ; gain = 0.000
INFO: [Netlist 29-17] Analyzing 374 Unisim elements for replacement
INFO: [Netlist 29-28] Unisim Transformation completed in 0 CPU seconds
INFO: [Project 1-570] Preparing netlist for logic optimization
INFO: [Opt 31-138] Pushed 0 inverter(s) to 0 load pin(s).
Netlist sorting complete. Time (s): cpu = 00:00:00 ; elapsed = 00:00:00.007 . Memory (MB): peak = 1962.324 ; gain = 0.000
INFO: [Project 1-111] Unisim Transformation Summary:
  A total of 104 instances were transformed.
  RAM32M => RAM32M (RAMD32(x6), RAMS32(x2)): 84 instances
  RAM32X1D => RAM32X1D (RAMD32(x2)): 20 instances

Synth Design complete | Checksum: b09a5e54
INFO: [Common 17-83] Releasing license: Synthesis
93 Infos, 25 Warnings, 0 Critical Warnings and 0 Errors encountered.
synth_design completed successfully
synth_design: Time (s): cpu = 00:02:58 ; elapsed = 00:03:15 . Memory (MB): peak = 1962.324 ; gain = 1396.734
Write ShapeDB Complete: Time (s): cpu = 00:00:00 ; elapsed = 00:00:00.028 . Memory (MB): peak = 1962.324 ; gain = 0.000
INFO: [Common 17-1381] The checkpoint 'D:/OpalFolder/MyOwnProject/FPGA/GALS_Packet-Based_Fabric/GALS_Packet-Based_Fabric.runs/synth_1/arty_stress_top.dcp' has been generated.
INFO: [Vivado 12-24828] Executing command : report_utilization -file arty_stress_top_utilization_synth.rpt -pb arty_stress_top_utilization_synth.pb
INFO: [Common 17-206] Exiting Vivado at Tue Aug 18 18:35:56 2026...
